# TOTAL_GENES = 11758
# TEST_DIRECTION = one-sided, positive (set), one-sided, positive (covar)
# CONDITIONED_INTERNAL = gene size, gene density, sample size, inverse mac, log(gene size), log(gene density), log(sample size), log(inverse mac)
# CONDITIONED_HIDDEN = Average (covar)
VARIABLE      TYPE  NGENES         BETA     BETA_STD           SE            P
x1           COVAR   11758     0.015714     0.019752     0.037651      0.33821
x2           COVAR   11758     -0.11407     -0.15098     0.033365      0.99968
x3           COVAR   11758     0.010955     0.013352     0.040228      0.39269
x4           COVAR   11758     0.058071     0.072122     0.034851     0.047845
x5           COVAR   11758     0.017438      0.02341     0.025455      0.24666
x6           COVAR   11758    -0.036919    -0.045823     0.044625      0.79596
x7           COVAR   11758   -0.0067423   -0.0087883     0.031113      0.58578
x8           COVAR   11758     0.019479     0.024477     0.037897      0.30363
x9           COVAR   11758   0.00034321   0.00043961     0.036052       0.4962
x10          COVAR   11758    0.0029349    0.0036148     0.041877      0.47206
x11          COVAR   11758    -0.069256     -0.08938     0.036399      0.97145
x12          COVAR   11758    -0.049952    -0.061718     0.041656      0.88475
x13          COVAR   11758    -0.045812    -0.057679      0.03897      0.88011
x14          COVAR   11758    -0.029466    -0.038198     0.036012      0.79338
x15          COVAR   11758   -0.0077246   -0.0097296     0.032802      0.59309
x16          COVAR   11758     0.041097     0.054372     0.026761     0.062321
x17          COVAR   11758      0.13604      0.16102      0.04131   0.00049682
x18          COVAR   11758     0.012594     0.015641     0.031931      0.34665
x19          COVAR   11758      0.01032     0.013213     0.037623      0.39193
x20          COVAR   11758     0.056435     0.071102     0.036443     0.060752
x21          COVAR   11758     0.039611     0.048312     0.045348       0.1912
x22          COVAR   11758      -0.1074     -0.13716     0.039375      0.99681
x23          COVAR   11758   -0.0095115    -0.011849     0.038548      0.59745
x24          COVAR   11758  -6.3394e-05  -7.9055e-05     0.036833      0.50069
x25          COVAR   11758     0.017853     0.022328     0.038623      0.32197
x26          COVAR   11758    -0.036636    -0.045109     0.049785      0.76909
x27          COVAR   11758     0.033289     0.043357     0.034859      0.16981
x28          COVAR   11758    -0.031716    -0.038447      0.04452      0.76188
x29          COVAR   11758   -0.0040301   -0.0051158     0.037513      0.54278
x30          COVAR   11758     0.038913     0.047333     0.043117       0.1834
x31          COVAR   11758    -0.051051    -0.063332      0.04349      0.87976
x32          COVAR   11758     0.063315     0.080279     0.033798     0.030523
x33          COVAR   11758     0.029823     0.037044     0.032841      0.18193
x34          COVAR   11758    -0.036516    -0.045574     0.043249      0.80074
x35          COVAR   11758     0.049278     0.060044     0.038635      0.10108
x36          COVAR   11758     0.045383     0.056686     0.039444      0.12497
x37          COVAR   11758    -0.012845    -0.016322     0.038308       0.6313
x38          COVAR   11758     -0.12332     -0.15166     0.049172      0.99392
x39          COVAR   11758     0.014005      0.01788     0.035942       0.3484
x40          COVAR   11758   -0.0027679   -0.0034292     0.040142      0.52749
x41          COVAR   11758     0.012486     0.016001     0.037461      0.36945
x42          COVAR   11758     0.057891     0.075002     0.032484     0.037379
x43          COVAR   11758   -0.0032601   -0.0042319     0.035939      0.53614
x44          COVAR   11758     0.038192     0.047431     0.041806      0.18048
x45          COVAR   11758      0.04883     0.061602     0.033791     0.074231
x46          COVAR   11758    -0.091924     -0.11627      0.03726      0.99318
x47          COVAR   11758     0.030585     0.038884     0.032807      0.17561
x48          COVAR   11758    -0.032818    -0.041032     0.041215      0.78705
x49          COVAR   11758    -0.031425    -0.039529     0.038854      0.79067
x50          COVAR   11758    -0.066805    -0.085048     0.037094      0.96413
x51          COVAR   11758      0.10193      0.13068     0.033598    0.0012102
x52          COVAR   11758      0.04838     0.061204     0.034508     0.080475
x53          COVAR   11758      0.06618      0.08147     0.044295     0.067593
x54          COVAR   11758    -0.021605    -0.026651     0.039789      0.70643
x55          COVAR   11758     0.037529     0.049255     0.029138     0.098891
x56          COVAR   11758     0.042214     0.050905      0.04924      0.19565
x57          COVAR   11758     -0.10046     -0.12495     0.048082      0.98165
x58          COVAR   11758     0.054772     0.070391     0.029269     0.030661
x59          COVAR   11758    -0.017033    -0.020761     0.048342      0.63771
x60          COVAR   11758    -0.079073     -0.09835     0.044486      0.96224
x61          COVAR   11758    -0.015856    -0.019471     0.038026      0.66165
x62          COVAR   11758    -0.097764     -0.12044     0.047366      0.98048
x63          COVAR   11758      -0.0232    -0.030852     0.029261      0.78607
x64          COVAR   11758    -0.045299    -0.058072     0.036522      0.89255
x65          COVAR   11758    -0.028278    -0.036806     0.032777      0.80585
x66          COVAR   11758    0.0079171    0.0097701     0.038473      0.41848
x67          COVAR   11758     0.031405     0.040244       0.0301       0.1484
x68          COVAR   11758    -0.040622    -0.052423     0.038933      0.85161
x69          COVAR   11758     0.086539       0.1135     0.031595    0.0030859
x70          COVAR   11758      0.12074      0.15092     0.031882   7.6642e-05
x71          COVAR   11758     -0.07229    -0.089891     0.045548      0.94374
x72          COVAR   11758    -0.069608    -0.086579      0.04546      0.93713
x73          COVAR   11758     0.052902     0.064065     0.047463      0.13252
x74          COVAR   11758    -0.024653    -0.031579     0.040644      0.72792
x75          COVAR   11758     -0.03693    -0.045875     0.043601       0.8015
x76          COVAR   11758    0.0057065    0.0076459     0.027293      0.41719
x77          COVAR   11758     -0.13478     -0.16983     0.045998       0.9983
x78          COVAR   11758    -0.017545    -0.021417     0.037736      0.67901
x79          COVAR   11758    -0.010433    -0.013459     0.036755      0.61173
x80          COVAR   11758    -0.027964    -0.034858     0.044175      0.73664
x81          COVAR   11758     0.028879     0.037994     0.031838       0.1822
x82          COVAR   11758     0.062947      0.07999     0.032054     0.024788
x83          COVAR   11758   -0.0029003   -0.0038524     0.028565      0.54044
x84          COVAR   11758     0.025463     0.033218     0.035098      0.23408
x85          COVAR   11758    -0.010713    -0.013214      0.04506      0.59396
x86          COVAR   11758    -0.014213     -0.01847     0.037198       0.6488
x87          COVAR   11758     0.023406     0.029842     0.039083      0.27463
x88          COVAR   11758    -0.010334    -0.012678     0.042148      0.59685
x89          COVAR   11758    -0.068365    -0.085397     0.040019      0.95619
x90          COVAR   11758   0.00051823   0.00066274      0.03759       0.4945
x91          COVAR   11758     0.048196     0.061559     0.032255     0.067577
x92          COVAR   11758    -0.061608    -0.079992     0.032959      0.96919
x93          COVAR   11758    -0.017373    -0.022688      0.03239      0.70414
x94          COVAR   11758    -0.077246    -0.095546     0.045256      0.95606
x95          COVAR   11758    -0.027375    -0.036634     0.030362      0.81637
x96          COVAR   11758    0.0046545    0.0056738      0.04346      0.45736
x97          COVAR   11758     0.010294     0.013654     0.026931      0.35115
x98          COVAR   11758    -0.043187    -0.054831      0.03582      0.88601
x99          COVAR   11758    -0.058534    -0.075265     0.033897      0.95789
x100         COVAR   11758    -0.044929    -0.057737     0.037415      0.88508
x101         COVAR   11758    -0.026756    -0.032891     0.042238      0.73678
x102         COVAR   11758      -0.0248    -0.031642     0.030804      0.78961
x103         COVAR   11758     0.022065     0.027966     0.032559      0.24899
x104         COVAR   11758   -0.0032682   -0.0044892     0.029783      0.54369
x105         COVAR   11758    0.0066561    0.0084991     0.037604      0.42975
x106         COVAR   11758     0.018992     0.024008      0.03864      0.31153
x107         COVAR   11758    -0.083517     -0.10966     0.036942       0.9881
x108         COVAR   11758     0.028856     0.038254     0.025422      0.12819
x109         COVAR   11758    -0.025766    -0.033929     0.029915      0.80546
x110         COVAR   11758      0.12925      0.16507      0.03371   6.3338e-05
x111         COVAR   11758    -0.041998    -0.052215     0.040928      0.84758
x112         COVAR   11758     0.017888     0.022061     0.043885      0.34178
x113         COVAR   11758     0.055014     0.070574     0.033048     0.048002
x114         COVAR   11758    -0.041865    -0.052007     0.043776      0.83054
x115         COVAR   11758    -0.081191     -0.10535     0.038595      0.98229
x116         COVAR   11758     0.060888     0.079507     0.034127     0.037212
x117         COVAR   11758    -0.086761     -0.11085     0.038483      0.98791
x118         COVAR   11758    -0.073088    -0.092026     0.039494      0.96788
x119         COVAR   11758    -0.076186         -0.1     0.037155      0.97983
x120         COVAR   11758    0.0094656     0.011864      0.03311      0.38748
x121         COVAR   11758    -0.039211    -0.050432     0.037357      0.85304
x122         COVAR   11758     -0.07472    -0.096953     0.036414       0.9799
x123         COVAR   11758     0.013776     0.017437     0.035643      0.34956
x124         COVAR   11758    -0.051865    -0.067085     0.038686      0.90997
x125         COVAR   11758    -0.029095    -0.036358     0.042078      0.75535
x126         COVAR   11758    0.0086073     0.010648     0.039449      0.41364
x127         COVAR   11758     0.050829     0.064923     0.030223     0.046317
x128         COVAR   11758    -0.020167    -0.024882     0.045436      0.67142
x129         COVAR   11758    -0.032391    -0.039688     0.043956       0.7694
x130         COVAR   11758    -0.035008    -0.045299     0.033833      0.84959
x131         COVAR   11758    -0.021431    -0.027404      0.03895      0.70891
x132         COVAR   11758    -0.014117    -0.018875     0.029156      0.68587
x133         COVAR   11758     0.038023     0.048321     0.036258      0.14717
x134         COVAR   11758    -0.040811     -0.05076     0.045947      0.81278
x135         COVAR   11758     0.022962     0.029151     0.032797      0.24193
x136         COVAR   11758    -0.010787    -0.013746     0.036909      0.61495
x137         COVAR   11758     0.026344     0.033855     0.027338      0.16762
x138         COVAR   11758      0.11474      0.14287     0.035326   0.00058295
x139         COVAR   11758     0.052295      0.06555     0.039919     0.095104
x140         COVAR   11758     0.026529     0.032784     0.041693      0.26229
x141         COVAR   11758    -0.050701    -0.067316     0.033794      0.93322
x142         COVAR   11758     0.033081     0.040529     0.039864      0.20332
x143         COVAR   11758    -0.024695    -0.030474     0.044323      0.71128
x144         COVAR   11758     0.037268     0.046968     0.041222      0.18299
x145         COVAR   11758     -0.13907     -0.18176     0.040034      0.99974
x146         COVAR   11758    -0.094641     -0.11979     0.037871      0.99377
x147         COVAR   11758    -0.063203    -0.077901     0.046274      0.91399
x148         COVAR   11758      0.10224      0.12753      0.03533    0.0019074
x149         COVAR   11758      0.09335      0.11989     0.029462   0.00076825
x150         COVAR   11758     0.057581       0.0688     0.042549     0.087992
x151         COVAR   11758   -0.0058406   -0.0076849      0.03262      0.57105
x152         COVAR   11758    -0.023978    -0.029715     0.039068       0.7303
x153         COVAR   11758   -0.0050987   -0.0065234     0.028466      0.57107
x154         COVAR   11758     0.012735     0.015702     0.042273      0.38162
x155         COVAR   11758    -0.057577    -0.071557     0.043995      0.90467
x156         COVAR   11758    -0.035354    -0.046161     0.033906      0.85144
x157         COVAR   11758     0.007846     0.010084     0.035388      0.41227
x158         COVAR   11758    -0.014718     -0.01915     0.035433      0.66106
x159         COVAR   11758    -0.057387    -0.073198     0.041791      0.91514
x160         COVAR   11758     0.018977     0.023073      0.04579      0.33928
x161         COVAR   11758     0.024102     0.032269      0.02664      0.18281
x162         COVAR   11758     0.028443      0.03762     0.027092       0.1469
x163         COVAR   11758    -0.050056    -0.064214     0.035124      0.92293
x164         COVAR   11758    -0.017317    -0.022831     0.033875      0.69539
x165         COVAR   11758     0.026207     0.033219     0.038915      0.25034
x166         COVAR   11758     0.026058     0.033261     0.030858      0.19921
x167         COVAR   11758     0.054745     0.069631     0.035024     0.059035
x168         COVAR   11758  -0.00055723  -0.00069575     0.043397      0.50512
x169         COVAR   11758    -0.059942    -0.074091      0.04537      0.90676
x170         COVAR   11758    -0.031647    -0.041058     0.034024      0.82384
x171         COVAR   11758    -0.024922    -0.032737     0.029147      0.80373
x172         COVAR   11758     0.040037     0.048589     0.042333      0.17214
x173         COVAR   11758   -0.0087164    -0.010954     0.033744      0.60192
x174         COVAR   11758     0.020687     0.025744     0.043786      0.31831
x175         COVAR   11758     0.033348     0.044088     0.029966      0.13289
x176         COVAR   11758      0.01972     0.023867     0.047585      0.33929
x177         COVAR   11758    -0.074964    -0.094119     0.039009      0.97267
x178         COVAR   11758    0.0038423    0.0048833     0.037841      0.45956
x179         COVAR   11758     0.014692     0.019866     0.026372      0.28873
x180         COVAR   11758    -0.037828    -0.048669     0.037821      0.84138
x181         COVAR   11758    -0.024874    -0.031985     0.035881      0.75591
x182         COVAR   11758     -0.11334     -0.14218      0.03978      0.99781
x183         COVAR   11758     0.079237     0.098295     0.035071     0.011941
x184         COVAR   11758    -0.089721     -0.11908     0.037365      0.99182
x185         COVAR   11758    0.0024186    0.0033404     0.023155      0.45841
x186         COVAR   11758    -0.075314    -0.098309     0.034959      0.98438
x187         COVAR   11758   -0.0091045     -0.01151     0.038803      0.59275
x188         COVAR   11758    -0.040519    -0.050411      0.04067      0.84043
x189         COVAR   11758      0.03539       0.0439     0.044479      0.21312
x190         COVAR   11758        0.136      0.16112     0.041865   0.00058157
x191         COVAR   11758    -0.061232     -0.07903     0.035786      0.95645
x192         COVAR   11758    -0.067976    -0.084854     0.040148      0.95477
x193         COVAR   11758    -0.045859    -0.057972     0.039218      0.87885
x194         COVAR   11758     0.028064     0.035735     0.030276      0.17699
x195         COVAR   11758      -0.1101     -0.14038     0.039987      0.99705
x196         COVAR   11758     0.057989     0.072145     0.039569     0.071405
x197         COVAR   11758    -0.010329    -0.012658     0.041257      0.59884
x198         COVAR   11758    -0.025926    -0.034871     0.029174      0.81289
x199         COVAR   11758    0.0036228    0.0045309     0.039376      0.46335
x200         COVAR   11758    0.0039086    0.0048168     0.034697      0.45516
x201         COVAR   11758     -0.10499     -0.13199     0.040239      0.99546
x202         COVAR   11758     0.012575     0.016074     0.035489      0.36155
x203         COVAR   11758     0.014614      0.01855     0.032792      0.32793
x204         COVAR   11758    -0.025098    -0.031747     0.037088       0.7507
x205         COVAR   11758    -0.029179    -0.037258     0.041623      0.75835
x206         COVAR   11758    -0.035847    -0.045435     0.034572      0.85009
x207         COVAR   11758    0.0042714    0.0056614     0.031912      0.44676
x208         COVAR   11758     0.031571     0.041277     0.033155       0.1705
x209         COVAR   11758   -0.0083416    -0.010168     0.045177      0.57324
x210         COVAR   11758    -0.094966     -0.12635     0.036619      0.99524
x211         COVAR   11758   0.00075056   0.00095631     0.034475      0.49132
x212         COVAR   11758    -0.099869     -0.12712     0.036074      0.99718
x213         COVAR   11758     0.073332     0.090811     0.044786     0.050789
x214         COVAR   11758    -0.037787    -0.049967     0.032379      0.87839
x215         COVAR   11758    0.0067474    0.0083787     0.040581      0.43397
x216         COVAR   11758   -0.0023322    -0.002863     0.047341      0.51964
x217         COVAR   11758      0.02895     0.035924     0.039302      0.23069
x218         COVAR   11758     0.098847      0.12419     0.034365    0.0020149
x219         COVAR   11758    0.0054631    0.0070695     0.035522      0.43889
x220         COVAR   11758     0.031377     0.038174     0.036617      0.19576
x221         COVAR   11758    -0.030829    -0.039491     0.040515      0.77664
x222         COVAR   11758    -0.032233    -0.041626     0.038854       0.7966
x223         COVAR   11758     0.024649     0.031122      0.03639       0.2491
x224         COVAR   11758     -0.16593     -0.21899     0.038085      0.99999
x225         COVAR   11758     0.019015     0.024552     0.033955      0.28774
x226         COVAR   11758    -0.018392    -0.022658     0.038331      0.68431
x227         COVAR   11758     0.052073     0.066983     0.034804     0.067315
x228         COVAR   11758    0.0097241     0.012314     0.029479      0.37075
x229         COVAR   11758    0.0011739    0.0015095     0.035902      0.48696
x230         COVAR   11758    -0.015295    -0.019451     0.038188      0.65561
x231         COVAR   11758     -0.10672     -0.13592     0.039755      0.99636
x232         COVAR   11758     0.035098     0.042764     0.042248      0.20307
x233         COVAR   11758    -0.015181    -0.018784     0.034944      0.66801
x234         COVAR   11758      0.01403     0.017939     0.030743      0.32407
x235         COVAR   11758     0.021172      0.02712     0.030988      0.24723
x236         COVAR   11758     0.042203     0.054431     0.031786     0.092147
x237         COVAR   11758    -0.068166    -0.088683     0.039744      0.95682
x238         COVAR   11758     -0.08465     -0.11083     0.037509      0.98798
x239         COVAR   11758     0.050102     0.060349     0.047983      0.14821
x240         COVAR   11758     0.040588     0.052629     0.025868     0.058335
x241         COVAR   11758     0.074851     0.096816      0.03501      0.01627
x242         COVAR   11758    -0.090565     -0.11309     0.041353      0.98573
x243         COVAR   11758    -0.075833     -0.10022     0.036924      0.97999
x244         COVAR   11758     0.040913     0.053419     0.029701     0.084197
x245         COVAR   11758     0.078971     0.096341     0.035568     0.013209
x246         COVAR   11758     0.023758     0.028495     0.048745        0.313
x247         COVAR   11758    -0.017412    -0.021958     0.039287      0.67118
x248         COVAR   11758     -0.10321     -0.13368     0.041486      0.99357
x249         COVAR   11758     0.051626     0.066475     0.034631     0.068033
x250         COVAR   11758     0.045482     0.057929     0.031644     0.075331
x251         COVAR   11758     0.016928     0.022686     0.027316      0.26773
x252         COVAR   11758     0.023973     0.031287      0.02844      0.19964
x253         COVAR   11758    0.0069867    0.0085562     0.040346      0.43126
x254         COVAR   11758    -0.034361    -0.044608     0.038162      0.81604
x255         COVAR   11758    -0.034345    -0.042568     0.043782      0.78361
x256         COVAR   11758    0.0038065    0.0045991     0.048481      0.46871
x257         COVAR   11758     0.026184     0.032802     0.036518      0.23669
x258         COVAR   11758     0.017126      0.02176     0.037827      0.32537
x259         COVAR   11758    0.0034525    0.0044266     0.033433      0.45888
x260         COVAR   11758     0.082436     0.099575     0.045475     0.034947
x261         COVAR   11758   -0.0035457   -0.0046612     0.035139      0.54019
x262         COVAR   11758     0.048134      0.06164     0.030572     0.057703
x263         COVAR   11758    -0.034734    -0.043147     0.039885      0.80807
x264         COVAR   11758    -0.026142    -0.032072     0.039927      0.74368
x265         COVAR   11758    -0.074841    -0.094042     0.040124      0.96891
x266         COVAR   11758     0.044651     0.053727       0.0396      0.12977
x267         COVAR   11758     0.035938     0.048386     0.026384     0.086596
x268         COVAR   11758    -0.077126    -0.093792     0.045848      0.95372
x269         COVAR   11758     0.038746     0.051895       0.0276     0.080194
x270         COVAR   11758     0.084443      0.10756     0.034524    0.0072323
x271         COVAR   11758     0.016928     0.023201     0.024242       0.2425
x272         COVAR   11758    0.0025976    0.0033131     0.036181      0.47138
x273         COVAR   11758   -0.0056495   -0.0072878     0.035381      0.56343
x274         COVAR   11758    -0.087298     -0.10812     0.046138      0.97075
x275         COVAR   11758     -0.11763      -0.1537     0.036397      0.99938
x276         COVAR   11758    0.0026914    0.0032962     0.045047      0.47618
x277         COVAR   11758    0.0048338    0.0059749     0.046082      0.45823
x278         COVAR   11758     0.020621     0.026667     0.026743      0.22034
x279         COVAR   11758    -0.041737     -0.05155     0.038046      0.86367
x280         COVAR   11758     -0.11991     -0.15668     0.037018       0.9994
x281         COVAR   11758     -0.15209     -0.18921     0.050603      0.99867
x282         COVAR   11758     0.016363      0.02014     0.043974      0.35491
x283         COVAR   11758    -0.011743    -0.014567     0.044821      0.60334
x284         COVAR   11758    -0.024229    -0.029914     0.044907      0.70524
x285         COVAR   11758     0.010859     0.013965     0.031147      0.36369
x286         COVAR   11758     0.053773     0.064461     0.042316      0.10192
x287         COVAR   11758     0.037963     0.049143     0.033526      0.12876
x288         COVAR   11758    -0.018483    -0.022911     0.043663      0.66396
x289         COVAR   11758     0.029379     0.035636     0.047519      0.26821
x290         COVAR   11758     0.052017     0.067411      0.02918     0.037339
x291         COVAR   11758    -0.046006    -0.056353     0.045995      0.84139
x292         COVAR   11758    -0.040401    -0.051994     0.036988      0.86263
x293         COVAR   11758     0.059359     0.074857     0.039545     0.066684
x294         COVAR   11758    -0.053453    -0.066721     0.043785       0.8889
x295         COVAR   11758     -0.12046     -0.15393     0.039589      0.99882
x296         COVAR   11758    -0.021821    -0.026809     0.046106      0.68198
x297         COVAR   11758    -0.059221    -0.076468     0.039249      0.93432
x298         COVAR   11758    -0.016468    -0.020591     0.032867      0.69183
x299         COVAR   11758     0.034056     0.043409     0.031468      0.13959
x300         COVAR   11758     -0.03244    -0.041578      0.03567      0.81843
x301         COVAR   11758     0.059556     0.077566     0.029337     0.021188
x302         COVAR   11758    0.0080028     0.009887     0.035757      0.41146
x303         COVAR   11758    -0.080986     -0.10035     0.046382      0.95959
x304         COVAR   11758     0.022815     0.030876     0.023455      0.16537
x305         COVAR   11758     0.037558     0.047741     0.033332      0.12993
x306         COVAR   11758      0.02568     0.032788     0.032161       0.2123
x307         COVAR   11758     0.031581     0.038404     0.048177      0.25607
x308         COVAR   11758    0.0096118     0.011579     0.043289      0.41214
x309         COVAR   11758   0.00073128   0.00093179     0.036479        0.492
x310         COVAR   11758    -0.089169     -0.10953     0.046552      0.97227
x311         COVAR   11758     0.056789     0.070988     0.039125     0.073339
x312         COVAR   11758     0.052641     0.066289     0.038943      0.08824
x313         COVAR   11758   -0.0020753   -0.0025871      0.04299      0.51925
x314         COVAR   11758    -0.085897     -0.10883     0.039112      0.98595
x315         COVAR   11758   -0.0038035   -0.0048472     0.028969      0.55223
x316         COVAR   11758    -0.013494    -0.018553     0.025237      0.70357
x317         COVAR   11758    -0.036049    -0.046268     0.038705      0.82416
x318         COVAR   11758    0.0027367    0.0033981     0.040679      0.47318
x319         COVAR   11758  -3.2736e-05  -4.0953e-05     0.038185      0.50034
x320         COVAR   11758     0.039527     0.050265     0.039529      0.15868
x321         COVAR   11758    -0.035775    -0.046971     0.032035      0.86793
x322         COVAR   11758     0.031132     0.038582     0.041593      0.22709
x323         COVAR   11758    -0.076067    -0.094352     0.041174      0.96765
x324         COVAR   11758    -0.022751    -0.027832     0.044772      0.69432
x325         COVAR   11758     0.059928     0.074359      0.04023     0.068175
x326         COVAR   11758    -0.035784     -0.04406     0.047793      0.77298
x327         COVAR   11758     -0.05159    -0.066407     0.038294      0.91103
x328         COVAR   11758     0.049945     0.062192     0.039261      0.10168
x329         COVAR   11758     0.041015     0.051367     0.037481      0.13692
x330         COVAR   11758     0.020217     0.025463     0.038347      0.29902
x331         COVAR   11758     -0.14645     -0.19308       0.0379      0.99994
x332         COVAR   11758    -0.075789    -0.096347     0.036922      0.97994
x333         COVAR   11758     0.020778     0.026736     0.033631      0.26835
x334         COVAR   11758    -0.040594    -0.052582     0.035632      0.87269
x335         COVAR   11758    0.0051648    0.0067183     0.029953      0.43155
x336         COVAR   11758     0.097276      0.12182      0.03541    0.0030108
x337         COVAR   11758      0.11477      0.14351     0.036658   0.00087399
x338         COVAR   11758    -0.071788    -0.089254     0.045384      0.94314
x339         COVAR   11758     0.027884      0.03498     0.036828      0.22449
x340         COVAR   11758     0.028793     0.036446     0.034228      0.20013
x341         COVAR   11758     0.038942     0.050097     0.032532      0.11565
x342         COVAR   11758     0.018822     0.023766     0.031225      0.27333
x343         COVAR   11758     0.043027      0.05227     0.037004      0.12247
x344         COVAR   11758      0.02974     0.037162     0.041373      0.23613
x345         COVAR   11758    0.0063949    0.0077387     0.045901       0.4446
x346         COVAR   11758    -0.035994    -0.045339     0.039844      0.81683
x347         COVAR   11758     -0.10384     -0.12834     0.044993      0.98949
x348         COVAR   11758     0.024191      0.03112     0.036138      0.25162
x349         COVAR   11758    0.0025929    0.0032063     0.036167      0.47142
x350         COVAR   11758    -0.017516    -0.022509      0.03723      0.68099
x351         COVAR   11758    -0.086056     -0.10724     0.045535       0.9706
x352         COVAR   11758    -0.047486    -0.061625     0.037816      0.89537
x353         COVAR   11758     0.053655     0.064562      0.04254      0.10362
x354         COVAR   11758     0.051019     0.066085     0.030987     0.049846
x355         COVAR   11758     0.038014     0.047439     0.031666        0.115
x356         COVAR   11758     0.066691     0.083108     0.039622     0.046185
x357         COVAR   11758     0.073642     0.090288     0.045428     0.052515
x358         COVAR   11758   0.00086075    0.0010848     0.034202      0.48996
x359         COVAR   11758      0.10192      0.12896     0.034623    0.0016248
x360         COVAR   11758     0.032968     0.042764     0.027461      0.11498
x361         COVAR   11758     0.033587     0.042322     0.037767      0.18692
x362         COVAR   11758     -0.05809    -0.076128     0.032772      0.96184
x363         COVAR   11758     -0.13009     -0.16628      0.04002      0.99942
x364         COVAR   11758     0.010688     0.013534     0.039966      0.39457
x365         COVAR   11758     0.015547     0.019556     0.038173       0.3419
x366         COVAR   11758     0.037806     0.051587     0.024827     0.063922
x367         COVAR   11758     -0.10098     -0.12784     0.038989      0.99519
x368         COVAR   11758     0.042167     0.051129     0.049361      0.19649
x369         COVAR   11758     0.024466     0.031678     0.033588      0.23319
x370         COVAR   11758     0.024573     0.031712     0.033893      0.23422
x371         COVAR   11758    -0.015819    -0.019755     0.044281      0.63954
x372         COVAR   11758     0.065723     0.079476     0.038016     0.041935
x373         COVAR   11758    -0.035323    -0.045737     0.034792        0.845
x374         COVAR   11758   0.00060247   0.00080206     0.030227      0.49205
x375         COVAR   11758     0.045644     0.057136     0.035691      0.10048
x376         COVAR   11758     0.035967     0.046638     0.032333        0.133
x377         COVAR   11758     0.011952     0.015092     0.035506       0.3682
x378         COVAR   11758   -0.0099517    -0.012893     0.032366      0.62075
x379         COVAR   11758    -0.081333     -0.10301     0.037825      0.98422
x380         COVAR   11758    -0.029755     -0.03784     0.039009       0.7772
x381         COVAR   11758      0.02227     0.028575     0.027871      0.21215
x382         COVAR   11758     0.041488     0.053656     0.027486     0.065613
x383         COVAR   11758   -0.0026216   -0.0032402     0.044402      0.52354
x384         COVAR   11758    -0.010098    -0.012574     0.040789      0.59776
x385         COVAR   11758     0.098563      0.12618     0.032942    0.0013886
x386         COVAR   11758    -0.032317    -0.040023     0.046497      0.75648
x387         COVAR   11758    0.0070484    0.0093104     0.030613      0.40895
x388         COVAR   11758    0.0052864    0.0066436     0.037832      0.44444
x389         COVAR   11758     0.023848     0.030371     0.033017      0.23507
x390         COVAR   11758     -0.11247     -0.14529     0.040752       0.9971
x391         COVAR   11758     0.030916     0.038781     0.033293      0.17656
x392         COVAR   11758    -0.011654     -0.01461     0.036909       0.6239
x393         COVAR   11758   -0.0095559    -0.011967     0.037665      0.60014
x394         COVAR   11758     0.018223     0.022074     0.044012      0.33943
x395         COVAR   11758     0.051691     0.066694     0.030191     0.043451
x396         COVAR   11758     0.029632     0.038332      0.02866      0.15059
x397         COVAR   11758      0.12771      0.16132     0.035027   0.00013378
x398         COVAR   11758     -0.19918     -0.25131     0.046311      0.99999
x399         COVAR   11758    -0.069492    -0.084316     0.047785      0.92705
x400         COVAR   11758    -0.029789    -0.039839     0.030729      0.83382
x401         COVAR   11758      0.02566     0.033141     0.031177      0.20526
x402         COVAR   11758     -0.10905     -0.13979     0.039228      0.99728
x403         COVAR   11758      0.01241     0.015746     0.035343      0.36275
x404         COVAR   11758     0.032098     0.039679     0.040414      0.21354
x405         COVAR   11758    -0.033844    -0.043617     0.036135      0.82551
x406         COVAR   11758    -0.039539    -0.050402     0.037689      0.85291
x407         COVAR   11758   -0.0039124   -0.0047633     0.043552      0.53579
x408         COVAR   11758     0.021209     0.027721     0.031674      0.25156
x409         COVAR   11758    -0.073121    -0.090499     0.045731      0.94507
x410         COVAR   11758    -0.039958    -0.052623     0.033912      0.88064
x411         COVAR   11758     0.059356     0.073614     0.043259     0.085028
x412         COVAR   11758    -0.010789    -0.013876     0.034093      0.62416
x413         COVAR   11758     0.047001     0.058558     0.042288       0.1332
x414         COVAR   11758     0.001279    0.0017025     0.028532      0.48212
x415         COVAR   11758     0.026915     0.036754     0.024588      0.13684
x416         COVAR   11758    0.0052424    0.0067358     0.036987      0.44365
x417         COVAR   11758    -0.026854    -0.033111     0.037687      0.76193
x418         COVAR   11758     0.027463     0.033704     0.040307      0.24784
x419         COVAR   11758     0.012527     0.015264     0.043663      0.38709
x420         COVAR   11758    -0.039792    -0.051123     0.037801      0.85374
x421         COVAR   11758    -0.016592    -0.021226     0.037118      0.67257
x422         COVAR   11758    -0.024944    -0.030606     0.037244      0.74848
x423         COVAR   11758    -0.009048    -0.011553      0.03546       0.6007
x424         COVAR   11758    -0.031661    -0.039988      0.03628      0.80857
x425         COVAR   11758     0.016583     0.020582     0.040512      0.34115
x426         COVAR   11758    -0.042185    -0.056681     0.030421      0.91722
x427         COVAR   11758   -0.0033509   -0.0042529      0.03771       0.5354
x428         COVAR   11758     0.002344    0.0029492     0.036706      0.47454
x429         COVAR   11758    0.0057134    0.0073248     0.035934      0.43684
x430         COVAR   11758    -0.010872    -0.014092     0.032139      0.63242
x431         COVAR   11758    -0.074744    -0.098491     0.036837      0.97876
x432         COVAR   11758     0.032274     0.040689     0.031054      0.14935
x433         COVAR   11758     0.016125     0.020203     0.032844      0.31173
x434         COVAR   11758      0.05166     0.064471     0.040187     0.099321
x435         COVAR   11758     0.034113     0.045626     0.025844     0.093432
x436         COVAR   11758   -0.0088916    -0.011056     0.039516      0.58901
x437         COVAR   11758     0.092885      0.12042     0.030266    0.0010767
x438         COVAR   11758      0.05005     0.060326     0.040931      0.11072
x439         COVAR   11758     0.042369     0.051079     0.047819      0.18781
x440         COVAR   11758    -0.016264    -0.019771     0.044764      0.64181
x441         COVAR   11758    -0.029235    -0.036503     0.043127      0.75107
x442         COVAR   11758     0.099726      0.12797     0.032328    0.0010209
x443         COVAR   11758    0.0069412    0.0088711     0.033872      0.41882
x444         COVAR   11758    0.0067914    0.0091209     0.026174      0.39764
x445         COVAR   11758     0.021389     0.029737     0.021804      0.16332
x446         COVAR   11758     -0.10244     -0.12767     0.045373      0.98801
x447         COVAR   11758     0.015859     0.020166     0.039683      0.34472
x448         COVAR   11758     0.027265     0.038192     0.021584      0.10328
x449         COVAR   11758     0.030356     0.037269     0.038909      0.21765
x450         COVAR   11758    -0.078401     -0.10056     0.037742       0.9811
x451         COVAR   11758     0.028851     0.036824     0.029761      0.16617
x452         COVAR   11758     0.023389     0.029739     0.040735      0.28293
x453         COVAR   11758    -0.032695    -0.042651     0.028494      0.87439
x454         COVAR   11758    -0.055881    -0.071577     0.036354      0.93785
x455         COVAR   11758     0.034696     0.043061     0.041201      0.19987
x456         COVAR   11758    -0.035515    -0.044833      0.04153      0.80376
x457         COVAR   11758   -0.0034013   -0.0042445     0.042268      0.53207
x458         COVAR   11758     0.071982     0.086135     0.042824     0.046409
x459         COVAR   11758    -0.091173     -0.11894     0.034572      0.99581
x460         COVAR   11758      -0.1087     -0.13533     0.040374      0.99645
x461         COVAR   11758    -0.038005    -0.047347     0.044708      0.80235
x462         COVAR   11758    0.0089603     0.011053     0.044799      0.42074
x463         COVAR   11758     0.010933     0.013887     0.032972      0.37011
x464         COVAR   11758     0.055942     0.070552     0.037885     0.069904
x465         COVAR   11758    -0.076106    -0.095094     0.040514      0.96983
x466         COVAR   11758    0.0074463    0.0099201     0.031429      0.40636
x467         COVAR   11758   -0.0068521   -0.0085232     0.039615      0.56866
x468         COVAR   11758    -0.028508    -0.036752     0.038167      0.77244
x469         COVAR   11758     0.011404     0.015294       0.0269      0.33581
x470         COVAR   11758     0.039035     0.050341     0.033925      0.12495
x471         COVAR   11758    -0.028323    -0.037262     0.031866      0.81294
x472         COVAR   11758    -0.037291    -0.047462     0.034125      0.86274
x473         COVAR   11758     0.023878     0.031015     0.034266      0.24296
x474         COVAR   11758     0.061738     0.081742     0.025085    0.0069326
x475         COVAR   11758  -0.00058858  -0.00075832       0.0391      0.50601
x476         COVAR   11758    0.0089655     0.010999     0.037462      0.40543
x477         COVAR   11758    0.0055081     0.007201      0.02883      0.42424
x478         COVAR   11758    -0.048176    -0.062822     0.033785      0.92304
x479         COVAR   11758    -0.080654     -0.10319     0.035595      0.98826
x480         COVAR   11758    -0.071863    -0.089974     0.039292      0.96628
x481         COVAR   11758    -0.074113    -0.095689     0.037246      0.97668
x482         COVAR   11758     0.033442     0.042405     0.033978      0.16251
x483         COVAR   11758     0.029245       0.0378     0.033099      0.18848
x484         COVAR   11758     -0.01355    -0.017433     0.034267      0.65373
x485         COVAR   11758    -0.033149    -0.041669     0.041701      0.78666
x486         COVAR   11758     0.016613     0.020656     0.039479      0.33695
x487         COVAR   11758   -0.0086127    -0.011093     0.032716      0.60382
x488         COVAR   11758     -0.11895     -0.15547     0.035658      0.99957
x489         COVAR   11758     0.056317     0.070815     0.039933     0.079239
x490         COVAR   11758   0.00034712   0.00042258     0.044603       0.4969
x491         COVAR   11758      0.09074      0.11454      0.03463    0.0043987
x492         COVAR   11758     0.083645      0.10584     0.031473    0.0039395
x493         COVAR   11758    0.0015756     0.002072     0.034788      0.48194
x494         COVAR   11758    -0.082691     -0.10507     0.039564      0.98168
x495         COVAR   11758    -0.029124    -0.036006     0.041289       0.7597
x496         COVAR   11758     0.089848      0.11375     0.035447    0.0056338
x497         COVAR   11758    -0.030162    -0.038515     0.038778      0.78165
x498         COVAR   11758     0.042507     0.053789     0.035828      0.11774
x499         COVAR   11758     0.015069      0.01867     0.039114      0.35003
x500         COVAR   11758    -0.068894    -0.086079     0.039832      0.95814
x501         COVAR   11758       0.0203     0.025345     0.037462      0.29395
x502         COVAR   11758     0.016654     0.020961     0.036705      0.32502
x503         COVAR   11758    -0.028674    -0.036984     0.039354      0.76688
x504         COVAR   11758    -0.095049     -0.11994     0.039644      0.99174
x505         COVAR   11758    0.0030251    0.0036791     0.042644      0.47172
x506         COVAR   11758    -0.038827    -0.050628     0.034428      0.87028
x507         COVAR   11758    0.0039281    0.0049771      0.03751       0.4583
x508         COVAR   11758    -0.045312    -0.056465     0.036837      0.89065
x509         COVAR   11758    0.0022809    0.0028554     0.037594      0.47581
x510         COVAR   11758     0.014387     0.019062     0.034056      0.33635
x511         COVAR   11758   -0.0058791   -0.0074354     0.038337      0.56094
x512         COVAR   11758     -0.02901    -0.037267     0.037567         0.78
x513         COVAR   11758     0.042963     0.053276     0.035484        0.113
x514         COVAR   11758     0.023482     0.029491     0.036267      0.25867
x515         COVAR   11758     0.043575     0.054783     0.037377      0.12185
x516         COVAR   11758    -0.040601    -0.053515      0.03293      0.89119
x517         COVAR   11758      0.03008     0.039068     0.026835      0.13117
x518         COVAR   11758     0.017871     0.024313     0.023611      0.22456
x519         COVAR   11758     0.022357     0.027903     0.031793      0.24098
x520         COVAR   11758     -0.15802     -0.20824     0.039339      0.99997
x521         COVAR   11758     0.021262     0.027255     0.032288      0.25511
x522         COVAR   11758     0.067812     0.087801     0.027786    0.0073406
x523         COVAR   11758     0.025623     0.031655     0.037481      0.24712
x524         COVAR   11758    0.0091718     0.011627     0.033875      0.39329
x525         COVAR   11758   -0.0050161   -0.0062554     0.038972      0.55121
x526         COVAR   11758    0.0029285    0.0036738     0.040088      0.47088
x527         COVAR   11758     -0.11804     -0.14906     0.046041      0.99482
x528         COVAR   11758    -0.086757     -0.10744     0.045972      0.97042
x529         COVAR   11758    -0.038785    -0.048883     0.036841      0.85377
x530         COVAR   11758     0.070483     0.087958     0.036086     0.025409
x531         COVAR   11758    -0.023089    -0.029291     0.038774      0.72423
x532         COVAR   11758     0.051143      0.07403     0.018428    0.0027625
x533         COVAR   11758    0.0072555    0.0092169     0.032374      0.41134
x534         COVAR   11758     0.029365     0.038281     0.031325      0.17428
x535         COVAR   11758    -0.036913    -0.046206     0.031165      0.88187
x536         COVAR   11758     0.049477     0.063682      0.02953     0.046936
x537         COVAR   11758    -0.025279    -0.031166     0.040721      0.73263
x538         COVAR   11758    -0.014162    -0.017461     0.045913      0.62113
x539         COVAR   11758      -0.1494     -0.19633     0.036777      0.99998
x540         COVAR   11758    -0.025355    -0.032303     0.037371      0.75125
x541         COVAR   11758    -0.085884       -0.106     0.042183      0.97911
x542         COVAR   11758    -0.031131    -0.039916     0.037609      0.79609
x543         COVAR   11758    -0.016412    -0.020401     0.043576      0.64677
x544         COVAR   11758     -0.07966     -0.10541     0.030316       0.9957
x545         COVAR   11758    -0.094273     -0.11686     0.045819      0.98017
x546         COVAR   11758     0.018767     0.023351     0.033747      0.28907
x547         COVAR   11758    -0.025953    -0.031977     0.038963      0.74732
x548         COVAR   11758    -0.040713    -0.050723     0.040541      0.84236
x549         COVAR   11758    -0.016625     -0.02047     0.039489      0.66312
x550         COVAR   11758     0.020358     0.028446     0.022912      0.18713
x551         COVAR   11758     0.077205      0.10208     0.031019    0.0064127
x552         COVAR   11758     0.043064     0.054887     0.031676     0.087007
x553         COVAR   11758     0.010993     0.013901     0.038561       0.3878
x554         COVAR   11758    -0.047943    -0.060857     0.037134      0.90165
x555         COVAR   11758    -0.018414    -0.023148     0.041175      0.67264
x556         COVAR   11758     0.096591      0.12384     0.037978    0.0054964
x557         COVAR   11758     0.025648     0.031788     0.039586      0.25853
x558         COVAR   11758      -0.1226     -0.15901     0.036744      0.99957
x559         COVAR   11758     0.062796      0.07812     0.037886     0.048725
x560         COVAR   11758    -0.080428     -0.10697     0.033892      0.99117
x561         COVAR   11758      0.02464     0.030716     0.043476      0.28545
x562         COVAR   11758     0.017433     0.022087     0.035637      0.31236
x563         COVAR   11758     0.024687     0.031183     0.030894      0.21212
x564         COVAR   11758    -0.043359    -0.053942     0.044681      0.83407
x565         COVAR   11758    -0.029146    -0.037724     0.033939      0.80476
x566         COVAR   11758     0.062223      0.07966      0.03254     0.027938
x567         COVAR   11758     0.023772     0.030898     0.035884      0.25384
x568         COVAR   11758    -0.023319    -0.030332     0.034787      0.74867
x569         COVAR   11758    -0.032743    -0.042253     0.035168      0.82408
x570         COVAR   11758    -0.060466    -0.076146     0.039627      0.93646
x571         COVAR   11758     0.014712      0.01845     0.034515      0.33496
x572         COVAR   11758    -0.016997    -0.022596     0.031102      0.70763
x573         COVAR   11758     0.078298      0.10037     0.031174    0.0060155
x574         COVAR   11758    -0.073495    -0.096125     0.038543      0.97172
x575         COVAR   11758    -0.044402    -0.057226     0.038992      0.87258
x576         COVAR   11758     0.093835      0.11571     0.045433     0.019457
x577         COVAR   11758    -0.059247    -0.076053     0.035007       0.9547
x578         COVAR   11758     0.083988      0.10626     0.033578    0.0061943
x579         COVAR   11758     0.023209     0.028705     0.038656      0.27413
x580         COVAR   11758     0.020335     0.025239     0.040495      0.30778
x581         COVAR   11758    -0.011596     -0.01461      0.03691       0.6233
x582         COVAR   11758     0.045374     0.054948       0.0474      0.16923
x583         COVAR   11758    -0.073502    -0.092962       0.0408      0.96418
x584         COVAR   11758     -0.12817     -0.16312     0.041348      0.99903
x585         COVAR   11758    -0.084653     -0.10516     0.046421      0.96588
x586         COVAR   11758     0.040344      0.04946     0.040525      0.15975
x587         COVAR   11758     0.073137     0.089958     0.046216     0.056781
x588         COVAR   11758    0.0077691    0.0098368     0.038194      0.41941
x589         COVAR   11758    -0.073313    -0.092028     0.040015      0.96652
x590         COVAR   11758    -0.050986    -0.063744     0.045158      0.87055
x591         COVAR   11758    -0.073405    -0.096755     0.034874      0.98234
x592         COVAR   11758    -0.032586    -0.041807     0.036734      0.81247
x593         COVAR   11758    -0.066573    -0.084188     0.037636      0.96153
x594         COVAR   11758     0.024762     0.035297     0.024031      0.15141
x595         COVAR   11758    -0.078135    -0.099311     0.038677      0.97831
x596         COVAR   11758    -0.057047    -0.071471     0.036715      0.93987
x597         COVAR   11758    -0.014161    -0.017746     0.036183      0.65224
x598         COVAR   11758    -0.013222    -0.016428      0.04364      0.61904
x599         COVAR   11758     0.022048     0.028047     0.034806      0.26322
x600         COVAR   11758       -0.156     -0.19515     0.045707      0.99968
x601         COVAR   11758    -0.033403     -0.04347     0.036924      0.81716
x602         COVAR   11758    -0.028955    -0.038672     0.034151      0.80173
x603         COVAR   11758     -0.13736     -0.17308     0.044542      0.99898
x604         COVAR   11758    -0.056199    -0.070457     0.041258      0.91341
x605         COVAR   11758     0.042043     0.051085     0.044227      0.17091
x606         COVAR   11758     0.086485      0.10845     0.037073    0.0098373
x607         COVAR   11758     0.016612      0.02171     0.028775      0.28187
x608         COVAR   11758    -0.075846    -0.098173     0.037561      0.97826
x609         COVAR   11758    -0.095094     -0.12407      0.03578      0.99606
x610         COVAR   11758     -0.10026     -0.12674     0.040597      0.99323
x611         COVAR   11758    -0.037189     -0.04655     0.037679      0.83817
x612         COVAR   11758    -0.047286    -0.062604     0.035821      0.90658
x613         COVAR   11758   -0.0036763   -0.0047151     0.036066      0.54059
x614         COVAR   11758     0.011697     0.014315     0.039128      0.38249
x615         COVAR   11758   -0.0061294   -0.0084636     0.029085      0.58345
x616         COVAR   11758     0.030807     0.037415     0.047372      0.25775
x617         COVAR   11758   -0.0057191   -0.0070954     0.041585      0.55469
x618         COVAR   11758     0.062296     0.080195     0.028538     0.014531
x619         COVAR   11758     0.022216     0.027657      0.04249      0.30055
x620         COVAR   11758      0.05138     0.068449     0.028725     0.036846
x621         COVAR   11758     0.092035      0.12084     0.032223    0.0021478
x622         COVAR   11758   -0.0074638   -0.0097155     0.033584      0.58794
x623         COVAR   11758    -0.030141    -0.036732     0.046198      0.74293
x624         COVAR   11758     0.022552     0.029167     0.035228      0.26104
x625         COVAR   11758     0.026236     0.033184     0.035082      0.22728
x626         COVAR   11758     -0.01055    -0.014184     0.027069      0.65164
x627         COVAR   11758     0.019846     0.025103     0.033953      0.27944
x628         COVAR   11758    0.0013663    0.0016985     0.043919      0.48759
x629         COVAR   11758      0.02177     0.031045     0.024143      0.18362
x630         COVAR   11758    -0.054257    -0.071457     0.035686      0.93578
x631         COVAR   11758    -0.068513    -0.086286     0.042339      0.94717
x632         COVAR   11758    -0.098733      -0.1236     0.041178      0.99174
x633         COVAR   11758        0.064     0.081054     0.034556     0.032021
x634         COVAR   11758     0.022385      0.02838      0.03917      0.28384
x635         COVAR   11758     0.045567     0.055745     0.037663      0.11318
x636         COVAR   11758    -0.044495    -0.055264      0.04582      0.83424
x637         COVAR   11758    -0.031768    -0.039153     0.046569      0.75243
x638         COVAR   11758     0.092814      0.11734     0.035546    0.0045189
x639         COVAR   11758    -0.084527     -0.10575     0.036681      0.98939
x640         COVAR   11758   -0.0049844   -0.0065597     0.032346      0.56123
x641         COVAR   11758   -0.0087729    -0.011223     0.032033      0.60791
x642         COVAR   11758    -0.078367    -0.099162     0.038439      0.97925
x643         COVAR   11758      0.01785     0.022191      0.03916      0.32427
x644         COVAR   11758     0.011059     0.013743     0.039949      0.39096
x645         COVAR   11758     -0.14503     -0.18466     0.044412      0.99945
x646         COVAR   11758    -0.028294    -0.035399     0.039969      0.76049
x647         COVAR   11758     0.030971     0.038037     0.035786      0.19341
x648         COVAR   11758    -0.061209    -0.078239     0.037437      0.94896
x649         COVAR   11758    -0.038183    -0.050857     0.031518      0.88713
x650         COVAR   11758     0.034808     0.043754     0.038059      0.18022
x651         COVAR   11758   -0.0046194   -0.0061321     0.030612      0.55997
x652         COVAR   11758    -0.037156    -0.048223     0.034352      0.86028
x653         COVAR   11758     -0.14363      -0.1897      0.03743      0.99994
x654         COVAR   11758    -0.076008     -0.09561     0.039623      0.97245
x655         COVAR   11758      0.08616      0.11141     0.036412    0.0089927
x656         COVAR   11758     0.020252     0.025303     0.041026      0.31079
x657         COVAR   11758    -0.017047    -0.021397     0.033675      0.69364
x658         COVAR   11758     0.018942     0.023943     0.035775      0.29825
x659         COVAR   11758     0.045809     0.061298     0.023752     0.026899
x660         COVAR   11758    -0.007985   -0.0099794     0.040228      0.57867
x661         COVAR   11758    -0.028936    -0.038868     0.030061      0.83211
x662         COVAR   11758    -0.062326    -0.081155     0.034127      0.96608
x663         COVAR   11758     0.025933     0.031639      0.04471      0.28095
x664         COVAR   11758   -0.0017817   -0.0021998     0.033754      0.52105
x665         COVAR   11758     -0.05214    -0.065654     0.038167      0.91403
x666         COVAR   11758    0.0013872    0.0017726     0.034928      0.48416
x667         COVAR   11758    -0.025294    -0.031522     0.045319      0.71162
x668         COVAR   11758     0.012928     0.016747     0.029261      0.32931
x669         COVAR   11758    -0.042093    -0.054347     0.035088      0.88485
x670         COVAR   11758    -0.016829    -0.021259      0.03998      0.66309
x671         COVAR   11758    -0.037807    -0.048608     0.034418      0.86399
x672         COVAR   11758     0.046021     0.057337     0.044701      0.15163
x673         COVAR   11758     0.014085     0.017765      0.04177      0.36798
x674         COVAR   11758    -0.028995     -0.03594     0.044288      0.74366
x675         COVAR   11758     0.014162     0.017268     0.039725      0.36074
x676         COVAR   11758     0.015062     0.018961     0.036496      0.33992
x677         COVAR   11758    -0.013256    -0.017498     0.030387      0.66867
x678         COVAR   11758  -0.00080554   -0.0010439      0.03228      0.50995
x679         COVAR   11758     0.040156     0.053366     0.026873     0.067561
x680         COVAR   11758   -0.0032439    -0.004208     0.033847      0.53817
x681         COVAR   11758     0.017217     0.021826      0.03223      0.29661
x682         COVAR   11758      0.11548      0.14465     0.036142   0.00070096
x683         COVAR   11758    -0.010115    -0.013143     0.034334      0.61585
x684         COVAR   11758    -0.019418    -0.024613     0.036282      0.70374
x685         COVAR   11758    -0.014056    -0.018173     0.035969      0.65202
x686         COVAR   11758     0.028818     0.036828     0.032803      0.18985
x687         COVAR   11758     0.010396     0.013248     0.040193      0.39796
x688         COVAR   11758    0.0042211    0.0054398      0.03471       0.4516
x689         COVAR   11758     0.047131     0.063906     0.026746     0.039036
x690         COVAR   11758    -0.012352    -0.016134      0.03285      0.64654
x691         COVAR   11758     0.047126     0.061626     0.026445     0.037387
x692         COVAR   11758     0.046044     0.058363     0.034732     0.092479
x693         COVAR   11758     0.076246     0.099071     0.034787     0.014207
x694         COVAR   11758     -0.03487    -0.044621     0.038245      0.81904
x695         COVAR   11758     0.036656       0.0454     0.042909      0.19649
x696         COVAR   11758     0.051161       0.0651     0.031317     0.051181
x697         COVAR   11758    -0.093418     -0.11946     0.039528      0.99094
x698         COVAR   11758    -0.040694     -0.05467     0.029523      0.91594
x699         COVAR   11758    -0.010532    -0.013071      0.04063      0.60226
x700         COVAR   11758    0.0079142    0.0099996      0.03672      0.41468
x701         COVAR   11758   -0.0033547   -0.0044268     0.028246      0.54727
x702         COVAR   11758    -0.025412    -0.032837     0.033348      0.77697
x703         COVAR   11758     0.029181     0.037847     0.034497      0.19881
x704         COVAR   11758     0.021625     0.029037     0.027428      0.21524
x705         COVAR   11758    -0.082031     -0.10333     0.038858      0.98261
x706         COVAR   11758    -0.035857       -0.045     0.036084      0.83981
x707         COVAR   11758    -0.086136     -0.11209     0.039707      0.98496
x708         COVAR   11758      0.12074      0.15092     0.031882   7.6642e-05
x709         COVAR   11758   -0.0060319   -0.0073531     0.034162      0.57007
x710         COVAR   11758      0.04117     0.053466      0.03218       0.1004
x711         COVAR   11758    0.0055121    0.0069122     0.037711       0.4419
x712         COVAR   11758    -0.059185    -0.073074     0.043894      0.91121
x713         COVAR   11758     0.018737     0.022447     0.042522      0.32974
x714         COVAR   11758   0.00044703   0.00055507     0.036085      0.49506
x715         COVAR   11758    -0.026035    -0.034992     0.029078      0.81469
x716         COVAR   11758     0.031329     0.039431     0.039648      0.21472
x717         COVAR   11758    -0.035442    -0.043869     0.040727       0.8079
x718         COVAR   11758     0.015377     0.019514     0.032466      0.31788
x719         COVAR   11758  -0.00058502  -0.00073433     0.035941      0.50649
x720         COVAR   11758     0.014353     0.018562     0.026693      0.29539
x721         COVAR   11758     0.018611     0.024046     0.035103        0.298
x722         COVAR   11758     0.083003      0.10356     0.039031     0.016739
x723         COVAR   11758    -0.018001    -0.022232     0.039057      0.67755
x724         COVAR   11758     0.042206     0.055481     0.027895     0.065153
x725         COVAR   11758     0.058792     0.073144     0.040349     0.072563
x726         COVAR   11758     0.027188     0.034794     0.035494      0.22185
x727         COVAR   11758     0.020224     0.026597     0.025009      0.20936
x728         COVAR   11758    -0.044771    -0.056697     0.038799      0.87572
x729         COVAR   11758    0.0054459    0.0073179     0.026953      0.41994
x730         COVAR   11758    -0.020644    -0.025529     0.036322       0.7151
x731         COVAR   11758     0.047279     0.062547     0.029044     0.051796
x732         COVAR   11758      0.11851      0.14777     0.035437   0.00041393
x733         COVAR   11758    -0.060458    -0.074954     0.040181      0.93378
x734         COVAR   11758    -0.010958    -0.013642     0.041146        0.605
x735         COVAR   11758     0.030903     0.041538     0.024405      0.10273
x736         COVAR   11758    -0.034877    -0.044561     0.038191      0.81943
x737         COVAR   11758    -0.051154    -0.066193     0.033239      0.93808
x738         COVAR   11758    -0.096191     -0.12709     0.034895      0.99707
x739         COVAR   11758     0.027485     0.034435     0.037289      0.23054
x740         COVAR   11758     -0.05372     -0.07232     0.030527      0.96076
x741         COVAR   11758    0.0065339    0.0083454     0.037082      0.43007
x742         COVAR   11758    -0.073683    -0.094677      0.03663      0.97786
x743         COVAR   11758     0.062576     0.080861     0.029947     0.018339
x744         COVAR   11758     0.017118     0.020954     0.044412      0.34996
x745         COVAR   11758     0.030175     0.040263     0.031211      0.16682
x746         COVAR   11758    -0.036186    -0.045152     0.043699      0.79618
x747         COVAR   11758     -0.12798     -0.16696     0.035324      0.99985
x748         COVAR   11758    -0.050564    -0.067954     0.030129      0.95333
x749         COVAR   11758    -0.015956    -0.020641     0.034893      0.67627
x750         COVAR   11758    -0.025153    -0.032867     0.033797      0.77163
x751         COVAR   11758     0.025551     0.033239     0.033301      0.22147
x752         COVAR   11758     -0.13033     -0.16213     0.047837      0.99677
x753         COVAR   11758     0.052785     0.066958     0.038622     0.085873
x754         COVAR   11758     0.049874     0.064428      0.03117     0.054806
x755         COVAR   11758   -0.0071701   -0.0090938     0.032006      0.58863
x756         COVAR   11758     0.042086     0.054225     0.027634     0.063894
x757         COVAR   11758     0.058597     0.073558     0.037143     0.057344
x758         COVAR   11758    0.0021827    0.0028242     0.033277      0.47385
x759         COVAR   11758      0.07674     0.097625     0.033215     0.010443
x760         COVAR   11758    -0.015738    -0.020067     0.039052      0.65652
x761         COVAR   11758    -0.018593    -0.023548     0.038506      0.68539
x762         COVAR   11758    -0.038335    -0.048471     0.040405      0.82862
x763         COVAR   11758     0.045984     0.055761     0.047185       0.1649
x764         COVAR   11758   -0.0032119   -0.0039429     0.038241      0.53347
x765         COVAR   11758      0.12138       0.1487     0.045564    0.0038676
x766         COVAR   11758     0.015597     0.020716     0.029558      0.29887
x767         COVAR   11758    -0.044012    -0.056753     0.029664      0.93104
x768         COVAR   11758     0.027125     0.035678     0.026026      0.14866
x769         COVAR   11758     0.039683     0.050431     0.030983      0.10015
x770         COVAR   11758     0.010599     0.013333     0.038313      0.39103
x771         COVAR   11758     0.071394     0.095971     0.025693     0.002733
x772         COVAR   11758    -0.020907    -0.026317      0.03979      0.70035
x773         COVAR   11758    -0.023073    -0.029292     0.035324      0.74317
x774         COVAR   11758  -0.00040259  -0.00051268     0.030269      0.50531
x775         COVAR   11758     -0.02099    -0.026216     0.036088      0.71959
x776         COVAR   11758    -0.081763     -0.10196     0.046081      0.96198
x777         COVAR   11758    -0.043262     -0.05337     0.034499      0.89507
x778         COVAR   11758     0.040085     0.049997     0.039934      0.15775
x779         COVAR   11758    -0.070383    -0.089095     0.037435      0.96994
x780         COVAR   11758   -0.0061666   -0.0078632     0.038149      0.56421
x781         COVAR   11758    -0.035345    -0.044673      0.04096      0.80589
x782         COVAR   11758    -0.054961    -0.073465     0.031085      0.96146
x783         COVAR   11758    -0.028071    -0.035967     0.036629      0.77827
x784         COVAR   11758     0.025516     0.031706     0.033777      0.22501
x785         COVAR   11758     0.013516     0.017613     0.030066      0.32653
x786         COVAR   11758      -0.1369     -0.17588     0.040625      0.99962
x787         COVAR   11758     0.075843     0.098254     0.035832     0.017156
x788         COVAR   11758      0.03001     0.037723     0.040981        0.232
x789         COVAR   11758     0.069995     0.091262     0.033326     0.017861
x790         COVAR   11758     0.040926     0.050376     0.035087      0.12173
x791         COVAR   11758    -0.015452    -0.019493      0.03813      0.65735
x792         COVAR   11758    -0.045246     -0.05555     0.041334      0.86315
x793         COVAR   11758    -0.018301    -0.023059     0.040105      0.67592
x794         COVAR   11758    -0.079629    -0.099904     0.039897      0.97701
x795         COVAR   11758     0.047803     0.060793     0.031095     0.062119
x796         COVAR   11758    -0.022835    -0.027975     0.046741      0.68742
x797         COVAR   11758   -0.0015531   -0.0018838     0.045335      0.51366
x798         COVAR   11758    -0.074261    -0.093147     0.039039      0.97142
x799         COVAR   11758    -0.023879    -0.029545     0.046186      0.69742
x800         COVAR   11758     -0.11824     -0.14717     0.043093      0.99696
x801         COVAR   11758   -0.0013586   -0.0017278     0.038279      0.51416
x802         COVAR   11758    -0.040327     -0.05322     0.035484      0.87212
x803         COVAR   11758    -0.032582    -0.040932     0.037838      0.80539
x804         COVAR   11758     0.034646     0.044304     0.032889      0.14608
x805         COVAR   11758    -0.032046    -0.039753     0.044909      0.76225
x806         COVAR   11758     -0.02561    -0.031084     0.040154      0.73819
x807         COVAR   11758    -0.037757    -0.048619     0.039118      0.83276
x808         COVAR   11758     0.058017     0.071578     0.044385     0.095599
x809         COVAR   11758    0.0051608    0.0065261     0.033553      0.43888
x810         COVAR   11758     -0.16102     -0.20289     0.046372      0.99974
x811         COVAR   11758    -0.059093    -0.072699     0.043272      0.91396
x812         COVAR   11758     0.020656     0.025775     0.037612      0.29145
x813         COVAR   11758     0.052493       0.0647     0.036718      0.07643
x814         COVAR   11758     -0.02342    -0.030194     0.036759      0.73797
x815         COVAR   11758     0.012078      0.01652     0.022589      0.29644
x816         COVAR   11758     0.057546     0.074822     0.026689     0.015546
x817         COVAR   11758     0.015309     0.019135      0.03573      0.33416
x818         COVAR   11758     0.052382     0.067209     0.030019     0.040512
x819         COVAR   11758    -0.094161     -0.11837      0.03909      0.99199
x820         COVAR   11758     0.014151     0.017567     0.043006      0.37106
x821         COVAR   11758     0.060018     0.074596       0.0432     0.082385
x822         COVAR   11758     -0.03247    -0.041551     0.042182      0.77927
x823         COVAR   11758    -0.048682    -0.063072     0.034632      0.92008
x824         COVAR   11758     -0.11142     -0.14726     0.033376      0.99958
x825         COVAR   11758     -0.03027     -0.03812     0.039469      0.77843
x826         COVAR   11758     0.005552    0.0070866     0.030112      0.42686
x827         COVAR   11758    0.0087645     0.011279     0.035027      0.40121
x828         COVAR   11758    -0.048342    -0.061733      0.03945      0.88977
x829         COVAR   11758     0.019819     0.025234     0.032581       0.2715
x830         COVAR   11758     0.040928     0.051279      0.03623      0.12932
x831         COVAR   11758    -0.015664    -0.019065     0.045704      0.63409
x832         COVAR   11758     0.031762      0.03827     0.048167      0.25482
x833         COVAR   11758     0.014375     0.018034     0.035837      0.34417
x834         COVAR   11758    -0.062705    -0.083532     0.031904      0.97531
x835         COVAR   11758     0.040791     0.049994     0.044345      0.17883
x836         COVAR   11758     -0.10663     -0.13644      0.04031      0.99591
x837         COVAR   11758     -0.10643     -0.14201     0.034821      0.99888
x838         COVAR   11758     0.031664     0.038258      0.04455      0.23863
x839         COVAR   11758     -0.05314    -0.066555     0.038563      0.91589
x840         COVAR   11758    -0.077815    -0.099346     0.037119      0.98196
x841         COVAR   11758     0.069838     0.088836     0.032481     0.015784
x842         COVAR   11758     0.093288      0.11643     0.040558      0.01073
x843         COVAR   11758    -0.082413      -0.1064     0.034951       0.9908
x844         COVAR   11758   -0.0093725    -0.011526     0.045036      0.58243
x845         COVAR   11758    -0.072326    -0.090783     0.037839      0.97201
x846         COVAR   11758      0.11017      0.13786     0.034322   0.00066553
x847         COVAR   11758    -0.035495    -0.047987     0.029453      0.88591
x848         COVAR   11758   -0.0034571   -0.0041901     0.045578      0.53023
x849         COVAR   11758     0.024429     0.031165     0.031336      0.21783
x850         COVAR   11758    0.0018247    0.0023837     0.032914       0.4779
x851         COVAR   11758     0.032834     0.042168      0.03286      0.15886
x852         COVAR   11758     0.055221     0.070123     0.034088     0.052633
x853         COVAR   11758    -0.017721    -0.022225      0.03969      0.67237
x854         COVAR   11758   -0.0047588   -0.0058324     0.039447      0.54801
x855         COVAR   11758    -0.033024      -0.0434     0.036299      0.81853
x856         COVAR   11758     0.070178     0.091351     0.034633     0.021378
x857         COVAR   11758     0.083262      0.10783     0.035839     0.010093
x858         COVAR   11758    -0.042365    -0.054908     0.036095      0.87973
x859         COVAR   11758    -0.010437     -0.01287     0.036315      0.61309
x860         COVAR   11758     -0.10705     -0.13455     0.040179      0.99614
x861         COVAR   11758    -0.011906    -0.014801     0.042863       0.6094
x862         COVAR   11758    -0.014265    -0.017711     0.043495      0.62853
x863         COVAR   11758     0.056549     0.071201     0.035859     0.057413
x864         COVAR   11758    -0.024009    -0.031849     0.030618      0.78351
x865         COVAR   11758     0.030072     0.038427      0.02898      0.14972
x866         COVAR   11758     0.025297     0.032783     0.034289      0.23034
x867         COVAR   11758     0.018029     0.023592     0.027704      0.25761
x868         COVAR   11758    -0.057566     -0.07091     0.040331      0.92325
x869         COVAR   11758    -0.050111    -0.064552     0.036719      0.91382
x870         COVAR   11758      0.03195     0.040621      0.03252      0.16294
x871         COVAR   11758     0.074078     0.090503     0.043436     0.044071
x872         COVAR   11758    -0.052628    -0.065468     0.044021      0.88405
x873         COVAR   11758    -0.041304    -0.051091     0.045832      0.81625
x874         COVAR   11758     0.033039     0.041267     0.039479      0.20134
x875         COVAR   11758     -0.11704     -0.15471     0.035807      0.99946
x876         COVAR   11758     -0.03824    -0.049509     0.038028      0.84268
x877         COVAR   11758     0.015528     0.019651       0.0318      0.31267
x878         COVAR   11758    -0.085369     -0.10747     0.039077      0.98553
x879         COVAR   11758     0.047258     0.060413     0.031632     0.067602
x880         COVAR   11758     0.013984     0.017652     0.042301      0.37048
x881         COVAR   11758     -0.06094    -0.075381     0.043703      0.91839
x882         COVAR   11758    -0.031114    -0.040099     0.035654      0.80857
x883         COVAR   11758     0.014156     0.018008     0.039579       0.3603
x884         COVAR   11758    0.0028749    0.0036987     0.036658      0.46875
x885         COVAR   11758    -0.052618    -0.068885     0.036417      0.92574
x886         COVAR   11758     0.040031     0.051526      0.03223      0.10712
x887         COVAR   11758    -0.046732    -0.060925     0.034837       0.9101
x888         COVAR   11758    -0.002969   -0.0038483     0.033978      0.53481
x889         COVAR   11758     0.047435     0.059321      0.03906      0.11231
x890         COVAR   11758    -0.029128    -0.038152     0.025857      0.87002
x891         COVAR   11758     0.075411     0.094096      0.03881     0.026017
x892         COVAR   11758    0.0045924    0.0058032     0.036251       0.4496
x893         COVAR   11758     0.052255     0.066716     0.032691     0.054986
x894         COVAR   11758    -0.031037    -0.039457     0.035891       0.8064
x895         COVAR   11758    0.0031077    0.0039952     0.032101      0.46144
x896         COVAR   11758   -0.0053727   -0.0068585     0.034824      0.56131
x897         COVAR   11758     0.093286       0.1212     0.034835    0.0037096
x898         COVAR   11758    -0.099583     -0.12673     0.039885      0.99373
x899         COVAR   11758     0.048949     0.063249      0.03573     0.085362
x900         COVAR   11758     0.010572     0.013318     0.034384      0.37925
x901         COVAR   11758     0.065356     0.080909     0.039202     0.047753
x902         COVAR   11758     0.026696     0.036001     0.024977      0.14259
x903         COVAR   11758     0.040178     0.053136     0.029207     0.084483
x904         COVAR   11758    -0.019088    -0.024379     0.032061      0.72419
x905         COVAR   11758    -0.018389    -0.022823      0.04167       0.6705
x906         COVAR   11758   -0.0018157   -0.0022332     0.047197      0.51534
x907         COVAR   11758     0.018556     0.022591     0.039607      0.31972
x908         COVAR   11758   -0.0036507   -0.0046769     0.037351      0.53893
x909         COVAR   11758    -0.027116    -0.033762     0.038385      0.76003
x910         COVAR   11758     0.041914     0.050635     0.047533      0.18896
x911         COVAR   11758     0.058459     0.076085     0.032944     0.038005
x912         COVAR   11758    -0.064788    -0.080517     0.045678      0.92194
x913         COVAR   11758      0.01738     0.023184     0.026869      0.25887
x914         COVAR   11758    -0.013281    -0.017107     0.036817      0.64084
x915         COVAR   11758    -0.052715    -0.065433     0.042697       0.8915
x916         COVAR   11758     0.020132     0.025535     0.030561      0.25504
x917         COVAR   11758     0.091752      0.11749     0.032575    0.0024306
x918         COVAR   11758     -0.10354     -0.12677     0.048202      0.98413
x919         COVAR   11758    -0.067999    -0.084298     0.043525      0.94088
x920         COVAR   11758     0.051535     0.068368     0.029132     0.038459
x921         COVAR   11758     -0.10418     -0.13561     0.035699      0.99824
x922         COVAR   11758     0.032496     0.040666      0.03846      0.19909
x923         COVAR   11758     -0.10672      -0.1389     0.036731      0.99816
x924         COVAR   11758     0.027307       0.0348     0.030969      0.18897
x925         COVAR   11758     0.048975      0.05956     0.043758      0.13153
x926         COVAR   11758     0.021377     0.027342     0.031284      0.24721
x927         COVAR   11758     -0.03558    -0.047522     0.033617      0.85505
x928         COVAR   11758    -0.048363    -0.060053     0.041983      0.87532
x929         COVAR   11758      0.02023      0.02484     0.037728      0.29591
x930         COVAR   11758      0.10429      0.12748      0.03369   0.00098462
x931         COVAR   11758     0.045836     0.059765     0.030243     0.064825
x932         COVAR   11758     0.052545     0.067606     0.032673     0.053911
x933         COVAR   11758     0.054677     0.071463     0.031363     0.040648
x934         COVAR   11758      0.10038      0.12896     0.030366   0.00047547
x935         COVAR   11758     -0.11366     -0.14803     0.038105      0.99857
x936         COVAR   11758     -0.11881      -0.1474     0.048722      0.99262
x937         COVAR   11758    -0.040267    -0.052844     0.035843      0.86936
x938         COVAR   11758      -0.1542     -0.19712     0.043911      0.99978
x939         COVAR   11758     -0.13118     -0.17197     0.036057      0.99986
x940         COVAR   11758     0.027767     0.035146     0.036853      0.22559
x941         COVAR   11758      0.05869     0.073913     0.033061     0.037949
x942         COVAR   11758     0.022678     0.029227     0.027717      0.20663
x943         COVAR   11758     0.042615     0.054277     0.038076      0.13154
x944         COVAR   11758   -0.0075963   -0.0093957     0.045084       0.5669
x945         COVAR   11758    -0.055189    -0.072811     0.033917      0.94814
x946         COVAR   11758     0.038479     0.049378     0.029502     0.096085
x947         COVAR   11758   -0.0028301   -0.0035185     0.037512      0.53007
x948         COVAR   11758     0.019367     0.023778     0.039156      0.31044
x949         COVAR   11758     0.027673     0.034959      0.03555      0.21817
x950         COVAR   11758    -0.028302    -0.036071     0.035887      0.78483
x951         COVAR   11758    -0.040794    -0.055318     0.029039      0.91994
x952         COVAR   11758     -0.02304    -0.029311     0.039632      0.71949
x953         COVAR   11758     0.020305     0.026297     0.033085      0.26971
x954         COVAR   11758    -0.070717    -0.091448     0.037401      0.97066
x955         COVAR   11758   -0.0048949   -0.0060913      0.04115      0.54734
x956         COVAR   11758      0.09784      0.12584     0.030977   0.00079522
x957         COVAR   11758    -0.073664    -0.093247     0.039355      0.96937
x958         COVAR   11758    -0.033984    -0.043273     0.038843      0.80918
x959         COVAR   11758     0.046849     0.060134      0.03112     0.066121
x960         COVAR   11758     0.054135      0.07041     0.032177     0.046257
x961         COVAR   11758      0.02639     0.031908     0.040088      0.25518
x962         COVAR   11758     -0.04541    -0.058702     0.031847      0.92303
x963         COVAR   11758      0.02666     0.034167     0.034342      0.21879
x964         COVAR   11758     -0.03909    -0.049803     0.040946      0.83012
x965         COVAR   11758      -0.0211    -0.025879     0.046641      0.67451
x966         COVAR   11758     0.015662     0.019879     0.035533      0.32969
x967         COVAR   11758    0.0074964    0.0091816     0.046196      0.43555
x968         COVAR   11758   -0.0075071   -0.0096502     0.028941      0.60233
x969         COVAR   11758     0.038724     0.053999     0.022016     0.039309
x970         COVAR   11758     0.023966     0.032091     0.026915      0.18663
x971         COVAR   11758    -0.051998    -0.070276     0.026745      0.97405
x972         COVAR   11758    -0.074656    -0.097557     0.036218      0.98035
x973         COVAR   11758     0.020612     0.027403     0.026711      0.22016
x974         COVAR   11758    -0.071943    -0.093558      0.03418      0.98234
x975         COVAR   11758   -0.0077857    -0.009605     0.044642      0.56922
x976         COVAR   11758     -0.14398     -0.19042     0.038513      0.99991
x977         COVAR   11758     0.019845     0.024757     0.042323      0.31957
x978         COVAR   11758     0.098437      0.12832     0.034948    0.0024304
x979         COVAR   11758    -0.033299    -0.040994     0.045404      0.76834
x980         COVAR   11758   -0.0021268   -0.0026165     0.043212      0.51963
x981         COVAR   11758     0.043081      0.05411     0.036486      0.11886
x982         COVAR   11758    -0.015017    -0.018579     0.038184      0.65294
x983         COVAR   11758     0.077498      0.10044     0.035296     0.014067
x984         COVAR   11758     -0.01503    -0.019767     0.034315       0.6693
x985         COVAR   11758    -0.011473    -0.015523     0.029556      0.65106
x986         COVAR   11758    -0.033685    -0.042251     0.039767      0.80151
x987         COVAR   11758  -1.9519e-05  -2.4303e-05     0.042941      0.50018
x988         COVAR   11758    -0.024369    -0.030045     0.039169      0.73308
x989         COVAR   11758    -0.051624    -0.066173     0.036714      0.92014
x990         COVAR   11758     0.040341     0.050599     0.035539      0.12817
x991         COVAR   11758     0.021188     0.026505     0.036681      0.28176
x992         COVAR   11758    -0.040124    -0.052363      0.03409      0.88039
x993         COVAR   11758      0.04696     0.059196     0.036355     0.098243
x994         COVAR   11758    0.0051719    0.0066866     0.032935      0.43761
x995         COVAR   11758    -0.035681    -0.046439     0.031018      0.87498
x996         COVAR   11758    -0.072698    -0.088045     0.043366      0.95315
x997         COVAR   11758    -0.025009    -0.031806     0.039648       0.7359
x998         COVAR   11758   -0.0012396   -0.0015338     0.034929      0.51415
x999         COVAR   11758      0.11982      0.15462     0.032455   0.00011177
x1000        COVAR   11758     0.018196     0.024058     0.028315      0.26024
x1001        COVAR   11758    0.0088315     0.012175     0.025729      0.36571
x1002        COVAR   11758     0.041015     0.055243     0.023661     0.041523
x1003        COVAR   11758     0.062761     0.075934     0.043561      0.07484
x1004        COVAR   11758     0.067554     0.081539     0.047187     0.076142
x1005        COVAR   11758     0.014147     0.019451     0.022366      0.26353
x1006        COVAR   11758    -0.086182      -0.1086     0.038456      0.98748
x1007        COVAR   11758  -1.0465e-05  -1.3507e-05     0.033539      0.50012
x1008        COVAR   11758    -0.033521    -0.043363     0.035304      0.82881
x1009        COVAR   11758     0.039378     0.053644       0.0263     0.067178
x1010        COVAR   11758    -0.027286    -0.035415      0.03668      0.77152
x1011        COVAR   11758     0.022186     0.027502     0.032665      0.24851
x1012        COVAR   11758    -0.058838    -0.074196     0.044198      0.90843
x1013        COVAR   11758     0.023399     0.030685     0.029025      0.21008
x1014        COVAR   11758    -0.059288     -0.07744     0.037148      0.94474
x1015        COVAR   11758   0.00032116   0.00039862     0.036473      0.49649
x1016        COVAR   11758    -0.096364     -0.12089     0.038444       0.9939
x1017        COVAR   11758     -0.12543     -0.16126     0.038234      0.99948
x1018        COVAR   11758    -0.018635    -0.022974     0.039875      0.67987
x1019        COVAR   11758     0.052376     0.069058     0.027149     0.026863
x1020        COVAR   11758     0.054797     0.070546     0.030802     0.037632
x1021        COVAR   11758       0.1159      0.14972      0.03262   0.00019118
x1022        COVAR   11758     0.054253     0.071786     0.025362     0.016224
x1023        COVAR   11758    -0.044916    -0.058254     0.037317      0.88562
x1024        COVAR   11758    -0.033031     -0.04174      0.04052      0.79251
x1025        COVAR   11758     0.040672     0.052422     0.031982      0.10175
x1026        COVAR   11758     0.012781     0.016903     0.028505      0.32695
x1027        COVAR   11758    -0.038872    -0.050187     0.039154      0.83958
x1028        COVAR   11758     0.067478     0.082802     0.041073     0.050216
x1029        COVAR   11758     0.077398       0.0973     0.035511     0.014656
x1030        COVAR   11758    -0.049136    -0.060669     0.047763      0.84819
x1031        COVAR   11758    -0.065709     -0.08173     0.046802      0.91983
x1032        COVAR   11758    0.0027447    0.0034786     0.034019      0.46785
x1033        COVAR   11758     0.038468     0.049533       0.0327      0.11973
x1034        COVAR   11758     0.026128     0.037265     0.023994      0.13811
x1035        COVAR   11758    -0.026248    -0.032932     0.039688       0.7458
x1036        COVAR   11758     0.025278     0.030802     0.042936      0.27802
x1037        COVAR   11758     0.025159     0.033723     0.026643      0.17252
x1038        COVAR   11758    -0.022179    -0.028281     0.039842      0.71112
x1039        COVAR   11758    -0.015215    -0.019482     0.040262      0.64724
x1040        COVAR   11758     0.059451     0.079821     0.028954     0.020033
x1041        COVAR   11758    -0.028142    -0.034835     0.045727      0.73086
x1042        COVAR   11758    -0.041308    -0.053071     0.038217      0.86011
x1043        COVAR   11758    4.487e-05   5.8376e-05     0.033715      0.49947
x1044        COVAR   11758     0.024784      0.03056     0.038568      0.26025
x1045        COVAR   11758      0.06234     0.079934     0.029528     0.017387
x1046        COVAR   11758     0.016217     0.021434     0.028054      0.28162
x1047        COVAR   11758    -0.040826    -0.050417     0.040305      0.84444
x1048        COVAR   11758     -0.14515     -0.18563     0.042768      0.99965
x1049        COVAR   11758     -0.13601     -0.17507     0.041505      0.99947
x1050        COVAR   11758     0.048223      0.06075     0.036506     0.093272
x1051        COVAR   11758     0.031192     0.039658     0.031386      0.16016
x1052        COVAR   11758    -0.053627    -0.066454     0.044812      0.88428
x1053        COVAR   11758      -0.1652      -0.2062     0.046603       0.9998
x1054        COVAR   11758    -0.075303    -0.094592     0.039007      0.97321
x1055        COVAR   11758     0.078378     0.097253     0.033807     0.010224
x1056        COVAR   11758      0.10493      0.12673     0.035962     0.001766
x1057        COVAR   11758     0.010943     0.013762     0.039141       0.3899
x1058        COVAR   11758   0.00048839   0.00063337     0.034319      0.49432
x1059        COVAR   11758     0.027249     0.036096     0.028622      0.17056
x1060        COVAR   11758    -0.023742    -0.029802     0.035372      0.74895
x1061        COVAR   11758   -0.0002059  -0.00026038      0.03559      0.50231
x1062        COVAR   11758      0.12251      0.15368     0.036133    0.0003502
x1063        COVAR   11758     0.055753     0.069786     0.039517     0.079159
x1064        COVAR   11758    -0.021715    -0.028297     0.033645      0.74066
x1065        COVAR   11758     0.062547     0.079634     0.030166     0.019078
x1066        COVAR   11758     0.018921     0.024627     0.032077      0.27764
x1067        COVAR   11758    -0.029976    -0.038152     0.039844      0.77407
x1068        COVAR   11758   -0.0043857   -0.0055677     0.035668      0.54893
x1069        COVAR   11758    -0.047254    -0.058857     0.037098      0.89862
x1070        COVAR   11758     0.038445     0.049909     0.028723     0.090387
x1071        COVAR   11758     0.064488     0.077426     0.047127     0.085609
x1072        COVAR   11758   0.00097421    0.0012286      0.03998      0.49028
x1073        COVAR   11758    -0.024918    -0.032351     0.032694      0.77701
x1074        COVAR   11758     -0.16701      -0.2204      0.03895      0.99999
x1075        COVAR   11758    -0.026448    -0.033264      0.03734      0.76061
x1076        COVAR   11758     0.018067     0.022679      0.03855      0.31966
x1077        COVAR   11758    -0.014767    -0.018757     0.037279      0.65399
x1078        COVAR   11758     0.036974     0.046109       0.0385      0.16845
x1079        COVAR   11758     0.019286     0.024741     0.035901      0.29557
x1080        COVAR   11758     0.062219     0.081977     0.031519     0.024203
x1081        COVAR   11758     0.027795     0.036008     0.029789       0.1754
x1082        COVAR   11758     0.010236     0.012761     0.041311      0.40216
x1083        COVAR   11758     0.040271     0.050519     0.040268      0.15865
x1084        COVAR   11758    -0.040487    -0.052799     0.035274      0.87446
x1085        COVAR   11758     0.044717     0.058077     0.032052     0.081499
x1086        COVAR   11758    -0.047774    -0.063148     0.030504      0.94133
x1087        COVAR   11758     0.036238     0.045045     0.041138      0.18919
x1088        COVAR   11758    -0.031594     -0.03973     0.042633      0.77067
x1089        COVAR   11758    -0.073763    -0.097111     0.035512      0.98109
x1090        COVAR   11758    -0.026333    -0.034006     0.036403      0.76526
x1091        COVAR   11758     0.098086      0.12609     0.031342   0.00087765
x1092        COVAR   11758    -0.098014     -0.12362     0.038596      0.99444
x1093        COVAR   11758    -0.038622    -0.051805     0.033129      0.87814
x1094        COVAR   11758     0.018122     0.022714     0.037035      0.31231
x1095        COVAR   11758    -0.023216     -0.02971     0.036896      0.73539
x1096        COVAR   11758    0.0064794    0.0083356     0.027669      0.40743
x1097        COVAR   11758      0.01764     0.022686     0.035277      0.30853
x1098        COVAR   11758     0.064371     0.082901     0.032091     0.022445
x1099        COVAR   11758    -0.035083    -0.046713     0.029114       0.8859
x1100        COVAR   11758     -0.02067    -0.025534     0.040727       0.6941
x1101        COVAR   11758    -0.016251    -0.021055     0.034738      0.68004
x1102        COVAR   11758     0.027129     0.033048     0.046429      0.27951
x1103        COVAR   11758     0.011892     0.014786     0.040208      0.38371
x1104        COVAR   11758   -0.0010482   -0.0013356       0.0296      0.51412
x1105        COVAR   11758    -0.038165    -0.049481     0.038465      0.83944
x1106        COVAR   11758    -0.051511    -0.064374     0.037595      0.91467
x1107        COVAR   11758    -0.022069     -0.02839     0.030271      0.76701
x1108        COVAR   11758    0.0095751     0.012062     0.033509      0.38754
x1109        COVAR   11758    -0.036317    -0.045964     0.039906       0.8186
x1110        COVAR   11758     0.025121     0.032619      0.02985      0.20003
x1111        COVAR   11758    -0.063353    -0.082299     0.036448      0.95889
x1112        COVAR   11758     0.028396     0.036567     0.029687      0.16942
x1113        COVAR   11758     0.031442     0.037743     0.047553      0.25425
x1114        COVAR   11758    -0.063069    -0.077893     0.037807      0.95235
x1115        COVAR   11758      0.02052     0.025312     0.043146      0.31718
x1116        COVAR   11758   0.00018749   0.00024061     0.033269      0.49775
x1117        COVAR   11758    -0.061017    -0.077364     0.036076       0.9546
x1118        COVAR   11758     0.042047     0.054183     0.032174     0.095644
x1119        COVAR   11758    -0.054975    -0.068966     0.037375      0.92933
x1120        COVAR   11758    -0.026921    -0.034336     0.036945      0.76689
x1121        COVAR   11758     0.025565       0.0312     0.040497      0.26394
x1122        COVAR   11758     0.077842     0.099485      0.03154    0.0068007
x1123        COVAR   11758    -0.015148    -0.019374     0.040843      0.64464
x1124        COVAR   11758    0.0048669    0.0068899     0.024957      0.42269
x1125        COVAR   11758     0.012522     0.016129     0.031485      0.34543
x1126        COVAR   11758    -0.028831    -0.037098      0.03898      0.77023
x1127        COVAR   11758     0.020544     0.025529     0.043512      0.31841
x1128        COVAR   11758    -0.014313    -0.017537     0.044582      0.62591
x1129        COVAR   11758      0.03941     0.047379     0.043037      0.17992
x1130        COVAR   11758     0.001502    0.0019923      0.02961      0.47977
x1131        COVAR   11758    -0.014165      -0.0177      0.04227      0.63123
x1132        COVAR   11758    -0.033498    -0.044545      0.02951      0.87183
