# TOTAL_GENES = 11133
# TEST_DIRECTION = one-sided, positive (set), one-sided, positive (covar)
# CONDITIONED_INTERNAL = gene size, gene density, sample size, inverse mac, log(gene size), log(gene density), log(sample size), log(inverse mac)
# CONDITIONED_HIDDEN = Average (covar)
VARIABLE      TYPE  NGENES         BETA     BETA_STD           SE            P
x1           COVAR   11133     0.029886     0.040139     0.025352      0.11924
x2           COVAR   11133     -0.12977     -0.16608     0.050472      0.99492
x3           COVAR   11133     0.072371     0.095659     0.030454    0.0087492
x4           COVAR   11133    -0.028693    -0.037736     0.038095      0.77432
x5           COVAR   11133    -0.026721    -0.034211      0.04325      0.73165
x6           COVAR   11133    -0.017904     -0.02251     0.035267      0.69415
x7           COVAR   11133     0.011236      0.01389     0.044777      0.40093
x8           COVAR   11133     0.013812     0.017875      0.03447      0.34433
x9           COVAR   11133    -0.087463     -0.11129     0.042978      0.97907
x10          COVAR   11133     0.048341     0.066179      0.02232     0.015175
x11          COVAR   11133    -0.034322     -0.04455     0.039055      0.81024
x12          COVAR   11133     0.045676     0.057931     0.039789      0.12551
x13          COVAR   11133       0.0618     0.078646     0.032075     0.027017
x14          COVAR   11133      -0.0235    -0.030932     0.036706      0.73898
x15          COVAR   11133    -0.029609     -0.03799      0.03856      0.77871
x16          COVAR   11133     0.016772     0.021905     0.036363      0.32232
x17          COVAR   11133    -0.022553    -0.028983     0.040818       0.7097
x18          COVAR   11133     0.021108     0.026149      0.04716      0.32723
x19          COVAR   11133   -0.0087501    -0.011708     0.036755      0.59408
x20          COVAR   11133   -0.0075763   -0.0099322     0.037618       0.5798
x21          COVAR   11133     0.016547     0.021181     0.029309      0.28619
x22          COVAR   11133     -0.11371     -0.14972     0.042426      0.99632
x23          COVAR   11133    -0.080956     -0.10797     0.037973      0.98348
x24          COVAR   11133     0.026038     0.033351     0.038371      0.24871
x25          COVAR   11133   -0.0036443   -0.0045775     0.044055      0.53296
x26          COVAR   11133    -0.019315    -0.024298      0.03606      0.70389
x27          COVAR   11133    -0.046637     -0.05912     0.041592      0.86891
x28          COVAR   11133     0.048328     0.059132     0.050412      0.16888
x29          COVAR   11133     0.076184     0.094452     0.047832     0.055624
x30          COVAR   11133     0.067058     0.086349     0.034792     0.026978
x31          COVAR   11133    -0.085843     -0.11387     0.038102      0.98786
x32          COVAR   11133    -0.076554    -0.097373      0.04198      0.96588
x33          COVAR   11133    -0.012339    -0.015686     0.041044      0.61815
x34          COVAR   11133     0.061968     0.076833     0.043089     0.075211
x35          COVAR   11133    -0.017112    -0.021676     0.039755      0.66655
x36          COVAR   11133    -0.022007    -0.027625     0.048947       0.6735
x37          COVAR   11133     0.026483     0.033957     0.042064      0.26449
x38          COVAR   11133    -0.027167    -0.034712     0.040719      0.74767
x39          COVAR   11133     0.023597     0.029838     0.033591       0.2412
x40          COVAR   11133     -0.11193     -0.14757     0.039969      0.99744
x41          COVAR   11133     0.027249     0.034749     0.037446      0.23341
x42          COVAR   11133    0.0041604    0.0055907     0.031389      0.44728
x43          COVAR   11133    -0.027233    -0.034946     0.041375      0.74479
x44          COVAR   11133       0.0216     0.026911     0.040571      0.29723
x45          COVAR   11133      0.03668     0.046487     0.041233      0.18686
x46          COVAR   11133   -0.0049156   -0.0061513     0.033512      0.55831
x47          COVAR   11133     0.023094     0.030737     0.033273      0.24382
x48          COVAR   11133    -0.085387      -0.1095     0.045514      0.96966
x49          COVAR   11133   -0.0063218   -0.0082144     0.026753       0.5934
x50          COVAR   11133     0.020214     0.025144     0.036883      0.29183
x51          COVAR   11133     0.047023     0.060211     0.035337     0.091662
x52          COVAR   11133    -0.015502    -0.021097      0.03124      0.69012
x53          COVAR   11133     0.036806     0.047278     0.042026      0.19058
x54          COVAR   11133   -0.0051917   -0.0069336     0.028012      0.57352
x55          COVAR   11133     0.024589     0.031558     0.035641      0.24513
x56          COVAR   11133     -0.03185    -0.041221     0.039633      0.78918
x57          COVAR   11133     0.043538     0.056347     0.037759      0.12446
x58          COVAR   11133     0.022171     0.029515     0.024908      0.18671
x59          COVAR   11133    -0.070447    -0.094051     0.036397      0.97352
x60          COVAR   11133      0.07381     0.094712      0.04122      0.03669
x61          COVAR   11133    -0.034974    -0.043687     0.045635      0.77827
x62          COVAR   11133    0.0092955     0.011764     0.036392       0.3992
x63          COVAR   11133   -0.0053115    -0.006733     0.042908      0.54926
x64          COVAR   11133      0.03864     0.050853     0.036486       0.1448
x65          COVAR   11133    -0.041651    -0.053795      0.03835      0.86126
x66          COVAR   11133     -0.09026     -0.11511     0.042071      0.98403
x67          COVAR   11133    -0.024502      -0.0305     0.041916      0.72057
x68          COVAR   11133     0.009148     0.011306      0.03764      0.40399
x69          COVAR   11133     0.065032      0.08476     0.031791     0.020409
x70          COVAR   11133   -0.0068388   -0.0085564     0.042179       0.5644
x71          COVAR   11133     0.041402     0.053854     0.038226       0.1394
x72          COVAR   11133    0.0035598    0.0045502     0.031987      0.45569
x73          COVAR   11133     0.050359     0.064023     0.038989     0.098257
x74          COVAR   11133      0.10641      0.13441     0.032814   0.00059334
x75          COVAR   11133     -0.13447     -0.17349     0.047007      0.99788
x76          COVAR   11133     0.003177    0.0038865     0.044613      0.47161
x77          COVAR   11133    -0.010261    -0.013457     0.036352      0.61113
x78          COVAR   11133     0.041193     0.052408     0.042864      0.16828
x79          COVAR   11133    -0.022308    -0.029129     0.039457      0.71409
x80          COVAR   11133    -0.076541    -0.097706     0.045162      0.95493
x81          COVAR   11133    -0.036626    -0.048484     0.033933      0.85977
x82          COVAR   11133    -0.035899    -0.044601     0.041457      0.80673
x83          COVAR   11133    -0.080845     -0.10247     0.041092      0.97542
x84          COVAR   11133    -0.034106    -0.043559     0.043627      0.78282
x85          COVAR   11133    0.0058463    0.0073285     0.032163      0.42788
x86          COVAR   11133      0.03659     0.045515     0.046002       0.2132
x87          COVAR   11133     0.086268      0.11323     0.035272    0.0072349
x88          COVAR   11133     0.017522     0.022275       0.0347       0.3068
x89          COVAR   11133     0.077066      0.10027     0.037763     0.020648
x90          COVAR   11133     -0.12143     -0.15844     0.040637      0.99859
x91          COVAR   11133    -0.024628    -0.031221     0.040442      0.72873
x92          COVAR   11133      0.06276     0.079473     0.042459     0.069704
x93          COVAR   11133    -0.021588    -0.027879     0.038912      0.71048
x94          COVAR   11133   -0.0024664   -0.0031896     0.033093       0.5297
x95          COVAR   11133     0.028293     0.034979     0.043893       0.2596
x96          COVAR   11133    0.0054371    0.0071878     0.034049      0.43657
x97          COVAR   11133    -0.011348    -0.015778     0.028172      0.65645
x98          COVAR   11133     0.015537     0.019964     0.035764      0.33199
x99          COVAR   11133     0.014571     0.018616     0.039081      0.35464
x100         COVAR   11133    -0.075102    -0.096126      0.04059      0.96785
x101         COVAR   11133      0.12766      0.15438     0.040729   0.00086332
x102         COVAR   11133    -0.057102    -0.075745     0.036919      0.93902
x103         COVAR   11133     0.022596     0.028439     0.044869      0.30727
x104         COVAR   11133     0.019627     0.024962     0.034176      0.28289
x105         COVAR   11133    -0.010375    -0.013424     0.036178      0.61286
x106         COVAR   11133    -0.021404    -0.028269     0.037652      0.71513
x107         COVAR   11133    -0.079202    -0.099753     0.049777       0.9442
x108         COVAR   11133    -0.029386    -0.036942     0.037108      0.78578
x109         COVAR   11133   -0.0061133   -0.0080845     0.029794      0.58128
x110         COVAR   11133    -0.053799    -0.066476     0.040264      0.90923
x111         COVAR   11133     0.073622     0.093052     0.042298     0.040895
x112         COVAR   11133     0.053391     0.069938     0.028525     0.030635
x113         COVAR   11133      0.00365    0.0044962     0.049858      0.47082
x114         COVAR   11133     0.024194      0.02972     0.047297      0.30449
x115         COVAR   11133   -0.0025399   -0.0032219      0.03994      0.52535
x116         COVAR   11133      -0.0213    -0.027272     0.040783      0.69926
x117         COVAR   11133     0.022235     0.030293     0.024693      0.18394
x118         COVAR   11133   -0.0067997   -0.0084134     0.047812      0.55654
x119         COVAR   11133   -0.0092317    -0.011589     0.038754      0.59414
x120         COVAR   11133   -0.0055489   -0.0071561     0.035441      0.56221
x121         COVAR   11133     0.018896      0.02424     0.037277      0.30611
x122         COVAR   11133     0.044423     0.057012     0.034225     0.097163
x123         COVAR   11133    -0.029915    -0.037617     0.040888      0.76779
x124         COVAR   11133      0.03834     0.049182     0.032191      0.11684
x125         COVAR   11133     0.040879     0.049964     0.052175      0.21667
x126         COVAR   11133     0.014722     0.019429     0.034324        0.334
x127         COVAR   11133   -0.0064565   -0.0094015     0.021478      0.61814
x128         COVAR   11133     0.013881      0.01697     0.053978      0.39853
x129         COVAR   11133     -0.01067     -0.01394     0.037109      0.61315
x130         COVAR   11133     0.038531     0.049228      0.03813      0.15614
x131         COVAR   11133    -0.046769    -0.060028     0.041404      0.87066
x132         COVAR   11133     0.016128     0.020725     0.035921      0.32673
x133         COVAR   11133     0.013206     0.016417     0.045403      0.38559
x134         COVAR   11133    -0.053152    -0.066307      0.04364      0.88836
x135         COVAR   11133      0.10349      0.13364     0.033909    0.0011393
x136         COVAR   11133     0.038583     0.050505     0.030577      0.10352
x137         COVAR   11133     0.030592     0.040414     0.029447      0.14944
x138         COVAR   11133    0.0079307     0.009826     0.046038      0.43162
x139         COVAR   11133      0.04554      0.05861     0.033543       0.0873
x140         COVAR   11133    -0.042437    -0.055781     0.040629      0.85186
x141         COVAR   11133     0.048848     0.064584     0.029947     0.051443
x142         COVAR   11133    -0.007801     -0.01008     0.037997      0.58133
x143         COVAR   11133    -0.059073    -0.078428     0.037694      0.94145
x144         COVAR   11133    -0.012293    -0.015062     0.043061      0.61236
x145         COVAR   11133    -0.069028    -0.088848     0.042663      0.94715
x146         COVAR   11133     -0.04937    -0.063625     0.038275      0.90144
x147         COVAR   11133     -0.10953     -0.14365     0.040861      0.99632
x148         COVAR   11133     0.082846       0.1035     0.043588     0.028687
x149         COVAR   11133     0.042323     0.054078     0.040634      0.14882
x150         COVAR   11133     -0.11627     -0.15204     0.040626      0.99789
x151         COVAR   11133    -0.076619    -0.095681     0.050365      0.93589
x152         COVAR   11133   0.00013402   0.00016579     0.043312      0.49877
x153         COVAR   11133     0.012623     0.017318     0.025741      0.31194
x154         COVAR   11133     0.034132     0.045976     0.028409       0.1148
x155         COVAR   11133    -0.022205    -0.027625     0.042092      0.70108
x156         COVAR   11133    -0.025583    -0.032587     0.039254       0.7427
x157         COVAR   11133    -0.013491       -0.017     0.048321      0.60995
x158         COVAR   11133     0.047821     0.060676     0.035372     0.088215
x159         COVAR   11133    0.0041053     0.005388     0.027521      0.44071
x160         COVAR   11133     -0.03642    -0.047924     0.038139      0.83018
x161         COVAR   11133     0.004563    0.0057474     0.043111      0.45785
x162         COVAR   11133     0.016577     0.021179     0.035494      0.32024
x163         COVAR   11133     0.048313     0.063689     0.028336      0.04411
x164         COVAR   11133    -0.023702    -0.030411      0.04116      0.71763
x165         COVAR   11133     0.042878     0.054905     0.040114      0.14257
x166         COVAR   11133     0.021204     0.026715     0.030778      0.24544
x167         COVAR   11133      0.03118     0.039566     0.038316      0.20791
x168         COVAR   11133     0.082551      0.10481     0.038851     0.016812
x169         COVAR   11133   -0.0018878   -0.0024169     0.031684      0.52376
x170         COVAR   11133    -0.033843    -0.043194     0.040824      0.79644
x171         COVAR   11133     0.052954     0.068333     0.037057     0.076515
x172         COVAR   11133    -0.016968    -0.021728     0.042966      0.65355
x173         COVAR   11133    -0.042125    -0.054423     0.041445      0.84527
x174         COVAR   11133    -0.051329    -0.066577      0.03617      0.92205
x175         COVAR   11133    -0.071173    -0.090307     0.039211      0.96523
x176         COVAR   11133     0.083176      0.10719     0.035184    0.0090484
x177         COVAR   11133     0.045275     0.058963     0.033648      0.08924
x178         COVAR   11133     0.086294      0.10989      0.03823     0.012008
x179         COVAR   11133     0.039887     0.050837     0.039086      0.15376
x180         COVAR   11133   -0.0074153   -0.0093947     0.044664      0.56593
x181         COVAR   11133      0.03641       0.0493     0.022867     0.055676
x182         COVAR   11133    -0.062965    -0.079755     0.046296      0.91308
x183         COVAR   11133    0.0070591    0.0092303     0.036088      0.42246
x184         COVAR   11133      0.03994     0.051026     0.037771      0.14517
x185         COVAR   11133     -0.10343     -0.13789     0.037544      0.99706
x186         COVAR   11133     0.083247      0.10943     0.035012    0.0087206
x187         COVAR   11133     0.037254     0.047071     0.044658      0.20209
x188         COVAR   11133    -0.066569    -0.084632     0.038629      0.95757
x189         COVAR   11133   -0.0059984   -0.0076419     0.032757      0.57265
x190         COVAR   11133    -0.064995    -0.082779     0.039026      0.95207
x191         COVAR   11133    -0.014651     -0.01837     0.045602      0.62599
x192         COVAR   11133   -0.0024333   -0.0032867     0.031546      0.53074
x193         COVAR   11133     0.030733     0.038187     0.041693      0.23053
x194         COVAR   11133    0.0048376     0.006372     0.033121      0.44194
x195         COVAR   11133     0.032117     0.041533     0.032126      0.15874
x196         COVAR   11133    -0.019607    -0.025359     0.038097       0.6966
x197         COVAR   11133    -0.099209     -0.12647     0.040741      0.99255
x198         COVAR   11133     0.027863     0.034773     0.039942      0.24273
x199         COVAR   11133    -0.011819    -0.015427     0.038904      0.61935
x200         COVAR   11133    -0.064545    -0.082638     0.039133      0.95045
x201         COVAR   11133    -0.010591    -0.013628     0.038228      0.60912
x202         COVAR   11133    -0.096368     -0.12668     0.041735      0.98952
x203         COVAR   11133     0.017955     0.023712     0.026648      0.25024
x204         COVAR   11133    -0.033141    -0.041543     0.040154       0.7954
x205         COVAR   11133     0.072989     0.089213     0.044516     0.050558
x206         COVAR   11133    -0.024974    -0.035191      0.02483      0.84273
x207         COVAR   11133   -0.0056837   -0.0069707     0.039463      0.55726
x208         COVAR   11133      0.02087      0.02761     0.030524      0.24708
x209         COVAR   11133   -0.0040319   -0.0051599     0.037439      0.54288
x210         COVAR   11133   -0.0063552   -0.0080651     0.043361      0.55826
x211         COVAR   11133    -0.047099    -0.062158     0.038486      0.88947
x212         COVAR   11133      0.06775     0.086068     0.032414     0.018315
x213         COVAR   11133     0.062258      0.07544     0.053832      0.12375
x214         COVAR   11133      0.01461     0.020487     0.022322      0.25639
x215         COVAR   11133    -0.059593    -0.076797      0.03961      0.93376
x216         COVAR   11133     0.025741     0.032972     0.042159      0.27075
x217         COVAR   11133      0.04503     0.058005     0.034081     0.093219
x218         COVAR   11133    -0.095318     -0.12695     0.038796      0.99298
x219         COVAR   11133     0.050618     0.065501     0.031984      0.05677
x220         COVAR   11133    -0.037229    -0.047055     0.040845      0.81897
x221         COVAR   11133     0.012912     0.017297     0.026787       0.3149
x222         COVAR   11133     0.050262     0.065152     0.037083      0.08766
x223         COVAR   11133     0.021896     0.027195     0.038667      0.28562
x224         COVAR   11133     0.073996     0.092703     0.042383     0.040432
x225         COVAR   11133   -0.0035585   -0.0045673      0.03912      0.53624
x226         COVAR   11133   -0.0085772     -0.01094     0.037883      0.58956
x227         COVAR   11133     0.033953      0.04332     0.033145      0.15284
x228         COVAR   11133   9.4011e-05   0.00011916     0.037482        0.499
x229         COVAR   11133    -0.066622    -0.086509     0.043416      0.93753
x230         COVAR   11133     -0.02265    -0.029094     0.035957      0.73562
x231         COVAR   11133     0.021529     0.027793     0.037206      0.28142
x232         COVAR   11133      0.04103     0.053535     0.030519     0.089424
x233         COVAR   11133    -0.029084      -0.0362     0.040027      0.76626
x234         COVAR   11133    -0.035633    -0.046107      0.02941      0.88715
x235         COVAR   11133    -0.027498      -0.0373     0.027773      0.83892
x236         COVAR   11133    -0.013272    -0.017806     0.032591      0.65808
x237         COVAR   11133     0.043416     0.055662     0.032828      0.09301
x238         COVAR   11133    -0.027544     -0.03561     0.039958      0.75468
x239         COVAR   11133     0.025421     0.032685     0.033011      0.22064
x240         COVAR   11133      0.04863     0.062738      0.02968     0.050677
x241         COVAR   11133     0.011251     0.013921     0.050965      0.41264
x242         COVAR   11133     0.033539     0.043112     0.036417      0.17854
x243         COVAR   11133    -0.074223     -0.10083     0.034022      0.98542
x244         COVAR   11133     -0.06822    -0.091743     0.037208      0.96662
x245         COVAR   11133     0.006234    0.0081256      0.02724      0.40949
x246         COVAR   11133     0.066582     0.085065      0.03568     0.031027
x247         COVAR   11133    0.0095862     0.012741     0.034833      0.39158
x248         COVAR   11133    -0.003013    -0.003842     0.035995      0.53335
x249         COVAR   11133    -0.031611    -0.038939     0.043341       0.7671
x250         COVAR   11133    0.0094235     0.011623     0.044184      0.41556
x251         COVAR   11133   -0.0069477   -0.0087513     0.037322      0.57384
x252         COVAR   11133     0.022952     0.028481     0.046245      0.30984
x253         COVAR   11133     0.026827     0.035337     0.036306      0.22999
x254         COVAR   11133    -0.086287     -0.11382     0.039493      0.98554
x255         COVAR   11133     0.055047     0.072459     0.036803     0.067377
x256         COVAR   11133     0.099882      0.12357     0.034945    0.0021342
x257         COVAR   11133    -0.096333     -0.12705     0.040576       0.9912
x258         COVAR   11133    -0.033527    -0.043798     0.039292      0.80324
x259         COVAR   11133    -0.025451    -0.033514     0.034029      0.77273
x260         COVAR   11133    -0.038011    -0.049323     0.037537      0.84437
x261         COVAR   11133     0.032123     0.041516     0.034668      0.17708
x262         COVAR   11133    -0.023004    -0.030412     0.037499       0.7302
x263         COVAR   11133     0.019143     0.024599     0.041218      0.32117
x264         COVAR   11133     0.020159     0.025653     0.032814       0.2695
x265         COVAR   11133    -0.015754    -0.019716     0.043527       0.6413
x266         COVAR   11133    -0.072644    -0.093623     0.037634       0.9732
x267         COVAR   11133    -0.013196    -0.016776     0.038184      0.63517
x268         COVAR   11133    -0.013179    -0.017038     0.037635       0.6369
x269         COVAR   11133     -0.11392     -0.14965     0.040205      0.99769
x270         COVAR   11133     0.017864     0.023158     0.037266      0.31584
x271         COVAR   11133   -0.0073999   -0.0094867     0.041477       0.5708
x272         COVAR   11133   -0.0050734   -0.0068175     0.033854      0.55956
x273         COVAR   11133   -0.0065317   -0.0087608     0.029887       0.5865
x274         COVAR   11133     0.057633     0.074053     0.040774     0.078777
x275         COVAR   11133     0.019379     0.023846     0.042064      0.32251
x276         COVAR   11133    -0.012299     -0.01569     0.042582      0.61364
x277         COVAR   11133     0.020643     0.026609     0.031054      0.25312
x278         COVAR   11133    -0.011682    -0.015159     0.039037      0.61762
x279         COVAR   11133    -0.038427    -0.048338     0.044788      0.80454
x280         COVAR   11133    -0.043433    -0.053659     0.039596      0.86364
x281         COVAR   11133    0.0042169    0.0054707     0.035512      0.45274
x282         COVAR   11133     0.019744     0.024845     0.045017      0.33048
x283         COVAR   11133     -0.07632     -0.10175     0.038707      0.97567
x284         COVAR   11133     0.024386     0.031276     0.034985      0.24289
x285         COVAR   11133     0.043896     0.054676     0.045442      0.16703
x286         COVAR   11133    -0.013855    -0.018069     0.039262      0.63791
x287         COVAR   11133     0.013687     0.016878     0.036683      0.35454
x288         COVAR   11133     0.023811     0.033828      0.02201      0.13968
x289         COVAR   11133    -0.045193    -0.059956     0.036943      0.88938
x290         COVAR   11133    -0.029975    -0.038252     0.037146      0.79014
x291         COVAR   11133    -0.015756    -0.019806     0.042813      0.64357
x292         COVAR   11133     -0.09032     -0.11491     0.039152      0.98946
x293         COVAR   11133     0.010291     0.012626     0.047561      0.41435
x294         COVAR   11133    -0.071344    -0.093121     0.036046      0.97609
x295         COVAR   11133     0.015761     0.020208     0.036638      0.33354
x296         COVAR   11133     0.026739     0.032674     0.045618       0.2789
x297         COVAR   11133   -0.0027984   -0.0037329     0.036232      0.53078
x298         COVAR   11133     0.013443     0.016644     0.046248      0.38566
x299         COVAR   11133   -0.0044191     -0.00549     0.047562      0.53701
x300         COVAR   11133     0.032997     0.042235     0.034952      0.17258
x301         COVAR   11133     0.020669     0.026992     0.029449      0.24139
x302         COVAR   11133   -0.0010984   -0.0014186     0.035265      0.51242
x303         COVAR   11133   -0.0015347   -0.0019629     0.040124      0.51526
x304         COVAR   11133    -0.028705    -0.038322     0.032573       0.8109
x305         COVAR   11133     -0.01794     -0.02356     0.036216      0.68982
x306         COVAR   11133    -0.011274    -0.015235     0.029921      0.64683
x307         COVAR   11133     0.010684     0.013716     0.035289      0.38104
x308         COVAR   11133     0.031913     0.039269     0.046442        0.246
x309         COVAR   11133    -0.042053    -0.054219     0.042458      0.83902
x310         COVAR   11133      0.03836     0.049287     0.041921      0.18009
x311         COVAR   11133      0.04492     0.057422     0.036158      0.10707
x312         COVAR   11133    -0.040452    -0.050697     0.040927      0.83851
x313         COVAR   11133   -0.0015808   -0.0019625     0.044881      0.51405
x314         COVAR   11133    -0.058933    -0.078095     0.037222      0.94331
x315         COVAR   11133    -0.038207    -0.048174     0.044593      0.80421
x316         COVAR   11133     0.028903     0.036503     0.040053      0.23528
x317         COVAR   11133    0.0082591     0.010523      0.03672      0.41102
x318         COVAR   11133     0.050584     0.068186      0.02986     0.045146
x319         COVAR   11133      0.01512     0.019901     0.029383      0.30342
x320         COVAR   11133    -0.010702    -0.014373     0.031984      0.63103
x321         COVAR   11133     -0.13679     -0.17593     0.045713      0.99861
x322         COVAR   11133    0.0099036     0.012254     0.038051      0.39733
x323         COVAR   11133     0.018384     0.024338     0.027297      0.25033
x324         COVAR   11133     0.045397     0.060151     0.030489     0.068267
x325         COVAR   11133      0.02156     0.027241      0.03864      0.28843
x326         COVAR   11133    0.0056445    0.0074063     0.035395      0.43665
x327         COVAR   11133    -0.012622    -0.015765     0.046394      0.60721
x328         COVAR   11133    -0.015334     -0.01919     0.040271      0.64831
x329         COVAR   11133    -0.021835    -0.028221     0.039446      0.71005
x330         COVAR   11133    -0.079717     -0.10173     0.044531      0.96327
x331         COVAR   11133     0.098127      0.12262     0.045687     0.015875
x332         COVAR   11133    -0.083565     -0.11269     0.034465      0.99233
x333         COVAR   11133     0.027534     0.034849     0.034055       0.2094
x334         COVAR   11133     0.035497     0.044033     0.041986      0.19894
x335         COVAR   11133       0.0971      0.12108     0.046049     0.017502
x336         COVAR   11133    0.0039372    0.0050625     0.040949       0.4617
x337         COVAR   11133     0.048616     0.061503     0.042901      0.12858
x338         COVAR   11133     0.089279      0.11727     0.033942    0.0042713
x339         COVAR   11133    0.0082575     0.010723     0.034165      0.40451
x340         COVAR   11133     0.039297     0.049732     0.044487      0.18854
x341         COVAR   11133   -0.0088064    -0.011433     0.035704      0.59741
x342         COVAR   11133     0.020295     0.026435     0.030087         0.25
x343         COVAR   11133    0.0018082    0.0022489     0.045792      0.48425
x344         COVAR   11133     -0.02916    -0.036444     0.040316      0.76524
x345         COVAR   11133    -0.012378    -0.015559     0.046532      0.60489
x346         COVAR   11133    0.0049435    0.0065149     0.039167      0.44978
x347         COVAR   11133    -0.074421    -0.096833     0.039038      0.97169
x348         COVAR   11133      0.10642      0.13143     0.048971     0.014895
x349         COVAR   11133     0.064513     0.081221     0.042429     0.064208
x350         COVAR   11133    -0.018015    -0.023585     0.038592      0.67968
x351         COVAR   11133    -0.021939    -0.028824     0.037709      0.71964
x352         COVAR   11133     0.018116     0.024278     0.033505      0.29437
x353         COVAR   11133     -0.10312     -0.12957     0.044891      0.98919
x354         COVAR   11133    -0.025613    -0.035164     0.030172      0.80202
x355         COVAR   11133      0.04164     0.051937      0.04177      0.15942
x356         COVAR   11133     0.037973      0.04906     0.033707      0.12998
x357         COVAR   11133      0.10081      0.12731       0.0432    0.0098168
x358         COVAR   11133     0.025457     0.032152     0.032209      0.21467
x359         COVAR   11133     -0.03376    -0.043761     0.039703      0.80242
x360         COVAR   11133     0.024867     0.031765     0.036178      0.24593
x361         COVAR   11133    0.0036385    0.0046782     0.027979      0.44827
x362         COVAR   11133    -0.096942      -0.1275      0.04006      0.99223
x363         COVAR   11133   -0.0077632   -0.0099447     0.032178      0.59532
x364         COVAR   11133     0.012739     0.017075     0.024968      0.30496
x365         COVAR   11133     -0.08539     -0.11377     0.037075      0.98936
x366         COVAR   11133     0.013588     0.017742     0.036659      0.35545
x367         COVAR   11133     -0.02191    -0.027745     0.040031      0.70792
x368         COVAR   11133    -0.018382    -0.023809     0.037128      0.68973
x369         COVAR   11133     0.018711     0.023467     0.034998      0.29646
x370         COVAR   11133     -0.13978     -0.18578     0.039404       0.9998
x371         COVAR   11133    -0.032761    -0.040849     0.036186      0.81735
x372         COVAR   11133    -0.042067    -0.052869     0.047673      0.81121
x373         COVAR   11133     0.028837     0.035975     0.044924      0.26047
x374         COVAR   11133     0.051346     0.069309     0.030029     0.043657
x375         COVAR   11133    -0.039323    -0.048771     0.040171      0.83618
x376         COVAR   11133     0.032532     0.042089     0.035518      0.17986
x377         COVAR   11133     0.030392     0.037362     0.045823      0.25359
x378         COVAR   11133    0.0032381    0.0040099     0.041068      0.46858
x379         COVAR   11133    -0.030836    -0.038489     0.038128      0.79066
x380         COVAR   11133     0.063334     0.080168     0.039929     0.056363
x381         COVAR   11133     0.032704     0.043167     0.030703      0.14341
x382         COVAR   11133     0.013097     0.016396     0.040593      0.37349
x383         COVAR   11133     0.028131      0.03491     0.044983      0.26587
x384         COVAR   11133   0.00077562    0.0010619      0.02235      0.48616
x385         COVAR   11133     0.039147     0.049912     0.036892      0.14433
x386         COVAR   11133    -0.016215    -0.020675     0.042032      0.65017
x387         COVAR   11133    -0.089998     -0.11933     0.034556      0.99539
x388         COVAR   11133     0.023087     0.029178     0.039347      0.27869
x389         COVAR   11133     0.029774     0.036591     0.049881      0.27529
x390         COVAR   11133    -0.087051     -0.11046     0.040077      0.98506
x391         COVAR   11133     0.019198     0.024272     0.037654      0.30508
x392         COVAR   11133     0.054143     0.069714      0.03571     0.064752
x393         COVAR   11133     0.029738     0.038945     0.030431      0.16424
x394         COVAR   11133     -0.10732     -0.14054     0.040805      0.99572
x395         COVAR   11133    -0.025203    -0.032548     0.040251      0.73438
x396         COVAR   11133     0.026326     0.032597     0.041281      0.26183
x397         COVAR   11133    -0.021261    -0.026852      0.04428      0.68443
x398         COVAR   11133    0.0037888    0.0046935     0.045157      0.46657
x399         COVAR   11133     0.027122     0.033971     0.035616      0.22318
x400         COVAR   11133     -0.11953     -0.15504     0.037043      0.99937
x401         COVAR   11133    -0.011572    -0.014663       0.0395      0.61522
x402         COVAR   11133   -0.0032829   -0.0040886     0.045892      0.52851
x403         COVAR   11133    -0.028476    -0.036491     0.041367      0.75439
x404         COVAR   11133     0.020916     0.026662     0.040237       0.3016
x405         COVAR   11133     0.081804      0.10561     0.036098     0.011732
x406         COVAR   11133    -0.037151    -0.047601     0.042791      0.80735
x407         COVAR   11133     0.003973    0.0050181     0.041303      0.46169
x408         COVAR   11133     0.013337     0.016972     0.042418       0.3766
x409         COVAR   11133    -0.060366    -0.075004      0.04691      0.90091
x410         COVAR   11133    -0.017963    -0.022438     0.036866      0.68696
x411         COVAR   11133    -0.025956     -0.03418     0.036538      0.76126
x412         COVAR   11133    -0.010738    -0.014398     0.034387      0.62258
x413         COVAR   11133    -0.037707    -0.048322     0.039946      0.82739
x414         COVAR   11133     0.003193    0.0041574     0.037661      0.46622
x415         COVAR   11133    0.0077104    0.0095367     0.049128      0.43765
x416         COVAR   11133     -0.01148    -0.015002     0.035522      0.62671
x417         COVAR   11133     0.054126     0.069192     0.042462      0.10122
x418         COVAR   11133    -0.013521    -0.017466     0.041845       0.6267
x419         COVAR   11133     0.076341     0.099636     0.035073     0.014766
x420         COVAR   11133     0.010703     0.013496     0.034756      0.37906
x421         COVAR   11133    -0.023454    -0.029869     0.033768      0.75632
x422         COVAR   11133     0.035347     0.044021     0.043245      0.20687
x423         COVAR   11133     0.053727     0.068934     0.034127     0.057721
x424         COVAR   11133    -0.027352    -0.033903     0.050234      0.70694
x425         COVAR   11133    -0.041876    -0.053736     0.036724      0.87291
x426         COVAR   11133     0.029997     0.038926     0.030774      0.16485
x427         COVAR   11133    -0.038372    -0.049067     0.037179      0.84897
x428         COVAR   11133    0.0047021    0.0061251     0.036792      0.44915
x429         COVAR   11133   -0.0062058   -0.0077634     0.045445      0.55431
x430         COVAR   11133     0.030811     0.039716     0.034583       0.1865
x431         COVAR   11133     0.036577       0.0459     0.041938      0.19157
x432         COVAR   11133   0.00081629    0.0010484     0.037596      0.49134
x433         COVAR   11133     0.049034     0.061974     0.040033      0.11034
x434         COVAR   11133    -0.071896    -0.094666     0.039031      0.96725
x435         COVAR   11133     -0.11382     -0.14341     0.042692      0.99616
x436         COVAR   11133    -0.036856    -0.046667     0.037364      0.83803
x437         COVAR   11133     0.082912      0.10429     0.039702     0.018396
x438         COVAR   11133     0.023313     0.029015     0.041139      0.28547
x439         COVAR   11133     0.034862     0.042383     0.046148        0.225
x440         COVAR   11133     0.020739     0.027318     0.035059      0.27708
x441         COVAR   11133     0.053897     0.068587     0.039079     0.083933
x442         COVAR   11133   -0.0063917   -0.0080229     0.042255      0.56012
x443         COVAR   11133     0.034618      0.04469     0.034621      0.15869
x444         COVAR   11133    0.0076527      0.01009     0.025469      0.38191
x445         COVAR   11133    0.0071324    0.0087391     0.051984      0.44544
x446         COVAR   11133    0.0030568    0.0037996     0.039723      0.46933
x447         COVAR   11133     0.024283     0.031353     0.031738      0.22211
x448         COVAR   11133    -0.065832    -0.087091     0.037966      0.95852
x449         COVAR   11133     0.057266     0.073616     0.034391     0.047958
x450         COVAR   11133     0.036195     0.048117     0.029751      0.11189
x451         COVAR   11133     0.053138     0.068009      0.03551      0.06729
x452         COVAR   11133     0.036928     0.047367     0.032009      0.12433
x453         COVAR   11133     -0.06803    -0.086237     0.040488      0.95353
x454         COVAR   11133    -0.017701    -0.021809     0.043791      0.65697
x455         COVAR   11133    -0.029513    -0.037818     0.035166      0.79932
x456         COVAR   11133     0.052986      0.06914     0.034492     0.062262
x457         COVAR   11133    -0.083714      -0.1075     0.038169      0.98584
x458         COVAR   11133    -0.020996    -0.026786     0.044259      0.68239
x459         COVAR   11133      0.12919      0.15512     0.041941    0.0010365
x460         COVAR   11133    -0.053685     -0.06977     0.042368      0.89743
x461         COVAR   11133    -0.008227    -0.010568     0.032988      0.59847
x462         COVAR   11133    -0.032471    -0.040935     0.044526      0.76707
x463         COVAR   11133    -0.051005    -0.065795     0.040359      0.89684
x464         COVAR   11133     -0.11301     -0.14254     0.043631       0.9952
x465         COVAR   11133    -0.055076    -0.068829     0.036462      0.93453
x466         COVAR   11133     0.020339      0.02517      0.03983      0.30481
x467         COVAR   11133     0.014166     0.018756     0.034167      0.33922
x468         COVAR   11133    -0.031396    -0.040195     0.039475      0.78678
x469         COVAR   11133     0.026119      0.03353      0.04487      0.28025
x470         COVAR   11133    -0.013865     -0.01809     0.036224      0.64905
x471         COVAR   11133    -0.043968    -0.056162     0.037855      0.87727
x472         COVAR   11133     0.027127     0.034836     0.031957        0.198
x473         COVAR   11133     0.029422     0.036421     0.042649      0.24514
x474         COVAR   11133    -0.034928    -0.043587     0.039143      0.81388
x475         COVAR   11133  -3.3403e-05  -4.2707e-05      0.04255      0.50031
x476         COVAR   11133    -0.056458    -0.072605     0.042057      0.91026
x477         COVAR   11133     -0.04782     -0.06065     0.042758      0.86828
x478         COVAR   11133    -0.026171    -0.033631     0.042195      0.73244
x479         COVAR   11133    0.0078479    0.0099858     0.041923      0.42575
x480         COVAR   11133     0.049008     0.061823      0.03629     0.088452
x481         COVAR   11133    -0.054776     -0.07393     0.033688      0.94801
x482         COVAR   11133   -0.0023423   -0.0028725      0.04616      0.52023
x483         COVAR   11133     -0.02557    -0.032116     0.041899      0.72916
x484         COVAR   11133    -0.036652    -0.046176     0.041085      0.81382
x485         COVAR   11133     0.031935     0.042515     0.029743      0.14149
x486         COVAR   11133    -0.020665    -0.026628     0.035546       0.7195
x487         COVAR   11133     0.023181     0.029723     0.041921      0.29015
x488         COVAR   11133     0.069519     0.089075     0.039786     0.040305
x489         COVAR   11133   -0.0023755   -0.0031318     0.036844       0.5257
x490         COVAR   11133    -0.014159     -0.01813     0.040641      0.63622
x491         COVAR   11133    0.0054981    0.0070124     0.032317      0.43245
x492         COVAR   11133     0.034782     0.043338     0.039998      0.19227
x493         COVAR   11133    0.0074284    0.0098589     0.035452      0.41702
x494         COVAR   11133     0.050512     0.063642     0.040595      0.10671
x495         COVAR   11133    -0.053853    -0.066761     0.044308      0.88788
x496         COVAR   11133    -0.013498    -0.016935     0.037273      0.64137
x497         COVAR   11133     0.024151      0.03209      0.02717      0.18704
x498         COVAR   11133     -0.12872     -0.16087      0.04628      0.99729
x499         COVAR   11133    -0.015201     -0.01995      0.03399      0.67263
x500         COVAR   11133    -0.013889    -0.018276     0.036836      0.64692
x501         COVAR   11133    0.0029631    0.0036957     0.039629       0.4702
x502         COVAR   11133    -0.085124     -0.10899     0.039909      0.98353
x503         COVAR   11133     0.011819     0.015644     0.035653      0.37013
x504         COVAR   11133     0.015834     0.020826     0.036845      0.33369
x505         COVAR   11133    -0.043098    -0.054301     0.043679      0.83809
x506         COVAR   11133    -0.021484     -0.02809      0.03913      0.70851
x507         COVAR   11133     0.002728    0.0033498     0.039049      0.47215
x508         COVAR   11133    -0.042718    -0.054223     0.039725      0.85887
x509         COVAR   11133    0.0011216    0.0014535     0.039459      0.48866
x510         COVAR   11133   -0.0039106     -0.00496     0.035754      0.54355
x511         COVAR   11133     -0.10429     -0.13716     0.037088      0.99753
x512         COVAR   11133    0.0011064    0.0013718      0.03933      0.48878
x513         COVAR   11133    -0.013341    -0.016852     0.035918      0.64484
x514         COVAR   11133    -0.078157    -0.099677     0.039129       0.9771
x515         COVAR   11133    -0.037222    -0.048389     0.035438       0.8532
x516         COVAR   11133    -0.075959    -0.098604     0.041087      0.96774
x517         COVAR   11133    -0.013743     -0.01801     0.037908      0.64152
x518         COVAR   11133     -0.04908    -0.061882     0.043726      0.86915
x519         COVAR   11133     0.055744     0.072637     0.038822     0.075536
x520         COVAR   11133    -0.041718    -0.052505     0.047789      0.80865
x521         COVAR   11133    -0.082831     -0.10547     0.048549      0.95599
x522         COVAR   11133    -0.053171     -0.06952     0.039466      0.91103
x523         COVAR   11133    -0.045716    -0.059426     0.029425      0.93985
x524         COVAR   11133     0.027448     0.033751     0.049499      0.28962
x525         COVAR   11133     0.021739     0.027523     0.039962      0.29323
x526         COVAR   11133     0.037648     0.047653     0.040755      0.17782
x527         COVAR   11133     0.012793     0.016453      0.03464      0.35595
x528         COVAR   11133   0.00072698   0.00092538     0.035975      0.49194
x529         COVAR   11133    0.0018816    0.0023713     0.038893      0.48071
x530         COVAR   11133   -0.0041662   -0.0055246     0.034321      0.54831
x531         COVAR   11133    0.0035263     0.004504      0.04559      0.46917
x532         COVAR   11133     0.010264      0.01273     0.037601      0.39244
x533         COVAR   11133      0.03686     0.047095     0.034047       0.1395
x534         COVAR   11133    -0.013415    -0.016921     0.035393      0.64767
x535         COVAR   11133     -0.17898     -0.23164     0.041099      0.99999
x536         COVAR   11133    -0.031532    -0.039401     0.038131      0.79586
x537         COVAR   11133   -0.0017717   -0.0022791     0.032698      0.52161
x538         COVAR   11133    -0.072681    -0.094341     0.041307      0.96074
x539         COVAR   11133    -0.046091    -0.057854     0.041334      0.86758
x540         COVAR   11133    -0.010313     -0.01266      0.04117       0.5989
x541         COVAR   11133      0.10265      0.12733     0.034365    0.0014113
x542         COVAR   11133   -0.0023913   -0.0030146     0.042774      0.52229
x543         COVAR   11133     0.027501     0.034915     0.035861      0.22158
x544         COVAR   11133     0.029607     0.038409     0.034119      0.19278
x545         COVAR   11133     0.035257     0.045654     0.033458        0.146
x546         COVAR   11133      0.11202       0.1359     0.039929    0.0025155
x547         COVAR   11133     -0.12149     -0.15718     0.039576      0.99893
x548         COVAR   11133      0.05321     0.068148     0.035547     0.067228
x549         COVAR   11133   0.00029379   0.00036789     0.036309      0.49677
x550         COVAR   11133    0.0025357    0.0032225     0.034668      0.47085
x551         COVAR   11133    -0.047196    -0.061092     0.040198       0.8798
x552         COVAR   11133    -0.028457    -0.037458      0.03619      0.78416
