# TOTAL_GENES = 11174
# TEST_DIRECTION = one-sided, positive (set), one-sided, positive (covar)
# CONDITIONED_INTERNAL = gene size, gene density, sample size, inverse mac, log(gene size), log(gene density), log(sample size), log(inverse mac)
# CONDITIONED_HIDDEN = Average (covar)
VARIABLE      TYPE  NGENES         BETA     BETA_STD           SE            P
x1           COVAR   11174     0.012277     0.014335     0.052304      0.40721
x2           COVAR   11174     0.016435     0.021237     0.024312      0.24952
x3           COVAR   11174     0.010536     0.012699      0.04197      0.40089
x4           COVAR   11174    -0.023376    -0.028238     0.040132      0.71987
x5           COVAR   11174      0.03817      0.04517       0.0393      0.16573
x6           COVAR   11174      0.14756      0.17254     0.041606   0.00019597
x7           COVAR   11174   -0.0068539   -0.0082074      0.03974      0.56846
x8           COVAR   11174    -0.013456    -0.015657     0.045065      0.61737
x9           COVAR   11174    -0.081549    -0.099953     0.044154      0.96761
x10          COVAR   11174     0.014477     0.017543     0.040654      0.36088
x11          COVAR   11174     0.015552     0.019165     0.031421      0.31032
x12          COVAR   11174    0.0037499    0.0044403     0.042268      0.46465
x13          COVAR   11174     0.048457     0.059258     0.030045     0.053406
x14          COVAR   11174    0.0026417    0.0031958     0.042639       0.4753
x15          COVAR   11174    -0.043055     -0.05065     0.041894      0.84795
x16          COVAR   11174     0.022283     0.026547     0.035748      0.26654
x17          COVAR   11174     0.040081     0.046772     0.053665      0.22758
x18          COVAR   11174    -0.073319    -0.089078     0.048191      0.93591
x19          COVAR   11174     -0.17598     -0.20909     0.052085      0.99963
x20          COVAR   11174     0.057011     0.068039     0.037661     0.065055
x21          COVAR   11174  -0.00045988  -0.00053323     0.050661      0.50362
x22          COVAR   11174     0.059674     0.072593     0.038819      0.06213
x23          COVAR   11174     0.016836     0.020552     0.038794      0.33215
x24          COVAR   11174     0.026044     0.032862     0.028476      0.18022
x25          COVAR   11174     0.050725     0.061388     0.041253      0.10944
x26          COVAR   11174     0.060436     0.073367     0.036001     0.046618
x27          COVAR   11174   -0.0096851    -0.012418     0.032596      0.61681
x28          COVAR   11174     0.060055     0.070215      0.05207       0.1244
x29          COVAR   11174    -0.029383    -0.035048     0.044826      0.74392
x30          COVAR   11174    -0.014233    -0.016813      0.04707      0.61882
x31          COVAR   11174    -0.012818    -0.015436     0.043827      0.61503
x32          COVAR   11174    -0.042685    -0.051327     0.042633      0.84163
x33          COVAR   11174     0.036337     0.044264     0.031339      0.12314
x34          COVAR   11174     0.049056      0.05843     0.035809     0.085368
x35          COVAR   11174    -0.096667     -0.11607     0.041343       0.9903
x36          COVAR   11174   -0.0084259   -0.0099336     0.047333      0.57064
x37          COVAR   11174    -0.015902    -0.018976     0.043993      0.64112
x38          COVAR   11174     -0.14845     -0.18031     0.045083       0.9995
x39          COVAR   11174     0.021557     0.026853     0.027767      0.21878
x40          COVAR   11174    -0.053857    -0.066036     0.039162      0.91546
x41          COVAR   11174     0.029061     0.034264     0.039659      0.23186
x42          COVAR   11174    -0.057695     -0.07039     0.037763      0.93671
x43          COVAR   11174       0.0043    0.0050941      0.03906      0.45617
x44          COVAR   11174     -0.14733     -0.17592     0.046259      0.99927
x45          COVAR   11174    -0.016081    -0.019078     0.044897      0.63989
x46          COVAR   11174     0.011076     0.013779     0.032584      0.36696
x47          COVAR   11174    -0.032717    -0.038086     0.045804      0.76247
x48          COVAR   11174   -0.0068016   -0.0081967     0.033816       0.5797
x49          COVAR   11174      0.10397      0.12512     0.040066    0.0047367
x50          COVAR   11174    -0.013416    -0.015637     0.048506      0.60895
x51          COVAR   11174     0.033736     0.039706     0.037189      0.18218
x52          COVAR   11174     0.070446     0.083572     0.035556     0.023792
x53          COVAR   11174    -0.031434    -0.037631     0.044869      0.75821
x54          COVAR   11174     0.028373     0.033957      0.03614      0.21621
x55          COVAR   11174     -0.13189     -0.16012     0.048236      0.99687
x56          COVAR   11174    -0.032606    -0.039461     0.040452      0.78988
x57          COVAR   11174    -0.031191    -0.035973     0.047713      0.74335
x58          COVAR   11174    -0.059625    -0.074886     0.040613      0.92895
x59          COVAR   11174    -0.059425    -0.070867     0.046343      0.90012
x60          COVAR   11174    -0.074818    -0.089343     0.044594      0.95329
x61          COVAR   11174    -0.047264    -0.056754      0.04361      0.86076
x62          COVAR   11174     -0.07137     -0.08643     0.042127      0.95487
x63          COVAR   11174     0.028396     0.033775     0.040689      0.24263
x64          COVAR   11174    -0.027948    -0.034012     0.044409      0.73543
x65          COVAR   11174     -0.10881     -0.13019     0.042375      0.99487
x66          COVAR   11174   -0.0028265   -0.0033736     0.041303      0.52728
x67          COVAR   11174    0.0018625    0.0021743     0.040713      0.48176
x68          COVAR   11174     0.084736      0.09823     0.051378     0.049562
x69          COVAR   11174    0.0051266    0.0062214     0.038256       0.4467
x70          COVAR   11174      0.02339     0.027738     0.037747      0.26775
x71          COVAR   11174    -0.023516    -0.027746     0.045535      0.69722
x72          COVAR   11174    -0.021847      -0.0259     0.045466      0.68457
x73          COVAR   11174     0.095774      0.11554     0.038532    0.0064746
x74          COVAR   11174    0.0080779    0.0093973     0.045677      0.42982
x75          COVAR   11174     -0.13514     -0.16024     0.044649      0.99876
x76          COVAR   11174   -0.0012992   -0.0015064     0.042011      0.51233
x77          COVAR   11174     0.015797     0.018377     0.048836      0.37318
x78          COVAR   11174     0.028804     0.033692     0.044921       0.2607
x79          COVAR   11174     0.076507     0.090745     0.040817     0.030453
x80          COVAR   11174     0.068869     0.083321     0.039398     0.040244
x81          COVAR   11174      0.19198      0.21561     0.045618   1.2965e-05
x82          COVAR   11174     0.065998     0.081097     0.036056     0.033608
x83          COVAR   11174    -0.021787    -0.025383     0.048771      0.67246
x84          COVAR   11174     0.044042     0.052551     0.033584     0.094872
x85          COVAR   11174    -0.015715    -0.018425     0.052636      0.61736
x86          COVAR   11174     0.056544     0.066753     0.034787     0.052048
x87          COVAR   11174     0.036564     0.042751     0.043602      0.20086
x88          COVAR   11174    0.0033988    0.0041039     0.043185      0.46863
x89          COVAR   11174     0.096482      0.11198     0.038411    0.0060133
x90          COVAR   11174     0.060099     0.073545     0.029286     0.020091
x91          COVAR   11174     0.053404     0.064298     0.038437     0.082369
x92          COVAR   11174     0.033884     0.040806     0.041003       0.2043
x93          COVAR   11174      0.10886      0.12801     0.033847   0.00065152
x94          COVAR   11174    0.0025612    0.0030306     0.038799      0.47369
x95          COVAR   11174     -0.13961      -0.1674     0.047199      0.99845
x96          COVAR   11174     0.035951      0.04314     0.035713      0.15706
x97          COVAR   11174     0.026477     0.034487      0.02941        0.184
x98          COVAR   11174    -0.063571    -0.076847     0.042995      0.93036
x99          COVAR   11174     -0.11895     -0.14608     0.040126      0.99848
x100         COVAR   11174    -0.075369    -0.092639     0.039257      0.97255
x101         COVAR   11174     0.078654     0.094808     0.035724     0.013853
x102         COVAR   11174     0.047624     0.057393     0.030468     0.059031
x103         COVAR   11174     0.072409     0.083646     0.043513     0.048063
x104         COVAR   11174     0.039059     0.047142     0.041614      0.17398
x105         COVAR   11174     -0.03287    -0.039253     0.038596      0.80278
x106         COVAR   11174      -0.0512    -0.061937     0.045604      0.86921
x107         COVAR   11174    -0.010804    -0.013015     0.043322      0.59847
x108         COVAR   11174    -0.013748    -0.016732     0.040797      0.63193
x109         COVAR   11174    -0.038566    -0.046382     0.044821      0.80522
x110         COVAR   11174     0.076249     0.092575      0.03913     0.025684
x111         COVAR   11174     0.013706     0.016557     0.039565      0.36452
x112         COVAR   11174     -0.11519     -0.14259     0.043724      0.99578
x113         COVAR   11174      0.03992      0.04916     0.031333      0.10134
x114         COVAR   11174   -0.0056112   -0.0067467     0.041453      0.55384
x115         COVAR   11174     0.024362     0.032073     0.028049      0.19255
x116         COVAR   11174     0.034886      0.04272     0.037246      0.17448
x117         COVAR   11174     0.038985     0.047984     0.029627     0.094126
x118         COVAR   11174     0.061357     0.073367     0.041029     0.067413
x119         COVAR   11174     0.035306     0.043838     0.035799      0.16202
x120         COVAR   11174     0.016346     0.019991     0.040744      0.34414
x121         COVAR   11174    -0.016397    -0.019397     0.040675      0.65657
x122         COVAR   11174    0.0019619    0.0025381     0.023398      0.46659
x123         COVAR   11174    -0.016628    -0.020229     0.038473       0.6672
x124         COVAR   11174     0.021708     0.026452     0.037477      0.28123
x125         COVAR   11174    -0.041406    -0.050796     0.043617      0.82875
x126         COVAR   11174    -0.049561    -0.058297     0.046947      0.85443
x127         COVAR   11174    0.0016459    0.0020092     0.037176      0.48234
x128         COVAR   11174     0.031752     0.037508     0.036662      0.19323
x129         COVAR   11174    -0.042056    -0.050718     0.040552      0.85014
x130         COVAR   11174      0.01899      0.02245     0.043089      0.32971
x131         COVAR   11174     0.012479     0.015449     0.038029      0.37141
x132         COVAR   11174   -0.0003612  -0.00042498     0.043305      0.50333
x133         COVAR   11174      0.09952      0.11682     0.038552    0.0049259
x134         COVAR   11174   -0.0093973    -0.011034     0.044353       0.5839
x135         COVAR   11174    -0.020867    -0.024461     0.048097       0.6678
x136         COVAR   11174     -0.01184    -0.014086     0.044259      0.60546
x137         COVAR   11174    0.0044676    0.0052442     0.040136      0.45569
x138         COVAR   11174    0.0010444    0.0012278     0.040898      0.48981
x139         COVAR   11174     0.005595    0.0072545     0.030845      0.42803
x140         COVAR   11174    0.0017453     0.002055      0.04747      0.48534
x141         COVAR   11174     0.040827     0.049092     0.035634      0.12597
x142         COVAR   11174    -0.010312    -0.013051     0.030292      0.63323
x143         COVAR   11174    -0.013187    -0.016146     0.039605      0.63042
x144         COVAR   11174    -0.013542    -0.016259     0.038995       0.6358
x145         COVAR   11174     0.020964     0.025805      0.03607      0.28055
x146         COVAR   11174    -0.053514    -0.063846     0.042697      0.89495
x147         COVAR   11174     -0.09621     -0.11596     0.043091      0.98721
x148         COVAR   11174     0.014569     0.019323     0.027901      0.30078
x149         COVAR   11174    -0.018032    -0.021956     0.038393       0.6807
x150         COVAR   11174     0.044906     0.057386     0.026714     0.046398
x151         COVAR   11174     -0.13584     -0.16462     0.042715      0.99926
x152         COVAR   11174    -0.011452    -0.013752     0.037249      0.62075
x153         COVAR   11174     0.032032     0.038679     0.041452      0.21985
x154         COVAR   11174     -0.00803   -0.0094311     0.039903      0.57974
x155         COVAR   11174     -0.11736     -0.13984     0.043017      0.99681
x156         COVAR   11174    -0.093595     -0.10963     0.048151      0.97403
x157         COVAR   11174     -0.10058     -0.11957     0.043383      0.98977
x158         COVAR   11174     0.014944     0.018275     0.037276      0.34426
x159         COVAR   11174    -0.022777    -0.026534     0.041602      0.70797
x160         COVAR   11174     -0.12188     -0.14469     0.049507      0.99308
x161         COVAR   11174    -0.026104    -0.031259     0.039162      0.74747
x162         COVAR   11174   -0.0046768   -0.0056364     0.040221      0.54628
x163         COVAR   11174     0.052977     0.063128     0.039024     0.087317
x164         COVAR   11174     0.025866     0.029934     0.046783      0.29017
x165         COVAR   11174    -0.028838    -0.034957     0.037483      0.77915
x166         COVAR   11174    -0.045409    -0.055064     0.043181      0.85349
x167         COVAR   11174   -0.0010626   -0.0012701     0.046225      0.50917
x168         COVAR   11174     -0.16442     -0.19405     0.054438      0.99873
x169         COVAR   11174    -0.028031    -0.034286      0.03674      0.77725
x170         COVAR   11174     -0.11775     -0.14161     0.041362      0.99779
x171         COVAR   11174    0.0015288    0.0018499     0.039649      0.48462
x172         COVAR   11174   -0.0018567   -0.0022426     0.043784      0.51691
x173         COVAR   11174     -0.03697    -0.046077     0.035726      0.84961
x174         COVAR   11174     0.034908     0.041288     0.043669      0.21204
x175         COVAR   11174     0.011607     0.013843     0.036174      0.37416
x176         COVAR   11174    -0.090522     -0.10636     0.047377      0.97196
x177         COVAR   11174     -0.01461    -0.017088     0.040701      0.64018
x178         COVAR   11174     0.024383     0.029031     0.041086      0.27644
x179         COVAR   11174    -0.092082     -0.11254     0.040157      0.98907
x180         COVAR   11174     0.034467     0.042529     0.033388      0.15097
x181         COVAR   11174     -0.01663    -0.020208     0.041313      0.65635
x182         COVAR   11174    -0.059024     -0.07243     0.039818      0.93086
x183         COVAR   11174     0.032087     0.038495     0.037403      0.19549
x184         COVAR   11174     0.024502      0.02912     0.036305      0.24988
x185         COVAR   11174   -0.0081557   -0.0095918     0.046103      0.57021
x186         COVAR   11174    -0.019959    -0.024889     0.034348       0.7194
x187         COVAR   11174     0.074568     0.089517     0.037506      0.02341
x188         COVAR   11174     0.062673     0.074074     0.041541     0.065703
x189         COVAR   11174     0.052006     0.063821     0.036127     0.075017
x190         COVAR   11174     0.077123     0.093737     0.039526      0.02553
x191         COVAR   11174     0.074382     0.090209     0.037674     0.024184
x192         COVAR   11174      0.06776     0.079115     0.049461     0.085365
x193         COVAR   11174     0.029939     0.036175     0.040439      0.22955
x194         COVAR   11174    0.0080318    0.0094321     0.040426      0.42126
x195         COVAR   11174    -0.020261    -0.025314     0.033784      0.72565
x196         COVAR   11174    -0.061426    -0.074498      0.03826      0.94579
x197         COVAR   11174     0.041041     0.047899     0.048883      0.20059
x198         COVAR   11174   -0.0046901   -0.0055261     0.044235      0.54222
x199         COVAR   11174     -0.11955      -0.1435     0.041864      0.99785
x200         COVAR   11174    -0.049034    -0.058284     0.038451      0.89887
x201         COVAR   11174    -0.027995    -0.033524     0.038856      0.76438
x202         COVAR   11174     0.030666     0.036619     0.041467       0.2298
x203         COVAR   11174    -0.016005    -0.018676     0.040976      0.65195
x204         COVAR   11174    -0.044076    -0.052272     0.048957      0.81601
x205         COVAR   11174    0.0081032    0.0097695     0.034125      0.40615
x206         COVAR   11174     0.048176     0.057017     0.038657      0.10635
x207         COVAR   11174     0.016574     0.019935     0.033903      0.31247
x208         COVAR   11174    -0.011258    -0.013418     0.043605      0.60187
x209         COVAR   11174     0.024293     0.029839      0.02994      0.20858
x210         COVAR   11174     -0.15429      -0.1822      0.05236      0.99839
x211         COVAR   11174     0.036727     0.043781     0.039524       0.1764
x212         COVAR   11174     0.055219     0.063477     0.043301      0.10112
x213         COVAR   11174   -0.0033017   -0.0039024     0.038391      0.53427
x214         COVAR   11174     0.017267     0.020711     0.040156       0.3336
x215         COVAR   11174    -0.018759    -0.022523     0.036788      0.69494
x216         COVAR   11174      0.09183      0.11029     0.041579     0.013614
x217         COVAR   11174       -0.153      -0.1856     0.043006      0.99981
x218         COVAR   11174     0.020643     0.024175     0.047073       0.3305
x219         COVAR   11174    -0.082324    -0.098704     0.041845      0.97541
x220         COVAR   11174     0.063763     0.078383     0.033874     0.029906
x221         COVAR   11174     0.095673      0.11287     0.036202    0.0041182
x222         COVAR   11174    -0.041966    -0.050114     0.043549      0.83237
x223         COVAR   11174    -0.034339    -0.042054     0.031644      0.86106
x224         COVAR   11174       0.0331     0.039641     0.039534      0.20124
x225         COVAR   11174   -0.0016908   -0.0020353     0.037646      0.51791
x226         COVAR   11174     0.023631     0.029623     0.035604      0.25344
x227         COVAR   11174     0.043006      0.04998     0.051552      0.20208
x228         COVAR   11174     0.013094     0.014986     0.042844      0.37995
x229         COVAR   11174    -0.021709    -0.026308     0.042757      0.69417
x230         COVAR   11174     -0.06575    -0.079579     0.040982      0.94567
x231         COVAR   11174      0.09849      0.11432     0.047915     0.019926
x232         COVAR   11174      -0.1597     -0.19222     0.044709      0.99982
x233         COVAR   11174     0.013154     0.016773     0.033603      0.34773
x234         COVAR   11174    -0.019266    -0.024015     0.037974      0.69404
x235         COVAR   11174     0.039926     0.048298     0.033134      0.11412
x236         COVAR   11174     0.062253     0.076595     0.031329     0.023468
x237         COVAR   11174     0.016918     0.020314     0.032302      0.30023
x238         COVAR   11174     0.008717     0.010725     0.036332       0.4052
x239         COVAR   11174     -0.11864     -0.14436     0.045964      0.99507
x240         COVAR   11174     0.073938     0.088943     0.038984     0.028954
x241         COVAR   11174     0.014532     0.017061      0.04632      0.37686
x242         COVAR   11174     0.066628      0.07837     0.052038      0.10022
x243         COVAR   11174    -0.020964    -0.025123     0.041959      0.69133
x244         COVAR   11174    -0.034591    -0.041561     0.042944      0.78972
x245         COVAR   11174    0.0049933    0.0061046     0.032635       0.4392
x246         COVAR   11174    0.0017246    0.0020297     0.046704      0.48527
x247         COVAR   11174     0.055311     0.064233     0.051569      0.14174
x248         COVAR   11174    -0.028764    -0.033315     0.046496      0.73191
x249         COVAR   11174    -0.011823    -0.014018     0.042373      0.60988
x250         COVAR   11174   -0.0030501   -0.0037043     0.042046      0.52891
x251         COVAR   11174    -0.058948    -0.070172     0.040004      0.92969
x252         COVAR   11174    -0.042327    -0.052978     0.039135      0.86026
x253         COVAR   11174    0.0040668     0.005004     0.036314      0.45542
x254         COVAR   11174    0.0080394     0.009857     0.037225      0.41451
x255         COVAR   11174     0.053902     0.063353     0.050171      0.14134
x256         COVAR   11174      0.13519      0.15596     0.037953   0.00018469
x257         COVAR   11174    -0.039422    -0.048028     0.037571      0.85296
x258         COVAR   11174    -0.014438    -0.017139     0.040069       0.6407
x259         COVAR   11174    0.0025834    0.0031217     0.042815      0.47594
x260         COVAR   11174    -0.082144    -0.097061      0.04685      0.96021
x261         COVAR   11174    -0.016342    -0.019671     0.038136      0.66586
x262         COVAR   11174    -0.095707     -0.11504     0.048952       0.9747
x263         COVAR   11174     0.046429     0.056053     0.030018     0.060983
x264         COVAR   11174      0.12831      0.14872      0.04479    0.0020918
x265         COVAR   11174    -0.052013    -0.062531     0.041496      0.89497
x266         COVAR   11174     -0.01785    -0.020967     0.050363      0.63849
x267         COVAR   11174     0.031133     0.037433     0.034117      0.18075
x268         COVAR   11174     0.037972     0.046702     0.035969      0.14557
x269         COVAR   11174     0.013914     0.016847     0.042691      0.37224
x270         COVAR   11174     0.016832     0.020398     0.032893      0.30443
x271         COVAR   11174     0.024117     0.028833     0.033273      0.23429
x272         COVAR   11174    -0.070968    -0.088217     0.035206      0.97808
x273         COVAR   11174     0.046129      0.05505     0.039352      0.12057
x274         COVAR   11174     0.041298     0.049016     0.039449      0.14759
x275         COVAR   11174     0.055016     0.066106     0.036734      0.06712
x276         COVAR   11174    -0.032479    -0.039793     0.034677      0.82552
x277         COVAR   11174    -0.091822     -0.11094     0.042139      0.98532
x278         COVAR   11174     0.050071     0.059728      0.03643     0.084669
x279         COVAR   11174    -0.011037    -0.012883     0.045516      0.59579
x280         COVAR   11174     0.022105      0.02587     0.045612      0.31398
x281         COVAR   11174      0.12451      0.14542     0.038494   0.00061087
x282         COVAR   11174    -0.012378    -0.014976     0.040083      0.62127
x283         COVAR   11174     0.027149     0.033168     0.036856      0.23068
x284         COVAR   11174    -0.084318       -0.101     0.046173      0.96607
x285         COVAR   11174     0.013605     0.016244      0.04431      0.37941
x286         COVAR   11174    0.0042615    0.0051745     0.041978      0.45957
x287         COVAR   11174    0.0038948    0.0045183     0.044158      0.46486
x288         COVAR   11174     -0.11444     -0.13728     0.044354      0.99506
x289         COVAR   11174     0.050772     0.059893     0.050518      0.15746
x290         COVAR   11174    -0.081626    -0.099977     0.040802      0.97727
x291         COVAR   11174     0.070957     0.086446      0.03842     0.032395
x292         COVAR   11174    -0.011158    -0.013523     0.041318      0.60644
x293         COVAR   11174    0.0054191    0.0062362     0.044475      0.45151
x294         COVAR   11174     -0.11114     -0.13447     0.044572      0.99367
x295         COVAR   11174     0.022214      0.02642     0.040844      0.29327
x296         COVAR   11174      0.02984     0.035463     0.039185      0.22318
x297         COVAR   11174    -0.010407    -0.012772     0.033388      0.62237
x298         COVAR   11174    0.0044948    0.0059391     0.024448      0.42707
x299         COVAR   11174     -0.10631     -0.13206     0.043923      0.99224
x300         COVAR   11174    -0.055092    -0.066952     0.037955      0.92667
x301         COVAR   11174  -0.00087851   -0.0010351     0.043212      0.50811
x302         COVAR   11174   -0.0031013   -0.0038418     0.035687      0.53462
x303         COVAR   11174    -0.084465     -0.10468      0.03893      0.98497
x304         COVAR   11174    -0.081174     -0.10174     0.040388      0.97777
x305         COVAR   11174    -0.008843    -0.010735     0.032116      0.60847
x306         COVAR   11174     0.017311     0.020505     0.034339      0.30709
x307         COVAR   11174     0.020911      0.02559     0.029745      0.24103
x308         COVAR   11174    -0.017314    -0.020099     0.051575      0.63145
x309         COVAR   11174     -0.09659      -0.1196     0.038885       0.9935
x310         COVAR   11174     -0.01467    -0.016982     0.049651      0.61617
x311         COVAR   11174    -0.019805    -0.023163     0.049495      0.65547
x312         COVAR   11174    -0.044698     -0.05558     0.033131      0.91134
x313         COVAR   11174     -0.10199     -0.12295     0.041299      0.99323
x314         COVAR   11174    -0.082382    -0.098243     0.046473      0.96184
x315         COVAR   11174     0.038716     0.045619     0.038858      0.15955
x316         COVAR   11174    -0.016677    -0.020277     0.037675      0.67098
x317         COVAR   11174     -0.00421   -0.0051011     0.036021      0.54652
x318         COVAR   11174     0.051463     0.061958     0.033085     0.059933
x319         COVAR   11174      0.11244      0.13009     0.052328     0.015841
x320         COVAR   11174    0.0010623    0.0012556     0.038217      0.48891
x321         COVAR   11174   -0.0031853   -0.0038121     0.043488      0.52919
x322         COVAR   11174      -0.1109     -0.13304     0.042371      0.99556
x323         COVAR   11174    -0.073228    -0.087995     0.044097      0.95159
x324         COVAR   11174    -0.052381    -0.062831     0.045536      0.87498
x325         COVAR   11174    -0.028774    -0.034187     0.040649      0.76048
x326         COVAR   11174     -0.12938     -0.15666     0.044744      0.99808
x327         COVAR   11174   -0.0057421   -0.0065646     0.048682      0.54695
x328         COVAR   11174     0.019183     0.023233     0.036097      0.29757
x329         COVAR   11174     0.058136     0.070675     0.038935     0.067712
x330         COVAR   11174     -0.13597     -0.16183     0.044033      0.99899
x331         COVAR   11174     0.019375     0.023666     0.030165      0.26034
x332         COVAR   11174     0.049768     0.061957     0.029505     0.045838
x333         COVAR   11174     0.084159     0.099559     0.045827     0.033158
x334         COVAR   11174   -0.0084305    -0.010125     0.043929      0.57609
x335         COVAR   11174     0.062259     0.074402      0.03828     0.051946
x336         COVAR   11174     0.020708     0.024641     0.035302      0.27874
x337         COVAR   11174    -0.073497    -0.091191     0.038519      0.97179
x338         COVAR   11174    -0.048538    -0.058485     0.041775      0.87735
x339         COVAR   11174    -0.034944    -0.043413         0.04      0.80882
x340         COVAR   11174   -0.0035109    -0.004566     0.026689      0.55233
x341         COVAR   11174    -0.057382     -0.07087     0.042767      0.91014
x342         COVAR   11174     -0.14043     -0.16417     0.056239      0.99373
x343         COVAR   11174     0.058991     0.070122     0.043905     0.089552
x344         COVAR   11174     0.047224     0.055618     0.047758      0.16139
x345         COVAR   11174   -0.0032904   -0.0037914     0.050091      0.52619
x346         COVAR   11174     0.018651     0.022506     0.039819      0.31975
x347         COVAR   11174     -0.12074     -0.14539      0.05211      0.98974
x348         COVAR   11174     0.043498     0.053116     0.038145      0.12709
x349         COVAR   11174   -0.0031382   -0.0036077     0.051052      0.52451
x350         COVAR   11174     0.020646      0.02467     0.043924      0.31917
x351         COVAR   11174    0.0058175    0.0071473     0.028278      0.41851
x352         COVAR   11174     0.022917     0.027373     0.040713      0.28676
x353         COVAR   11174    -0.054704    -0.069468     0.035627      0.93765
x354         COVAR   11174      0.12797      0.14733     0.046439    0.0029336
x355         COVAR   11174     0.033279     0.041217     0.030176      0.13506
x356         COVAR   11174    -0.020162    -0.025133     0.033517      0.72625
x357         COVAR   11174     0.049415     0.059376     0.031894     0.060666
x358         COVAR   11174     0.030612     0.036276     0.049132      0.26663
x359         COVAR   11174     0.014638     0.017654     0.039965      0.35709
x360         COVAR   11174    -0.070262    -0.089073     0.034178      0.98008
x361         COVAR   11174     0.040701     0.047826     0.038635      0.14607
x362         COVAR   11174      -0.0964     -0.11705     0.046377      0.98116
x363         COVAR   11174     0.028276     0.034229     0.038224      0.22974
x364         COVAR   11174    0.0050688    0.0063069     0.035283      0.44289
x365         COVAR   11174     -0.02293     -0.02887      0.03526      0.74225
x366         COVAR   11174    0.0088965     0.010471     0.043052      0.41815
x367         COVAR   11174     -0.02547    -0.030169      0.04823      0.70128
x368         COVAR   11174     0.012183     0.014329      0.03806      0.37445
x369         COVAR   11174     0.022322      0.02733     0.032729      0.24762
x370         COVAR   11174     0.027967     0.033242     0.045402      0.26896
x371         COVAR   11174    -0.092831     -0.11057     0.042191       0.9861
x372         COVAR   11174     0.017108     0.020107     0.037714      0.32506
x373         COVAR   11174    0.0010822    0.0013435     0.036173      0.48807
x374         COVAR   11174     0.080177     0.095211     0.044503     0.035818
x375         COVAR   11174    -0.098855     -0.12067     0.040163      0.99307
x376         COVAR   11174     0.019876     0.023232     0.042266      0.31908
x377         COVAR   11174     0.029765     0.035983     0.035615      0.20166
x378         COVAR   11174    -0.028919    -0.033898     0.042367      0.75256
x379         COVAR   11174     0.023136     0.027021     0.045683      0.30628
x380         COVAR   11174     0.043552     0.052183      0.03625      0.11481
x381         COVAR   11174     0.028055     0.033212     0.034945      0.21104
x382         COVAR   11174     -0.14597     -0.17506      0.04971      0.99834
x383         COVAR   11174     0.016034     0.019218     0.034232      0.31976
x384         COVAR   11174    -0.037386     -0.04525     0.043106       0.8071
x385         COVAR   11174    -0.049933    -0.061213     0.036564      0.91396
x386         COVAR   11174     0.016946     0.019658     0.048094      0.36229
x387         COVAR   11174     0.019053     0.022678     0.045649       0.3382
x388         COVAR   11174     0.077174     0.089904     0.049126     0.058113
x389         COVAR   11174     -0.15987       -0.193     0.043046       0.9999
x390         COVAR   11174   -0.0093092    -0.011203     0.038606      0.59527
x391         COVAR   11174    -0.017283    -0.020244      0.04811      0.64029
x392         COVAR   11174    -0.013067      -0.0152     0.053175      0.59705
x393         COVAR   11174     0.019608     0.022697     0.042676      0.32295
x394         COVAR   11174    -0.028017    -0.033676     0.044445      0.73577
x395         COVAR   11174    -0.036718    -0.044369     0.043528      0.80053
x396         COVAR   11174    0.0019538    0.0023265     0.044018       0.4823
x397         COVAR   11174     0.018828     0.023523     0.029157      0.25923
x398         COVAR   11174    0.0092176     0.010913     0.047806      0.42355
x399         COVAR   11174     0.057482     0.067536     0.037076     0.060539
x400         COVAR   11174     0.099229      0.11568     0.035969     0.002906
x401         COVAR   11174     -0.11791     -0.14029     0.044379      0.99605
x402         COVAR   11174    -0.034454     -0.04023     0.046215      0.77201
x403         COVAR   11174       0.0257     0.030559     0.039728      0.25885
x404         COVAR   11174     0.027777     0.032603      0.04642       0.2748
x405         COVAR   11174     0.013313     0.015284     0.049521      0.39403
x406         COVAR   11174    -0.032698    -0.038291     0.048989      0.74776
x407         COVAR   11174    -0.025278    -0.029507     0.050894      0.69029
x408         COVAR   11174      0.01657     0.020231     0.040325      0.34058
x409         COVAR   11174    -0.047405    -0.056168     0.047434      0.84118
x410         COVAR   11174    -0.015559    -0.019089     0.034151      0.67565
x411         COVAR   11174     -0.11298     -0.13556     0.043402      0.99538
x412         COVAR   11174    -0.074846    -0.094398     0.040058      0.96914
x413         COVAR   11174   -0.0017599   -0.0020857     0.044317      0.51584
x414         COVAR   11174     0.046658     0.055853     0.038119      0.11049
x415         COVAR   11174     0.006897    0.0082044     0.036155      0.42436
x416         COVAR   11174     0.014777     0.017377      0.04006      0.35612
x417         COVAR   11174    -0.028849    -0.035023     0.042567      0.75102
x418         COVAR   11174    -0.055707    -0.070717     0.037725       0.9301
x419         COVAR   11174    -0.090214     -0.10821     0.045095      0.97727
x420         COVAR   11174     0.053858     0.064285     0.037462     0.075279
x421         COVAR   11174    -0.036257    -0.043079     0.047769      0.77607
x422         COVAR   11174     0.053513     0.065734     0.029996     0.037226
x423         COVAR   11174      -0.0289    -0.035212     0.032791      0.81092
x424         COVAR   11174     0.091913      0.11095     0.037771    0.0074863
x425         COVAR   11174     0.017882     0.021461     0.046773      0.35112
x426         COVAR   11174    -0.029232    -0.034693     0.042004      0.75676
x427         COVAR   11174    -0.006802    -0.008473     0.033243      0.58106
x428         COVAR   11174    0.0067335     0.007865      0.04882      0.44515
x429         COVAR   11174     0.035886      0.04179     0.052575      0.24745
x430         COVAR   11174    -0.041856    -0.049838     0.041367      0.84418
x431         COVAR   11174    -0.027351    -0.034521     0.036156      0.77531
x432         COVAR   11174     0.013397     0.015979     0.043997      0.38037
x433         COVAR   11174    0.0087566      0.01045      0.04233      0.41806
x434         COVAR   11174     0.033932     0.041497     0.036138      0.17388
x435         COVAR   11174     0.038267     0.044487     0.052777      0.23421
x436         COVAR   11174    -0.047787     -0.05965     0.039857      0.88472
x437         COVAR   11174     -0.14312     -0.17102     0.044022      0.99942
x438         COVAR   11174     0.044524     0.054292     0.039319      0.12875
x439         COVAR   11174     0.043529     0.053031     0.031441     0.083123
x440         COVAR   11174      0.00532    0.0063865     0.038068      0.44443
x441         COVAR   11174    -0.021344    -0.025285     0.043408      0.68853
x442         COVAR   11174    -0.012103    -0.014549     0.038976      0.62191
x443         COVAR   11174    -0.033875    -0.039763     0.042791      0.78571
x444         COVAR   11174     0.019569     0.023688     0.035811      0.29239
x445         COVAR   11174     0.027619     0.034603     0.032332      0.19649
x446         COVAR   11174    -0.038968    -0.047304     0.041996      0.82326
x447         COVAR   11174    -0.026935    -0.031772     0.045194       0.7244
x448         COVAR   11174     0.045841      0.05556      0.03755      0.11109
x449         COVAR   11174     0.012834     0.015572     0.039063      0.37125
x450         COVAR   11174    -0.048361     -0.05737     0.047025      0.84811
x451         COVAR   11174     0.047562     0.058124     0.035901     0.092631
x452         COVAR   11174     -0.10074     -0.11799      0.04709      0.98379
x453         COVAR   11174     0.023466     0.028328     0.040401      0.28068
x454         COVAR   11174      0.06381     0.074182     0.049854       0.1003
x455         COVAR   11174    -0.052405    -0.061948      0.04434      0.88136
x456         COVAR   11174      0.18816      0.21324     0.045238   1.6083e-05
x457         COVAR   11174    -0.010488    -0.012658     0.043104      0.59612
x458         COVAR   11174    0.0062008    0.0072599     0.046054      0.44645
x459         COVAR   11174     0.026513     0.031522     0.044669      0.27641
x460         COVAR   11174     -0.11536     -0.13824     0.040923      0.99759
x461         COVAR   11174    -0.058387    -0.074097     0.035274      0.95105
x462         COVAR   11174     -0.10346     -0.12444     0.042257      0.99282
x463         COVAR   11174     0.060589     0.076333     0.030272     0.022684
x464         COVAR   11174    -0.028245    -0.033831      0.03642      0.78098
x465         COVAR   11174   0.00087099    0.0010366      0.04503      0.49228
x466         COVAR   11174    -0.046994    -0.056457     0.038535      0.88866
x467         COVAR   11174     0.029386     0.035188     0.040862      0.23604
x468         COVAR   11174   -0.0011597   -0.0013766     0.040003      0.51156
x469         COVAR   11174    -0.054336    -0.065477     0.037045      0.92876
x470         COVAR   11174     0.095266       0.1112     0.044079     0.015349
x471         COVAR   11174     0.033491     0.040359     0.036416      0.17888
x472         COVAR   11174     -0.15168     -0.18388     0.042122      0.99984
x473         COVAR   11174    -0.088001     -0.10781     0.045388      0.97373
x474         COVAR   11174    -0.032555    -0.041102     0.033733      0.83274
x475         COVAR   11174    -0.069836    -0.085706     0.039013      0.96326
x476         COVAR   11174    0.0077114    0.0090986     0.041387       0.4261
x477         COVAR   11174    -0.025577     -0.03059     0.044508      0.71723
x478         COVAR   11174    0.0064433    0.0078618     0.039266      0.43483
x479         COVAR   11174     -0.10723     -0.12889     0.041797      0.99484
x480         COVAR   11174    -0.086863     -0.10818     0.042597      0.97927
x481         COVAR   11174     -0.01045    -0.012693     0.038279      0.60757
x482         COVAR   11174    0.0094494     0.011424     0.037624      0.40085
x483         COVAR   11174    -0.015254    -0.018192     0.043418      0.63733
x484         COVAR   11174      0.01514     0.017605     0.045681      0.37017
x485         COVAR   11174    -0.015951     -0.01968     0.036403      0.66937
x486         COVAR   11174    -0.016006    -0.018611     0.044667      0.63995
x487         COVAR   11174  -1.8853e-06  -2.2904e-06     0.038947      0.50002
x488         COVAR   11174       0.1028      0.12104     0.036802    0.0026128
x489         COVAR   11174    -0.035488    -0.042725     0.037022       0.8311
x490         COVAR   11174     0.065612     0.079391     0.031202     0.017751
x491         COVAR   11174      0.05096     0.064241     0.029767     0.043469
x492         COVAR   11174    0.0016044    0.0019336     0.034808      0.48162
x493         COVAR   11174     0.013647     0.016764     0.036026      0.35241
x494         COVAR   11174     -0.09166     -0.11538     0.039512      0.98981
x495         COVAR   11174    -0.061611    -0.076018     0.041802      0.92973
x496         COVAR   11174     0.017266     0.020023     0.043762      0.34659
x497         COVAR   11174     0.034552      0.04132     0.043518      0.21362
x498         COVAR   11174     0.048821     0.058211     0.037171      0.09454
x499         COVAR   11174     0.049827     0.060199     0.030081      0.04883
x500         COVAR   11174     0.047711     0.057784     0.034939     0.086056
x501         COVAR   11174     -0.07457    -0.093447     0.040491      0.96722
x502         COVAR   11174    -0.020462    -0.025918     0.034309      0.72454
x503         COVAR   11174     0.044166     0.053437     0.035926      0.10948
x504         COVAR   11174     0.061085     0.072978     0.033383     0.033653
x505         COVAR   11174    -0.095057     -0.11837     0.041418      0.98913
x506         COVAR   11174    -0.054705    -0.067989     0.039602       0.9164
x507         COVAR   11174     0.087399      0.10417      0.03604    0.0076619
x508         COVAR   11174    -0.053064    -0.064607     0.041583      0.89903
x509         COVAR   11174    -0.087588     -0.10463     0.045431      0.97305
x510         COVAR   11174    0.0018352    0.0023986     0.023076      0.46831
x511         COVAR   11174    -0.024953    -0.028795     0.046942      0.70248
x512         COVAR   11174     0.014515     0.017542     0.039393      0.35627
x513         COVAR   11174    -0.012861      -0.0156      0.03795      0.63265
x514         COVAR   11174     0.041042     0.051163     0.033354      0.10927
x515         COVAR   11174    0.0082819    0.0097874     0.041487      0.42089
x516         COVAR   11174      0.01404     0.018342     0.023007      0.27085
x517         COVAR   11174   -0.0052364   -0.0062438     0.042747      0.54875
x518         COVAR   11174     0.022208     0.027005     0.040604      0.29221
x519         COVAR   11174    -0.049334    -0.057914     0.044266      0.86745
x520         COVAR   11174    -0.040472    -0.049015     0.043159       0.8258
x521         COVAR   11174    -0.060871    -0.076058      0.03967      0.93752
x522         COVAR   11174     0.026325     0.030818      0.04182      0.26452
x523         COVAR   11174     0.030903     0.036412     0.039236      0.21547
x524         COVAR   11174   -0.0028719   -0.0034686     0.042995      0.52663
x525         COVAR   11174     0.028006     0.032975     0.038592      0.23402
x526         COVAR   11174     0.031503     0.038108     0.037801      0.20232
x527         COVAR   11174   -0.0037258   -0.0045904     0.033803      0.54388
x528         COVAR   11174     0.023386     0.029303     0.027168      0.19469
x529         COVAR   11174    -0.075131    -0.091785      0.03733      0.97791
x530         COVAR   11174     0.049192      0.05739     0.040224      0.11069
x531         COVAR   11174    -0.039172    -0.048747     0.037446      0.85223
x532         COVAR   11174    0.0088352     0.010651     0.039558      0.41164
x533         COVAR   11174   -0.0015254   -0.0017669     0.043765       0.5139
x534         COVAR   11174     0.012216      0.01492     0.037514      0.37235
x535         COVAR   11174     0.039369     0.048205     0.038308      0.15206
x536         COVAR   11174    0.0075081    0.0088546     0.049375      0.43957
x537         COVAR   11174     0.018884     0.023024     0.037636      0.30793
x538         COVAR   11174     -0.11635     -0.14491     0.043325      0.99637
x539         COVAR   11174   -0.0047704     -0.00586     0.037161      0.55107
x540         COVAR   11174     0.029957      0.03518     0.039505      0.22414
x541         COVAR   11174    -0.027908    -0.032708     0.046367      0.72637
x542         COVAR   11174     0.028211     0.033348     0.035528      0.21359
x543         COVAR   11174     0.018983     0.022617     0.038401      0.31054
x544         COVAR   11174     0.092939      0.11242     0.034572    0.0035969
x545         COVAR   11174     0.058891     0.070214     0.037408     0.057725
x546         COVAR   11174     -0.10135     -0.12313     0.046034      0.98614
x547         COVAR   11174      0.05092     0.061223     0.040834      0.10621
x548         COVAR   11174    -0.030314    -0.037589     0.036533      0.79666
x549         COVAR   11174     0.051807     0.062097     0.035485     0.072163
x550         COVAR   11174     0.011051     0.013488     0.036892      0.38226
x551         COVAR   11174    -0.044746    -0.052808     0.048563      0.82157
x552         COVAR   11174     0.041684      0.05362     0.026342     0.056791
