Welcome to MAGMA v1.10 (linux)
Using flags:
	--gene-results /projects/perslab/apps/MAGMA/out/SystolicBP_GCST90310294/SystolicBP_GCST90310294.genes.raw
	--gene-covar /projects/perslab/people/jmg776/ad_hoc/dylan_MAGMA-milo/milo_lepinject.txt
	--model direction=greater condition-hide=Average
	--out /projects/perslab/people/jmg776/ad_hoc/dylan_MAGMA-milo/SystolicBP_lepinject1_gwas_milo

Start time is 12:00:18, Monday 22 Dec 2025

Reading file /projects/perslab/apps/MAGMA/out/SystolicBP_GCST90310294/SystolicBP_GCST90310294.genes.raw... 
	18073 genes read from file
Loading gene-level covariates...
Reading file /projects/perslab/people/jmg776/ad_hoc/dylan_MAGMA-milo/milo_lepinject.txt... 
	detected 1133 variables in file (using all)
	found 1133 valid gene covariates, for 11758 genes defined in genotype data
Processing missing values...
	found 6315 genes not present in all input files: removing these from analysis
	11758 genes remaining in analysis
Preparing variables for analysis...
	truncating Z-scores 3 points below zero or 6 standard deviations above the mean
	truncating covariate values more than 5 standard deviations from the mean
	total variables available for analysis: 1133 gene covariates

Parsing model specifications...
Inverting gene-gene correlation matrix...
Performing regression analysis...
	testing direction: one-sided, positive (sets), one-sided, positive (covar)
	conditioning on internal variables:
		gene size, log(gene size)
		gene density, log(gene density)
		sample size, log(sample size)
		inverse mac, log(inverse mac)
	conditioning on input variables (no output):
		Average (covar)
	analysing individual variables

	analysing single-variable models (number of models: 1132)
	writing results to file /projects/perslab/people/jmg776/ad_hoc/dylan_MAGMA-milo/SystolicBP_lepinject1_gwas_milo.gsa.out

End time is 12:00:28, Monday 22 Dec 2025 (elapsed: 00:00:10)
