# TOTAL_GENES = 11740
# TEST_DIRECTION = one-sided, positive (set), one-sided, positive (covar)
# CONDITIONED_INTERNAL = gene size, gene density, sample size, inverse mac, log(gene size), log(gene density), log(sample size), log(inverse mac)
# CONDITIONED_HIDDEN = Average (covar)
VARIABLE      TYPE  NGENES         BETA     BETA_STD           SE            P
x1           COVAR   11740     0.031251     0.040014     0.031252      0.15867
x2           COVAR   11740   -0.0064835    -0.008156     0.036949      0.56964
x3           COVAR   11740     0.030483     0.038631     0.031747      0.16849
x4           COVAR   11740   0.00064706   0.00081905     0.035389      0.49271
x5           COVAR   11740     0.012131     0.014591      0.04902      0.40227
x6           COVAR   11740    -0.078948     -0.10086     0.037509      0.98233
x7           COVAR   11740     0.030638     0.038833     0.033988      0.18369
x8           COVAR   11740     0.022729     0.028974      0.03282      0.24431
x9           COVAR   11740    -0.024469     -0.03078     0.044314      0.70958
x10          COVAR   11740    -0.065284    -0.083876      0.03894      0.95317
x11          COVAR   11740    0.0075918    0.0096195     0.034209      0.41219
x12          COVAR   11740     -0.06442    -0.089537       0.0265      0.99246
x13          COVAR   11740    -0.018491    -0.022819     0.046838       0.6535
x14          COVAR   11740   -0.0094574    -0.012544     0.030043      0.62354
x15          COVAR   11740    -0.026248     -0.03348     0.039488      0.74688
x16          COVAR   11740    -0.027784    -0.035035     0.037839       0.7686
x17          COVAR   11740    -0.010603    -0.013235     0.037021      0.61271
x18          COVAR   11740     0.076885     0.098565     0.033827     0.011525
x19          COVAR   11740   -0.0034524   -0.0043139     0.043509      0.53162
x20          COVAR   11740    -0.024701    -0.032708     0.032979      0.77306
x21          COVAR   11740    -0.011718    -0.015461     0.030829      0.64806
x22          COVAR   11740    -0.040343    -0.049544     0.044967      0.81518
x23          COVAR   11740    -0.053232    -0.066974     0.042204      0.89639
x24          COVAR   11740     0.024413     0.031868     0.030933        0.215
x25          COVAR   11740    -0.040832    -0.052383     0.041676      0.83638
x26          COVAR   11740     0.067708     0.084229     0.045658      0.06906
x27          COVAR   11740   -0.0058836   -0.0076081     0.030616       0.5762
x28          COVAR   11740  -0.00045015  -0.00056491     0.034942      0.50514
x29          COVAR   11740    -0.085354     -0.11059     0.038276      0.98712
x30          COVAR   11740     -0.12682     -0.16745     0.039619      0.99931
x31          COVAR   11740     -0.10865     -0.13821     0.044209        0.993
x32          COVAR   11740      0.06081     0.075809     0.042035     0.074014
x33          COVAR   11740    0.0095967     0.011982     0.035061      0.39216
x34          COVAR   11740     0.045212     0.056292     0.040149      0.13007
x35          COVAR   11740    0.0020176     0.002648     0.029476      0.47271
x36          COVAR   11740    -0.015576    -0.020475      0.03161       0.6889
x37          COVAR   11740     -0.07892       -0.103     0.037299      0.98281
x38          COVAR   11740    -0.024368      -0.0297     0.039498      0.73136
x39          COVAR   11740    -0.047577    -0.059066     0.039553      0.88548
x40          COVAR   11740     0.014044     0.017324     0.045105      0.37776
x41          COVAR   11740     0.082914      0.10375     0.034171    0.0076318
x42          COVAR   11740     -0.12574      -0.1654     0.038684      0.99942
x43          COVAR   11740     0.060437     0.079723     0.030871     0.025142
x44          COVAR   11740    0.0081674     0.010415     0.030665      0.39499
x45          COVAR   11740    -0.031026    -0.038768     0.044975      0.75485
x46          COVAR   11740    -0.075609    -0.095099     0.039059      0.97354
x47          COVAR   11740     0.042689      0.05437     0.034634      0.10888
x48          COVAR   11740    -0.038622      -0.0497     0.036825      0.85285
x49          COVAR   11740      0.10869      0.13612     0.038219    0.0022333
x50          COVAR   11740     0.012045      0.01467     0.047898      0.40072
x51          COVAR   11740    -0.065402      -0.0836     0.039293      0.95198
x52          COVAR   11740      -0.1039     -0.13172     0.041506      0.99384
x53          COVAR   11740     0.037367     0.047791     0.032551      0.12551
x54          COVAR   11740    -0.058121    -0.076158     0.034815      0.95247
x55          COVAR   11740    -0.036598     -0.04607     0.044475      0.79471
x56          COVAR   11740    -0.055269    -0.069718     0.043551      0.89778
x57          COVAR   11740     0.005894    0.0076959     0.027461      0.41503
x58          COVAR   11740     0.011432     0.015169     0.029394      0.34867
x59          COVAR   11740     0.056247     0.067937     0.039013     0.074699
x60          COVAR   11740    -0.072505    -0.095255     0.036733      0.97579
x61          COVAR   11740    0.0097938      0.01245     0.036863      0.39525
x62          COVAR   11740   -0.0029866   -0.0037476     0.043677      0.52726
x63          COVAR   11740    -0.044719    -0.060455     0.031988      0.91893
x64          COVAR   11740   -0.0065113   -0.0081821     0.040926       0.5632
x65          COVAR   11740    0.0053425    0.0065665     0.048049      0.45573
x66          COVAR   11740      0.02365     0.028909     0.035027      0.24979
x67          COVAR   11740    -0.047943    -0.063244      0.03086      0.93984
x68          COVAR   11740     0.030977     0.039944     0.031691      0.16417
x69          COVAR   11740    -0.010599    -0.013962     0.034516       0.6206
x70          COVAR   11740    -0.039939    -0.050483     0.034988      0.87316
x71          COVAR   11740     0.061371     0.077426     0.037579     0.051237
x72          COVAR   11740    -0.011242    -0.014789     0.026697      0.66316
x73          COVAR   11740    -0.089492      -0.1159     0.038102      0.99057
x74          COVAR   11740     -0.13157     -0.16656     0.042304      0.99906
x75          COVAR   11740   -0.0098944    -0.012378     0.034959      0.61142
x76          COVAR   11740    -0.055945    -0.070578     0.040596       0.9159
x77          COVAR   11740    0.0048108     0.006285     0.038144      0.44982
x78          COVAR   11740     -0.08737     -0.11052     0.041127      0.98317
x79          COVAR   11740     -0.13386     -0.17219      0.03905      0.99969
x80          COVAR   11740    -0.013372    -0.016973      0.03572      0.64593
x81          COVAR   11740     0.039531     0.048454     0.046701      0.19866
x82          COVAR   11740     0.021723     0.027325     0.041299      0.29945
x83          COVAR   11740     -0.01152    -0.014576     0.037173      0.62168
x84          COVAR   11740     0.035272     0.045349     0.035442      0.15983
x85          COVAR   11740    -0.085101     -0.10852     0.037348      0.98864
x86          COVAR   11740    -0.077978    -0.099523     0.038667      0.97812
x87          COVAR   11740     0.015452     0.019321     0.036854      0.33751
x88          COVAR   11740    -0.035037    -0.045278      0.03806      0.82135
x89          COVAR   11740     0.050317     0.072046     0.019045    0.0041268
x90          COVAR   11740     0.049271     0.061865     0.032115     0.062503
x91          COVAR   11740    -0.026833    -0.033594     0.042947      0.73394
x92          COVAR   11740    -0.010702    -0.013257     0.044472      0.59508
x93          COVAR   11740    -0.049922    -0.062142     0.047349      0.85412
x94          COVAR   11740   0.00052494     0.000672     0.041861        0.495
x95          COVAR   11740    -0.071498    -0.088273      0.04356      0.94963
x96          COVAR   11740    -0.062044    -0.081129     0.035927       0.9579
x97          COVAR   11740     0.044288     0.055684      0.03788      0.12118
x98          COVAR   11740     -0.10025     -0.12844     0.041357      0.99232
x99          COVAR   11740     0.045391      0.05655     0.045232      0.15782
x100         COVAR   11740     0.029713     0.036676     0.048303      0.26924
x101         COVAR   11740    0.0062405    0.0082384     0.032596      0.42409
x102         COVAR   11740    -0.025158    -0.032302     0.037584      0.74837
x103         COVAR   11740     0.012132       0.0157      0.02811      0.33302
x104         COVAR   11740    -0.064157    -0.080655     0.037753      0.95536
x105         COVAR   11740    -0.073534    -0.094718     0.041841      0.96057
x106         COVAR   11740     0.052339     0.064947     0.041432      0.10326
x107         COVAR   11740     0.029164     0.037006     0.042125      0.24438
x108         COVAR   11740    -0.031436    -0.038895     0.044391      0.76057
x109         COVAR   11740     0.025732       0.0336     0.025403      0.15555
x110         COVAR   11740     0.014402      0.01893     0.029066      0.31013
x111         COVAR   11740     0.031513     0.040564     0.032638      0.16715
x112         COVAR   11740   -0.0043375   -0.0055858     0.034408      0.55016
x113         COVAR   11740      0.01281     0.016618     0.034236      0.35415
x114         COVAR   11740    0.0030225     0.003912     0.035127      0.46572
x115         COVAR   11740   -0.0046428    -0.005795     0.040216      0.54595
x116         COVAR   11740     0.050142     0.063863     0.036261     0.083376
x117         COVAR   11740     -0.06097     -0.07957     0.033544      0.96542
x118         COVAR   11740   -0.0030518   -0.0037131     0.047867      0.52542
x119         COVAR   11740     -0.11015     -0.13934     0.041904      0.99571
x120         COVAR   11740    -0.056653      -0.0714     0.039183      0.92588
x121         COVAR   11740   -0.0060107    -0.007699     0.036198      0.56594
x122         COVAR   11740     0.048514     0.063727     0.027253     0.037542
x123         COVAR   11740    -0.078787    -0.099951     0.038869      0.97866
x124         COVAR   11740    -0.043506    -0.058237     0.030062      0.92607
x125         COVAR   11740     0.051824     0.065757     0.036778     0.079412
x126         COVAR   11740     0.010483     0.013027     0.035197      0.38291
x127         COVAR   11740     0.068814     0.087696     0.036429     0.029459
x128         COVAR   11740    0.0057229     0.007348     0.033271      0.43172
x129         COVAR   11740    -0.090024     -0.11799     0.039008      0.98949
x130         COVAR   11740    -0.010657    -0.013564     0.040828      0.60297
x131         COVAR   11740    -0.040216     -0.04975     0.041484      0.83382
x132         COVAR   11740     0.014924      0.01897     0.036935      0.34309
x133         COVAR   11740     0.060807     0.073642     0.051474      0.11875
x134         COVAR   11740     0.014621     0.018736     0.036095      0.34272
x135         COVAR   11740    -0.093327     -0.11877     0.040611      0.98921
x136         COVAR   11740    -0.010266    -0.013434     0.031417      0.62807
x137         COVAR   11740    -0.017382    -0.022941     0.032764      0.70212
x138         COVAR   11740     0.008225     0.010092     0.040348      0.41924
x139         COVAR   11740     -0.11379     -0.14491     0.037622      0.99875
x140         COVAR   11740    -0.003455   -0.0044796     0.032723      0.54204
x141         COVAR   11740     -0.11556     -0.14852     0.039085      0.99844
x142         COVAR   11740    -0.034124    -0.041974     0.044778      0.77698
x143         COVAR   11740     -0.01463     -0.01905     0.029566      0.68963
x144         COVAR   11740   -0.0085006    -0.010598     0.045835      0.57357
x145         COVAR   11740     0.029746     0.038385     0.035845      0.20332
x146         COVAR   11740     0.027788     0.035196     0.035439       0.2165
x147         COVAR   11740    -0.046814    -0.057755     0.044742      0.85228
x148         COVAR   11740     0.011336     0.014488     0.038627      0.38459
x149         COVAR   11740      0.07034     0.088348     0.033601     0.018169
x150         COVAR   11740     0.020164     0.026184     0.032386      0.26677
x151         COVAR   11740   -0.0094455    -0.011824      0.04035      0.59254
x152         COVAR   11740      0.14321      0.17364     0.041673   0.00029561
x153         COVAR   11740    -0.089216     -0.11278     0.039404      0.98821
x154         COVAR   11740      0.11321        0.145     0.032648   0.00026371
x155         COVAR   11740     0.025759     0.032787     0.033031      0.21775
x156         COVAR   11740    -0.024784    -0.030957     0.042517      0.72002
x157         COVAR   11740   0.00088775    0.0011188     0.036931      0.49041
x158         COVAR   11740       0.0155     0.019334     0.041343      0.35386
x159         COVAR   11740     -0.12016     -0.15831     0.038842      0.99901
x160         COVAR   11740    -0.015803    -0.019965     0.033842      0.67973
x161         COVAR   11740    -0.013986    -0.016831     0.043942      0.62487
x162         COVAR   11740    -0.034003    -0.044216     0.033722      0.84335
x163         COVAR   11740     0.053226     0.067061     0.037621     0.078579
x164         COVAR   11740     0.092481      0.11333     0.044699     0.019286
x165         COVAR   11740    -0.067392    -0.085524     0.038648      0.95938
x166         COVAR   11740     0.075236     0.093328     0.040604      0.03196
x167         COVAR   11740    -0.041781    -0.053321     0.040008      0.85182
x168         COVAR   11740   -0.0020168   -0.0025794     0.035756      0.52249
x169         COVAR   11740    -0.059794    -0.076405     0.037555      0.94431
x170         COVAR   11740    0.0033254      0.00419     0.033003      0.45987
x171         COVAR   11740    -0.048372    -0.062205     0.036296      0.90868
x172         COVAR   11740    -0.026908    -0.036956     0.029286      0.82089
x173         COVAR   11740     0.035082     0.045017     0.033865      0.15013
x174         COVAR   11740   -0.0035549   -0.0044447     0.036228      0.53908
x175         COVAR   11740     0.078452     0.096256     0.036564     0.015962
x176         COVAR   11740    -0.011155     -0.01393      0.03681      0.61907
x177         COVAR   11740     0.045792     0.060224      0.02717     0.045973
x178         COVAR   11740     0.015133     0.019451     0.028892      0.30023
x179         COVAR   11740      0.06695      0.08575     0.033969     0.024379
x180         COVAR   11740    -0.019505    -0.024955     0.035633      0.70794
x181         COVAR   11740    -0.028801    -0.038545     0.031982      0.81607
x182         COVAR   11740     0.052376     0.063019     0.039287      0.09125
x183         COVAR   11740     0.022931     0.030267     0.027827      0.20496
x184         COVAR   11740     -0.10242     -0.12904     0.039751        0.995
x185         COVAR   11740    -0.033336    -0.042977     0.038315      0.80785
x186         COVAR   11740     0.048209     0.058827     0.045563      0.14502
x187         COVAR   11740    -0.057496    -0.071846     0.041109      0.91902
x188         COVAR   11740    -0.083741     -0.10452     0.043502      0.97287
x189         COVAR   11740     0.039256     0.053596     0.023878     0.050099
x190         COVAR   11740    -0.035039    -0.045508     0.036092      0.83417
x191         COVAR   11740    -0.024671    -0.030444     0.045286      0.70704
x192         COVAR   11740    -0.061138    -0.075896     0.046721      0.90465
x193         COVAR   11740     0.045373     0.057091     0.038838      0.12136
x194         COVAR   11740     -0.01371    -0.017908     0.034711      0.65357
x195         COVAR   11740    -0.019622    -0.025008     0.040189       0.6873
x196         COVAR   11740     0.005287     0.006473     0.044884      0.45312
x197         COVAR   11740    -0.051527    -0.064443     0.037236      0.91678
x198         COVAR   11740     0.057585     0.074406     0.034318     0.046692
x199         COVAR   11740   -0.0018764   -0.0024116     0.034234      0.52185
x200         COVAR   11740    -0.050853    -0.065392     0.041769      0.88828
x201         COVAR   11740      0.06093       0.0765     0.041997     0.073431
x202         COVAR   11740    -0.020636    -0.026998      0.03572      0.71827
x203         COVAR   11740     0.027095     0.034359      0.03114      0.19213
x204         COVAR   11740     0.014578      0.01864     0.036477      0.34471
x205         COVAR   11740     0.025029      0.03284     0.024934      0.15774
x206         COVAR   11740     -0.01143      -0.0139     0.046147      0.59781
x207         COVAR   11740     0.034499     0.041637     0.041451      0.20264
x208         COVAR   11740    0.0099517     0.013118     0.025471      0.34801
x209         COVAR   11740    -0.011085    -0.014905      0.02911      0.64831
x210         COVAR   11740     0.051774     0.062659     0.037616     0.084367
x211         COVAR   11740    -0.035013    -0.044712     0.037405      0.82536
x212         COVAR   11740    -0.051234      -0.0679     0.030153      0.95534
x213         COVAR   11740     0.069523     0.088934     0.031589     0.013884
x214         COVAR   11740  -6.1047e-05  -7.7195e-05     0.039614      0.50061
x215         COVAR   11740    -0.037835    -0.048612      0.03551      0.85666
x216         COVAR   11740      0.02279     0.028468      0.04032      0.28596
x217         COVAR   11740      -0.0273    -0.033999     0.041166      0.74639
x218         COVAR   11740   0.00074226    0.0009527     0.033766      0.49123
x219         COVAR   11740    -0.038248    -0.049881     0.032005      0.88396
x220         COVAR   11740    -0.070536     -0.09181     0.033543      0.98225
x221         COVAR   11740    -0.003369   -0.0042603     0.040053      0.53352
x222         COVAR   11740    -0.044105    -0.057476     0.034431      0.89989
x223         COVAR   11740    -0.014094    -0.019061     0.028102      0.69199
x224         COVAR   11740      0.07438     0.094526     0.037338     0.023192
x225         COVAR   11740   -0.0094234    -0.011938     0.040492      0.59201
x226         COVAR   11740   -0.0077075   -0.0098781       0.0375      0.58142
x227         COVAR   11740     0.010783     0.013167     0.043199      0.40145
x228         COVAR   11740    -0.020635    -0.025787      0.04631      0.67205
x229         COVAR   11740     0.017197     0.021153     0.043565      0.34652
x230         COVAR   11740     0.032574     0.041977     0.034196      0.17041
x231         COVAR   11740    -0.077523    -0.097916     0.039569      0.97494
x232         COVAR   11740    -0.033445    -0.043004     0.040335      0.79649
x233         COVAR   11740     0.040175     0.050422     0.041343       0.1656
x234         COVAR   11740     -0.05041    -0.063278     0.041878      0.88564
x235         COVAR   11740     0.010978     0.013986     0.039146      0.38957
x236         COVAR   11740     -0.11397     -0.14694     0.043013      0.99597
x237         COVAR   11740    0.0088847        0.011     0.046483      0.42421
x238         COVAR   11740     0.010735     0.013187     0.039427      0.39271
x239         COVAR   11740     0.019286     0.024724     0.035466      0.29329
x240         COVAR   11740     -0.06771    -0.086036     0.039966      0.95487
x241         COVAR   11740     0.032181     0.041046     0.041701      0.22016
x242         COVAR   11740     0.037989     0.051283     0.024678     0.061869
x243         COVAR   11740    -0.032201    -0.040357     0.044159      0.76706
x244         COVAR   11740      0.10674      0.13532       0.0333   0.00067594
x245         COVAR   11740     0.086315      0.10785      0.04293     0.022196
x246         COVAR   11740    -0.046807     -0.05927     0.036561      0.89976
x247         COVAR   11740    0.0079082     0.010454     0.031789      0.40177
x248         COVAR   11740    -0.014512    -0.018863     0.039652      0.64281
x249         COVAR   11740     0.012679     0.016351     0.034839      0.35796
x250         COVAR   11740   -0.0088526    -0.011479     0.036987      0.59458
x251         COVAR   11740     -0.10658     -0.13694     0.039228       0.9967
x252         COVAR   11740      0.05145     0.070171     0.021668    0.0087944
x253         COVAR   11740   -0.0071714   -0.0094698     0.032757      0.58664
x254         COVAR   11740     0.044958     0.056956     0.036689      0.11023
x255         COVAR   11740    -0.021292    -0.025944      0.04614      0.67776
x256         COVAR   11740    -0.093735     -0.12076     0.039291      0.99147
x257         COVAR   11740    -0.067835    -0.090681     0.032397      0.98185
x258         COVAR   11740     0.021364     0.027071     0.034774      0.26949
x259         COVAR   11740     0.051414     0.070753     0.020566    0.0062184
x260         COVAR   11740     -0.11497       -0.148     0.041141       0.9974
x261         COVAR   11740      0.12457      0.15094     0.037096   0.00039397
x262         COVAR   11740    -0.049412       -0.064      0.03745      0.90647
x263         COVAR   11740   -0.0050081   -0.0064115     0.036202      0.55501
x264         COVAR   11740     0.037279     0.048845     0.026241     0.077725
x265         COVAR   11740    -0.017787    -0.022131     0.039123      0.67531
x266         COVAR   11740    -0.023383    -0.030291     0.034228      0.75273
x267         COVAR   11740     0.073256     0.091684     0.038116     0.027322
x268         COVAR   11740    -0.072875    -0.095446     0.037325      0.97454
x269         COVAR   11740    -0.048195    -0.061736      0.03199      0.93402
x270         COVAR   11740    -0.016812    -0.020877     0.043197      0.65143
x271         COVAR   11740     0.044434      0.05896     0.024668     0.035844
x272         COVAR   11740      0.03531      0.04479     0.030214      0.12128
x273         COVAR   11740    -0.014974    -0.018986     0.042357      0.63815
x274         COVAR   11740     0.021938       0.0272     0.044333      0.31036
x275         COVAR   11740    -0.090687      -0.1148     0.038547      0.99067
x276         COVAR   11740    -0.077025     -0.10091     0.034283      0.98766
x277         COVAR   11740     0.040266     0.051722     0.034963      0.12474
x278         COVAR   11740    0.0014963    0.0018673     0.039018      0.48471
x279         COVAR   11740     0.059708     0.078094     0.025804     0.010346
x280         COVAR   11740   -0.0039732   -0.0050354     0.037425      0.54227
x281         COVAR   11740     0.015829     0.020106     0.032471      0.31296
x282         COVAR   11740    -0.034288    -0.043854     0.034531      0.83962
x283         COVAR   11740     0.022035     0.027078     0.046888       0.3192
x284         COVAR   11740    0.0072435    0.0093574     0.032047      0.41059
x285         COVAR   11740     0.013794     0.017346     0.036943      0.35444
x286         COVAR   11740   -0.0085736    -0.010736     0.040102      0.58465
x287         COVAR   11740      0.04125     0.053007     0.038368      0.14117
x288         COVAR   11740     0.052595     0.065854     0.041723      0.10375
x289         COVAR   11740     0.012138     0.015271     0.037903       0.3744
x290         COVAR   11740    -0.032903    -0.044567     0.029552      0.86722
x291         COVAR   11740    -0.022039    -0.027135     0.043921      0.69209
x292         COVAR   11740     0.018702     0.024741     0.027638      0.24931
x293         COVAR   11740    -0.019812     -0.02604     0.031174      0.73745
x294         COVAR   11740     0.053785     0.067584     0.039889     0.088785
x295         COVAR   11740    -0.044159    -0.056905     0.039553      0.86787
x296         COVAR   11740    -0.016108    -0.020475     0.037692      0.66544
x297         COVAR   11740     0.021381     0.026216     0.037147      0.28246
x298         COVAR   11740     -0.13633     -0.18069     0.038119      0.99983
x299         COVAR   11740     0.026311      0.03298      0.03566      0.23032
x300         COVAR   11740    -0.033777    -0.043674     0.033821      0.84102
x301         COVAR   11740     0.047202     0.061993      0.02485     0.028765
x302         COVAR   11740    0.0061834    0.0077738     0.042336      0.44194
x303         COVAR   11740   -0.0028157   -0.0037765     0.030919      0.53628
x304         COVAR   11740      0.12143      0.15401     0.034048   0.00018174
x305         COVAR   11740   -0.0073572   -0.0091176     0.040511      0.57205
x306         COVAR   11740    -0.012949    -0.016172     0.036053      0.64026
x307         COVAR   11740    -0.033464    -0.041747     0.039191      0.80341
x308         COVAR   11740      0.10358      0.13064     0.031414   0.00048979
x309         COVAR   11740    -0.012545    -0.015565     0.036634      0.63398
x310         COVAR   11740    -0.010113    -0.013076     0.036728      0.60848
x311         COVAR   11740     -0.06222    -0.077622     0.042032      0.93059
x312         COVAR   11740      0.02692     0.034938     0.031732      0.19813
x313         COVAR   11740    -0.026707    -0.033249      0.04683      0.71575
x314         COVAR   11740     0.027404     0.035365     0.027479      0.15934
x315         COVAR   11740    0.0088626     0.011145      0.03444      0.39846
x316         COVAR   11740     0.040631     0.052262      0.03479      0.12143
x317         COVAR   11740    -0.030284    -0.037684     0.041602      0.76667
x318         COVAR   11740     0.034602     0.045418     0.030048      0.12476
x319         COVAR   11740      -0.0335     -0.04157     0.041769      0.78873
x320         COVAR   11740     0.049807     0.065127     0.025742     0.026517
x321         COVAR   11740      0.08119      0.10395     0.028796    0.0024096
x322         COVAR   11740    -0.089205     -0.12136     0.028667      0.99907
x323         COVAR   11740     -0.10576     -0.13441     0.044229      0.99159
x324         COVAR   11740      0.10353      0.12757     0.045888      0.01204
x325         COVAR   11740     0.050679     0.062944     0.042067      0.11417
x326         COVAR   11740     0.040486     0.050847     0.042994      0.17319
x327         COVAR   11740     0.018386     0.022932     0.036197      0.30575
x328         COVAR   11740    -0.025839    -0.032118     0.038543      0.74869
x329         COVAR   11740     0.033138     0.042349     0.031488      0.14632
x330         COVAR   11740      -0.1053     -0.13475     0.042712      0.99315
x331         COVAR   11740     0.036235     0.050203     0.020871     0.041281
x332         COVAR   11740     0.023246     0.028515     0.042722      0.29318
x333         COVAR   11740     0.054805     0.067696     0.040694     0.089044
x334         COVAR   11740    -0.010463    -0.012972     0.047346      0.58745
x335         COVAR   11740     -0.11554     -0.14601     0.043707      0.99589
x336         COVAR   11740    -0.027593    -0.035705     0.033722      0.79338
x337         COVAR   11740    -0.049391    -0.062122     0.041591      0.88248
x338         COVAR   11740    -0.037216    -0.049252     0.032014      0.87747
x339         COVAR   11740    -0.013221    -0.017895     0.027297      0.68592
x340         COVAR   11740     -0.02092    -0.026867     0.037385      0.71212
x341         COVAR   11740    0.0034192    0.0044162     0.032041      0.45751
x342         COVAR   11740     0.022142      0.02864     0.031037      0.23781
x343         COVAR   11740    -0.053758    -0.067985     0.037964       0.9216
x344         COVAR   11740    -0.074725     -0.09436     0.037263      0.97753
x345         COVAR   11740    -0.079031     -0.10133     0.039854       0.9763
x346         COVAR   11740      0.12203      0.14741     0.043079    0.0023124
x347         COVAR   11740    -0.093675     -0.11742     0.042282      0.98663
x348         COVAR   11740    -0.032425    -0.042015     0.032456      0.84111
x349         COVAR   11740     0.046576     0.061317     0.024853     0.030474
x350         COVAR   11740    -0.046326    -0.057114     0.045035      0.84817
x351         COVAR   11740   0.00013326   0.00017237      0.03347      0.49841
x352         COVAR   11740     0.016308     0.021619      0.02914      0.28787
x353         COVAR   11740     -0.07572    -0.097996     0.036413       0.9812
x354         COVAR   11740    -0.040139    -0.051991     0.036985      0.86109
x355         COVAR   11740     0.023967     0.029234     0.048385      0.31019
x356         COVAR   11740     0.067313      0.08108     0.041558     0.052659
x357         COVAR   11740     0.044853     0.057438      0.03438     0.096025
x358         COVAR   11740     0.042457     0.053908      0.03839      0.13439
x359         COVAR   11740    -0.080066      -0.1036     0.041272      0.97379
x360         COVAR   11740       0.0369     0.047339     0.035125      0.14675
x361         COVAR   11740   -0.0080399    -0.010532     0.032265      0.59839
x362         COVAR   11740   -0.0044213   -0.0056994     0.035972      0.54891
x363         COVAR   11740     0.041317     0.055121      0.02917      0.07834
x364         COVAR   11740     -0.05503    -0.068887     0.045725       0.8856
x365         COVAR   11740   -0.0060043   -0.0080176     0.025949      0.59149
x366         COVAR   11740   -0.0019793   -0.0025534     0.034761       0.5227
x367         COVAR   11740   -0.0027887   -0.0035841     0.035345      0.53144
x368         COVAR   11740     0.024649     0.033002     0.026543      0.17655
x369         COVAR   11740   -0.0081699    -0.010082      0.04337      0.57471
x370         COVAR   11740     0.089406      0.11193     0.032451    0.0029387
x371         COVAR   11740     0.029438     0.036511     0.044896      0.25602
x372         COVAR   11740    -0.049456    -0.063562     0.034727      0.92278
x373         COVAR   11740    -0.033795    -0.042855     0.039597      0.80329
x374         COVAR   11740    -0.069692     -0.08744     0.039406       0.9615
x375         COVAR   11740  -0.00096131   -0.0012086     0.032614      0.51176
x376         COVAR   11740    -0.066691      -0.0846     0.041022      0.94798
x377         COVAR   11740   -0.0017944   -0.0023123     0.033803      0.52117
x378         COVAR   11740      0.00278    0.0035803     0.035613      0.46889
x379         COVAR   11740   0.00055458   0.00073936     0.029188      0.49242
x380         COVAR   11740    -0.021249       -0.028     0.036744      0.71846
x381         COVAR   11740     0.044439     0.056315     0.031873     0.081633
x382         COVAR   11740     0.066974     0.083501     0.045511     0.070582
x383         COVAR   11740     0.022328     0.029734     0.023756      0.17365
x384         COVAR   11740    -0.007855   -0.0097386     0.044351      0.57029
x385         COVAR   11740   -0.0029091   -0.0035808     0.042487      0.52729
x386         COVAR   11740     0.013929     0.017581     0.037008      0.35333
x387         COVAR   11740     0.039897     0.050711     0.033796      0.11891
x388         COVAR   11740     0.024339     0.031105     0.040035      0.27162
x389         COVAR   11740     0.035925     0.045155     0.033194      0.13958
x390         COVAR   11740     0.097137      0.12231     0.031684    0.0010881
x391         COVAR   11740     0.029698     0.038984     0.030096      0.16188
x392         COVAR   11740     0.036601     0.044097     0.041476      0.18877
x393         COVAR   11740     0.018145     0.025155     0.021062      0.19449
x394         COVAR   11740    -0.019122    -0.024297     0.041241      0.67855
x395         COVAR   11740     0.017639     0.021362      0.04639      0.35189
x396         COVAR   11740      0.12264      0.14838     0.036744   0.00042392
x397         COVAR   11740     0.084472      0.10478     0.042299     0.022924
x398         COVAR   11740    -0.030771    -0.039896     0.036301      0.80167
x399         COVAR   11740      -0.0407    -0.053093     0.032346      0.89584
x400         COVAR   11740    -0.040348    -0.050652     0.039554      0.84614
x401         COVAR   11740     -0.02813    -0.037368     0.034777      0.79069
x402         COVAR   11740     0.020704     0.027673     0.028557      0.23424
x403         COVAR   11740     0.027955     0.034879     0.042993      0.25778
x404         COVAR   11740    -0.046304    -0.058736     0.041561      0.86737
x405         COVAR   11740   -0.0034481    -0.004463     0.034451      0.53986
x406         COVAR   11740     0.061639     0.074948     0.039152     0.057715
x407         COVAR   11740    -0.023249    -0.030297     0.032788      0.76085
x408         COVAR   11740     -0.11593     -0.14646     0.043177      0.99637
x409         COVAR   11740  -0.00058701  -0.00073142     0.037999      0.50616
x410         COVAR   11740    -0.014896    -0.020571     0.028189       0.7014
x411         COVAR   11740    0.0045674    0.0062554     0.027332      0.43364
x412         COVAR   11740    -0.062503    -0.081573     0.039011      0.94543
x413         COVAR   11740    -0.045879    -0.059565     0.036283      0.89696
x414         COVAR   11740   -0.0095113    -0.012287     0.033581       0.6115
x415         COVAR   11740    -0.048721    -0.062856     0.037146      0.90516
x416         COVAR   11740     0.085794      0.10825     0.038195     0.012355
x417         COVAR   11740     0.044906     0.058703     0.031277     0.075549
x418         COVAR   11740     0.078505      0.09775     0.034186     0.010836
x419         COVAR   11740    -0.010829    -0.013975     0.034369      0.62365
x420         COVAR   11740      0.05009     0.063869     0.031435     0.055547
x421         COVAR   11740     0.069801     0.087028      0.04186     0.047723
x422         COVAR   11740   -0.0067942   -0.0089912     0.033558      0.58022
x423         COVAR   11740    -0.022934    -0.031131     0.029567      0.78102
x424         COVAR   11740     0.039545     0.051296     0.029799     0.092262
x425         COVAR   11740   -0.0036643   -0.0045365     0.045752      0.53192
x426         COVAR   11740    -0.054283    -0.069269     0.035454      0.93711
x427         COVAR   11740     0.015262     0.019679     0.032279      0.31818
x428         COVAR   11740    -0.081851     -0.10569     0.041252      0.97637
x429         COVAR   11740      0.11209      0.13443     0.049207     0.011377
x430         COVAR   11740     0.058602     0.075027     0.034634     0.045333
x431         COVAR   11740    -0.065222    -0.081136      0.04327      0.93412
x432         COVAR   11740    -0.085095     -0.11328     0.035196      0.99218
x433         COVAR   11740      0.03839     0.050207     0.026042     0.070236
x434         COVAR   11740     -0.10405     -0.13289     0.045057      0.98953
x435         COVAR   11740    -0.018037    -0.023259     0.034463      0.69964
x436         COVAR   11740    -0.018308    -0.024853     0.027222      0.74937
x437         COVAR   11740     0.058262     0.072821     0.039402     0.069634
x438         COVAR   11740     0.032134     0.039788      0.04703      0.24723
x439         COVAR   11740    -0.034023    -0.043671     0.041874      0.79174
x440         COVAR   11740    -0.025043    -0.031398     0.040161      0.73354
x441         COVAR   11740    -0.010183    -0.013166     0.033672      0.61883
x442         COVAR   11740      0.10944      0.13421     0.034484    0.0007549
x443         COVAR   11740    -0.062994    -0.082593     0.037305      0.95434
x444         COVAR   11740   -0.0041796   -0.0052695     0.041013      0.54058
x445         COVAR   11740    -0.016981    -0.022286     0.036967        0.677
x446         COVAR   11740     0.045609     0.057516     0.037469      0.11177
x447         COVAR   11740    0.0048249    0.0064462     0.024521      0.42201
x448         COVAR   11740    0.0054746    0.0071268     0.032483      0.43308
x449         COVAR   11740     0.080789      0.10144     0.041262      0.02513
x450         COVAR   11740    -0.026347    -0.035543     0.030224      0.80831
x451         COVAR   11740    -0.030295    -0.039336     0.034807      0.80794
x452         COVAR   11740     0.033606     0.042669     0.037848       0.1873
x453         COVAR   11740    0.0043423    0.0052605     0.043395      0.46015
x454         COVAR   11740    -0.086321     -0.11183     0.042723      0.97832
x455         COVAR   11740    -0.024783    -0.030861     0.041128       0.7266
x456         COVAR   11740    -0.082911     -0.10505     0.040138      0.98056
x457         COVAR   11740    -0.027654    -0.036078     0.032251      0.80439
x458         COVAR   11740    -0.059996    -0.075091     0.042514      0.92089
x459         COVAR   11740     -0.01021    -0.013013     0.037297      0.60785
x460         COVAR   11740     0.015058      0.01884     0.044731       0.3682
x461         COVAR   11740     0.065792      0.08467      0.03221      0.02056
x462         COVAR   11740    -0.076664    -0.098067      0.04201      0.96598
x463         COVAR   11740     0.011854     0.015194     0.027023      0.33045
x464         COVAR   11740     -0.10077     -0.12899     0.038608      0.99547
x465         COVAR   11740     0.017333     0.021075      0.04749      0.35757
x466         COVAR   11740    -0.071702     -0.09172     0.039585      0.96494
x467         COVAR   11740    -0.025943    -0.035159     0.029905      0.80716
x468         COVAR   11740     0.037758     0.048971     0.030548      0.10824
x469         COVAR   11740     0.068964     0.086576     0.032337     0.016486
x470         COVAR   11740     0.042722      0.05394     0.031719     0.089021
x471         COVAR   11740    -0.044943     -0.05787     0.034007      0.90684
x472         COVAR   11740    -0.014604    -0.018252     0.037756      0.65054
x473         COVAR   11740    -0.034832    -0.045143     0.036775      0.82821
x474         COVAR   11740    -0.078683     -0.10037       0.0376       0.9818
x475         COVAR   11740    0.0083826     0.010752     0.027265      0.37925
x476         COVAR   11740    -0.058247    -0.074251     0.036065      0.94683
x477         COVAR   11740    -0.080625     -0.10541     0.035048      0.98928
x478         COVAR   11740    0.0069447    0.0090272     0.032222      0.41468
x479         COVAR   11740    -0.081532     -0.10264     0.040344      0.97834
x480         COVAR   11740     -0.01139    -0.015734     0.027245      0.66204
x481         COVAR   11740     0.052799     0.064284     0.047744       0.1344
x482         COVAR   11740     0.013967     0.017495     0.042554      0.37137
x483         COVAR   11740     0.050366     0.064156     0.041573      0.11286
x484         COVAR   11740    0.0061558    0.0078905     0.036325      0.43272
x485         COVAR   11740    -0.087106     -0.11463     0.037188      0.99041
x486         COVAR   11740     0.018383     0.023434     0.030973      0.27642
x487         COVAR   11740      0.02191     0.027683     0.043992      0.30923
x488         COVAR   11740    -0.086177     -0.10899      0.03902      0.98639
x489         COVAR   11740     0.048124     0.059087      0.04178      0.12471
x490         COVAR   11740     0.042002     0.052946     0.034671      0.11287
x491         COVAR   11740     0.022112     0.028683     0.026446      0.20156
x492         COVAR   11740   -0.0038018   -0.0048656     0.034832      0.54346
x493         COVAR   11740    0.0096575     0.012075     0.034872      0.39092
x494         COVAR   11740     0.048602     0.060998     0.040351      0.11421
x495         COVAR   11740    0.0094389     0.012085     0.035663      0.39563
x496         COVAR   11740    -0.033362    -0.042714     0.036926      0.81686
x497         COVAR   11740   -0.0032825   -0.0042334     0.037641      0.53475
x498         COVAR   11740     0.024955     0.031606     0.039647      0.26454
x499         COVAR   11740    0.0083007     0.010657      0.03414      0.40395
x500         COVAR   11740    -0.011709    -0.015216     0.034044      0.63456
x501         COVAR   11740     0.019394     0.026025     0.025517      0.22363
x502         COVAR   11740     -0.10266     -0.13275     0.039688      0.99515
x503         COVAR   11740    -0.035679    -0.047295     0.029218      0.88897
x504         COVAR   11740    -0.016376    -0.020441     0.036976      0.67107
x505         COVAR   11740    -0.055304    -0.072596     0.038154      0.92639
x506         COVAR   11740     0.027297     0.035097     0.032098      0.19755
x507         COVAR   11740     0.043376     0.055349     0.034192       0.1023
x508         COVAR   11740    0.0059235    0.0077663     0.036556      0.43564
x509         COVAR   11740    -0.030123    -0.039962     0.033686      0.81439
x510         COVAR   11740    -0.040284    -0.050543     0.044372      0.81802
x511         COVAR   11740     0.018443     0.023034     0.039408       0.3199
x512         COVAR   11740     0.020297     0.026095     0.031229      0.25787
x513         COVAR   11740     0.047684     0.061431     0.028858     0.049244
x514         COVAR   11740     -0.13042     -0.17109     0.039662      0.99949
x515         COVAR   11740     0.022376     0.028289     0.034625      0.25907
x516         COVAR   11740    -0.023485    -0.030221     0.034804      0.75008
x517         COVAR   11740     0.034559     0.042839     0.046549      0.22892
x518         COVAR   11740    -0.047091    -0.059279      0.04372      0.85927
x519         COVAR   11740     0.013329     0.017015     0.035176      0.35238
x520         COVAR   11740     0.014713     0.018333     0.043754      0.36834
x521         COVAR   11740     0.046607     0.058561     0.045061      0.15051
x522         COVAR   11740     0.039603     0.051466     0.029852      0.09233
x523         COVAR   11740    -0.089534     -0.11427     0.036916      0.99234
x524         COVAR   11740    -0.018058    -0.022366     0.046086       0.6524
x525         COVAR   11740     0.030212     0.040093     0.027447      0.13552
x526         COVAR   11740      0.07569       0.0951     0.033973     0.012953
x527         COVAR   11740    -0.027359    -0.034456     0.038094      0.76368
x528         COVAR   11740    -0.024643    -0.032039     0.037871      0.74238
x529         COVAR   11740     0.053315     0.069009     0.034215     0.059605
x530         COVAR   11740    -0.041632    -0.053967     0.037816      0.86452
x531         COVAR   11740     0.021111     0.027483     0.031334      0.25025
x532         COVAR   11740     0.089338      0.11002     0.038791     0.010648
x533         COVAR   11740   0.00036172   0.00047026     0.030751      0.49531
x534         COVAR   11740     -0.10123     -0.12944     0.039893      0.99441
x535         COVAR   11740     0.044066     0.055617       0.0415      0.14417
x536         COVAR   11740     0.049662     0.062876     0.038902      0.10088
x537         COVAR   11740     0.010094     0.012781       0.0392       0.3984
x538         COVAR   11740    0.0014827    0.0018741     0.040832      0.48552
x539         COVAR   11740     0.013537     0.017592     0.034272      0.34643
x540         COVAR   11740    -0.029367    -0.037607     0.036033      0.79245
x541         COVAR   11740     0.060452     0.074044     0.049405      0.11056
x542         COVAR   11740     0.040666     0.051521     0.033847       0.1148
x543         COVAR   11740     0.080212     0.099502     0.044316     0.035163
x544         COVAR   11740    -0.002863    -0.003548     0.044019      0.52593
x545         COVAR   11740    -0.097508     -0.13167     0.029061       0.9996
x546         COVAR   11740    -0.022033    -0.028451     0.034015      0.74142
x547         COVAR   11740     -0.10479      -0.1338     0.037137      0.99761
x548         COVAR   11740     0.031572     0.038666     0.045982      0.24617
x549         COVAR   11740      0.03803     0.048309     0.039249       0.1663
x550         COVAR   11740    -0.064399    -0.082122     0.036717      0.96027
x551         COVAR   11740     0.016818      0.02144     0.030346      0.28973
x552         COVAR   11740    0.0016413    0.0021414     0.035305      0.48146
x553         COVAR   11740     0.080628      0.10062     0.040708     0.023829
x554         COVAR   11740     0.019807     0.025803     0.030119       0.2554
x555         COVAR   11740      0.11187       0.1356     0.042543    0.0042809
x556         COVAR   11740     0.078296      0.10054     0.030363     0.004965
x557         COVAR   11740     0.031226     0.040112     0.035676      0.19073
x558         COVAR   11740     0.043923     0.053862     0.041283      0.14369
x559         COVAR   11740     0.024608     0.031022     0.033078      0.22846
x560         COVAR   11740    -0.016147    -0.019707     0.044441      0.64182
x561         COVAR   11740     0.017921     0.022882     0.030715       0.2798
x562         COVAR   11740    -0.010942    -0.014366     0.033157       0.6293
x563         COVAR   11740    -0.013684    -0.017893     0.033695      0.65767
x564         COVAR   11740   -0.0089395    -0.011045     0.046625      0.57602
x565         COVAR   11740    -0.025669    -0.032694     0.036631      0.75826
x566         COVAR   11740    -0.023806    -0.031222      0.03437      0.75573
x567         COVAR   11740     0.029089      0.03726      0.03511       0.2037
x568         COVAR   11740    -0.041074    -0.056583     0.029952      0.91485
x569         COVAR   11740     0.012817     0.016637     0.034703      0.35595
x570         COVAR   11740    -0.047461    -0.058703     0.043768      0.86089
x571         COVAR   11740     0.003106    0.0039738      0.03651       0.4661
x572         COVAR   11740     0.076906     0.098924     0.033305     0.010477
x573         COVAR   11740    -0.029716    -0.038316     0.035037      0.80181
x574         COVAR   11740    -0.053818    -0.069601     0.034198      0.94221
x575         COVAR   11740    -0.069048    -0.086616     0.041818      0.95063
x576         COVAR   11740      0.11849        0.144     0.036302   0.00055085
x577         COVAR   11740     0.094745      0.11962     0.036171    0.0044107
x578         COVAR   11740    0.0078822     0.010028     0.041076      0.42391
x579         COVAR   11740     0.045569     0.057223     0.030867     0.069946
x580         COVAR   11740   -0.0059934   -0.0076559     0.036494      0.56522
x581         COVAR   11740     0.028871     0.035447     0.041042       0.2409
x582         COVAR   11740     0.013337     0.016828     0.040653      0.37143
x583         COVAR   11740    -0.075394    -0.099327     0.034404      0.98578
x584         COVAR   11740    -0.014786    -0.019076     0.035427      0.66179
x585         COVAR   11740    -0.068486    -0.085271     0.044016      0.94013
x586         COVAR   11740    0.0082421     0.010204     0.044683      0.42683
x587         COVAR   11740     0.067138     0.082864     0.045601     0.070486
x588         COVAR   11740    -0.010608    -0.014014     0.033637      0.62376
x589         COVAR   11740     -0.05519    -0.070371     0.036615      0.93412
x590         COVAR   11740    -0.017499    -0.022903     0.034132      0.69591
x591         COVAR   11740    -0.017521    -0.023685     0.029998      0.72041
x592         COVAR   11740     0.014605     0.018559     0.035034      0.33839
x593         COVAR   11740     0.082327      0.10463     0.036067     0.011237
x594         COVAR   11740     0.092899       0.1178     0.034844    0.0038416
x595         COVAR   11740     0.022763     0.031787     0.025053      0.18179
x596         COVAR   11740    -0.058871     -0.07623      0.03307      0.96246
x597         COVAR   11740    -0.040807    -0.051514     0.042644      0.83069
x598         COVAR   11740    0.0015354    0.0019326     0.034325      0.48216
x599         COVAR   11740     0.020739     0.026132     0.034111       0.2716
x600         COVAR   11740    -0.069458     -0.09031     0.036665       0.9709
x601         COVAR   11740    -0.026463      -0.0348     0.032994      0.78873
x602         COVAR   11740     0.056904     0.070955     0.044144     0.098705
x603         COVAR   11740     0.031612     0.039947     0.034291       0.1783
x604         COVAR   11740    0.0099298     0.012657     0.034488      0.38671
x605         COVAR   11740    -0.025802    -0.034124     0.029892      0.80597
x606         COVAR   11740     0.040222     0.051183      0.03456      0.12226
x607         COVAR   11740    -0.023421    -0.029563      0.04252      0.70912
x608         COVAR   11740     0.018545     0.023782     0.028234      0.25565
x609         COVAR   11740    -0.015187    -0.019053     0.041693      0.64216
x610         COVAR   11740     0.043143     0.057099     0.028501     0.065065
x611         COVAR   11740    -0.070499    -0.088688     0.040872      0.95771
x612         COVAR   11740    0.0031663    0.0041128     0.032096      0.46071
x613         COVAR   11740    -0.088391     -0.11222     0.037785      0.99033
x614         COVAR   11740     -0.03141    -0.041024     0.032043      0.83651
x615         COVAR   11740     0.076444     0.095467     0.035747      0.01625
x616         COVAR   11740     -0.01017    -0.012877     0.036092      0.61094
x617         COVAR   11740    -0.024419    -0.030436     0.046737      0.69932
x618         COVAR   11740     0.017063      0.02239     0.032985      0.30248
x619         COVAR   11740      0.03398     0.041143     0.038107      0.18628
x620         COVAR   11740     0.010244      0.01268     0.044086      0.40813
x621         COVAR   11740    -0.020566    -0.026424     0.041291      0.69078
x622         COVAR   11740    -0.009326    -0.012066     0.038481      0.59574
x623         COVAR   11740     -0.10469     -0.13564     0.037449       0.9974
x624         COVAR   11740     0.049853     0.063639     0.031342     0.055862
x625         COVAR   11740    -0.030705    -0.038845      0.03996      0.77887
x626         COVAR   11740    0.0074864    0.0093561     0.038575      0.42306
x627         COVAR   11740      0.03452     0.044966      0.02778      0.10702
x628         COVAR   11740      0.03147     0.040524     0.026891      0.12095
x629         COVAR   11740     -0.12199      -0.1597      0.03812      0.99931
x630         COVAR   11740     0.044686     0.059061     0.030109     0.068896
x631         COVAR   11740    -0.062015    -0.078371     0.038503      0.94636
x632         COVAR   11740     0.044773     0.057234      0.03538      0.10286
x633         COVAR   11740     0.030718     0.040307     0.025658      0.11562
x634         COVAR   11740    -0.079988      -0.1054     0.038075      0.98216
x635         COVAR   11740   -0.0083753     -0.01052     0.038311      0.58652
x636         COVAR   11740    -0.012807    -0.015702     0.044347      0.61363
x637         COVAR   11740     0.028331     0.037192     0.032363      0.19068
x638         COVAR   11740  -0.00084914   -0.0010738     0.033863         0.51
x639         COVAR   11740     0.073432     0.091591     0.043067     0.044104
x640         COVAR   11740     -0.04044    -0.052214     0.034669      0.87827
x641         COVAR   11740     0.021711     0.028673     0.030961      0.24158
x642         COVAR   11740     0.014092     0.017688     0.034833       0.3429
x643         COVAR   11740    -0.028558    -0.037927     0.030968      0.82176
x644         COVAR   11740     0.016597     0.021448     0.030719      0.29451
x645         COVAR   11740   0.00064324   0.00082743     0.034526      0.49257
x646         COVAR   11740     0.018112     0.023289     0.033678      0.29536
x647         COVAR   11740    -0.018068    -0.022907     0.038263      0.68161
x648         COVAR   11740     0.057244     0.073358     0.034747     0.049746
x649         COVAR   11740     0.047664     0.061231     0.036103     0.093394
x650         COVAR   11740    -0.014844    -0.019477     0.026615      0.71148
x651         COVAR   11740     0.026373     0.033577     0.034122       0.2198
x652         COVAR   11740    0.0029428    0.0039433     0.030434      0.46149
x653         COVAR   11740     0.031484     0.040721     0.031753      0.16073
x654         COVAR   11740     0.067598     0.084674     0.035151      0.02725
x655         COVAR   11740      0.10264      0.12598     0.040599    0.0057393
x656         COVAR   11740     0.016663     0.020317     0.045437      0.35691
x657         COVAR   11740    -0.055768    -0.072343      0.03316      0.95368
x658         COVAR   11740     0.070642     0.085548     0.051343     0.084445
x659         COVAR   11740     0.013283     0.017205     0.033915      0.34766
x660         COVAR   11740     0.060005     0.074248     0.039785      0.06576
x661         COVAR   11740    -0.027866    -0.035593     0.034872      0.78788
x662         COVAR   11740    -0.029685    -0.037674     0.044594      0.74718
x663         COVAR   11740    -0.066929      -0.0848      0.03977      0.95379
x664         COVAR   11740    -0.087462     -0.11374     0.037026      0.99091
x665         COVAR   11740    -0.022958    -0.029706     0.035397      0.74169
x666         COVAR   11740    -0.021076     -0.02672     0.040519      0.69852
x667         COVAR   11740    -0.074143    -0.095169     0.038968      0.97144
x668         COVAR   11740    -0.013229    -0.016511      0.03607       0.6431
x669         COVAR   11740    0.0041249    0.0052518     0.030911      0.44692
x670         COVAR   11740     0.023671     0.030632     0.026553      0.18635
x671         COVAR   11740     -0.12212     -0.16088     0.038424      0.99926
x672         COVAR   11740     0.052406      0.06561     0.040515     0.097933
x673         COVAR   11740     0.044164     0.054845     0.034547      0.10057
x674         COVAR   11740    -0.022931    -0.028836     0.039647      0.71849
x675         COVAR   11740     0.062069     0.077396     0.044823      0.08308
x676         COVAR   11740     0.019303     0.024189     0.035383       0.2927
x677         COVAR   11740     -0.05349    -0.070098     0.036782      0.92705
x678         COVAR   11740     0.028191     0.035909     0.035775      0.21535
x679         COVAR   11740     -0.08804     -0.11357     0.038323      0.98919
x680         COVAR   11740     0.044686     0.057167     0.032839     0.086808
x681         COVAR   11740     -0.12668     -0.16047     0.045652      0.99723
x682         COVAR   11740     0.009337     0.011673     0.035688      0.39681
x683         COVAR   11740     0.060679     0.076215     0.038692     0.058426
x684         COVAR   11740    -0.013525    -0.017622     0.030374      0.67194
x685         COVAR   11740      0.11993       0.1517      0.03433   0.00023945
x686         COVAR   11740    0.0066647    0.0083705     0.034681      0.42381
x687         COVAR   11740   -0.0038791   -0.0048519     0.038909      0.53971
x688         COVAR   11740     0.049355      0.06324     0.028526     0.041815
x689         COVAR   11740    -0.093269     -0.11939     0.040343       0.9896
x690         COVAR   11740     0.045495     0.056504     0.033018     0.084132
x691         COVAR   11740    -0.079656     -0.10509     0.034797      0.98896
x692         COVAR   11740     0.046913     0.059591     0.034372     0.086163
x693         COVAR   11740     0.023423     0.030187     0.033446      0.24187
x694         COVAR   11740    -0.043795    -0.056138     0.037938      0.87581
x695         COVAR   11740    -0.015122     -0.01901      0.03669      0.65989
x696         COVAR   11740    -0.045478    -0.057981     0.037921      0.88478
x697         COVAR   11740    0.0071235    0.0092948     0.028648      0.40182
x698         COVAR   11740     -0.02053    -0.025954     0.037884      0.70605
x699         COVAR   11740    0.0069716    0.0093068     0.026374      0.39576
x700         COVAR   11740      0.11085      0.13462     0.048625     0.011325
x701         COVAR   11740     0.063226     0.077099     0.049097     0.098925
x702         COVAR   11740    -0.031593    -0.040467      0.03676      0.80494
x703         COVAR   11740     0.045155     0.057588     0.034262     0.093777
x704         COVAR   11740     0.046156     0.058116     0.044718      0.15101
x705         COVAR   11740     -0.13316     -0.17649     0.036006      0.99989
x706         COVAR   11740    -0.032409    -0.041574     0.036126      0.81516
x707         COVAR   11740    -0.055119    -0.068886     0.045618      0.88652
x708         COVAR   11740    -0.089053     -0.11899     0.036585      0.99253
x709         COVAR   11740    -0.036184    -0.045945     0.038037      0.82926
x710         COVAR   11740     0.012176     0.015671     0.035251       0.3649
x711         COVAR   11740    -0.036733    -0.047345     0.031502      0.87819
x712         COVAR   11740    -0.040497    -0.052232     0.037852      0.85765
x713         COVAR   11740     0.053785     0.072023     0.024268     0.013345
x714         COVAR   11740   -0.0089372    -0.011581     0.035942      0.59818
x715         COVAR   11740   -0.0094277    -0.012093     0.036614       0.6016
x716         COVAR   11740   -0.0038534   -0.0049776     0.033349      0.54599
x717         COVAR   11740    0.0049068     0.006262     0.039261      0.45027
x718         COVAR   11740    -0.029196    -0.038036     0.031695      0.82151
x719         COVAR   11740     0.023977       0.0296     0.040105      0.27497
x720         COVAR   11740    -0.038926    -0.048568     0.036688      0.85564
x721         COVAR   11740    -0.023736    -0.029948     0.034688      0.75309
x722         COVAR   11740    0.0046573    0.0058385     0.036298      0.44895
x723         COVAR   11740    -0.016506    -0.021737     0.028584      0.71818
x724         COVAR   11740     0.015292     0.019246     0.033549      0.32427
x725         COVAR   11740    -0.028454    -0.036146     0.036744      0.78064
x726         COVAR   11740    -0.025536    -0.031693     0.043938      0.71944
x727         COVAR   11740   -0.0068653   -0.0085126     0.042969      0.56347
x728         COVAR   11740     -0.14199      -0.1812     0.044874      0.99922
x729         COVAR   11740     0.027966     0.036335     0.026705      0.14751
x730         COVAR   11740     0.051939     0.067433     0.032171     0.053227
x731         COVAR   11740    -0.039465    -0.050312     0.041712      0.82795
x732         COVAR   11740      0.10192      0.12933     0.031472   0.00060246
x733         COVAR   11740     0.015885     0.020553     0.031397      0.30646
x734         COVAR   11740    -0.057211    -0.073453     0.036761      0.94017
x735         COVAR   11740     0.058923     0.074842     0.032562     0.035193
x736         COVAR   11740   -0.0035489   -0.0045882     0.034232      0.54128
x737         COVAR   11740    -0.046212    -0.061119     0.032791      0.92061
x738         COVAR   11740     0.042755     0.054094     0.039023      0.13663
x739         COVAR   11740     -0.10512      -0.1348     0.039918      0.99577
x740         COVAR   11740     0.065723      0.08164     0.042511     0.061066
x741         COVAR   11740    -0.075245     -0.09707     0.037249       0.9783
x742         COVAR   11740     -0.13275     -0.17449     0.039455      0.99962
x743         COVAR   11740      0.12506      0.15626     0.036006   0.00025796
x744         COVAR   11740  -0.00028099    -0.000368     0.027789      0.50403
x745         COVAR   11740    -0.049873    -0.065633       0.0323       0.9387
x746         COVAR   11740    -0.071276    -0.092175     0.036596      0.97426
x747         COVAR   11740   -0.0038559   -0.0050987     0.033885       0.5453
x748         COVAR   11740   -0.0027205   -0.0034137     0.041242       0.5263
x749         COVAR   11740      0.06116     0.079768     0.032394     0.029526
x750         COVAR   11740   -0.0010072   -0.0012409     0.045594      0.50881
x751         COVAR   11740    -0.037512    -0.048366     0.036159      0.85022
x752         COVAR   11740     0.077498     0.098082     0.032993    0.0094229
x753         COVAR   11740    -0.051016    -0.067293     0.034339       0.9313
x754         COVAR   11740      0.01729     0.021809     0.040464      0.33459
x755         COVAR   11740     0.024851     0.030821      0.03792      0.25613
x756         COVAR   11740    -0.020038    -0.026331     0.031326       0.7388
x757         COVAR   11740    -0.027395    -0.035611      0.03257      0.79985
x758         COVAR   11740     0.052134     0.065413     0.034597     0.065934
x759         COVAR   11740    -0.037835    -0.051268     0.029236      0.90218
x760         COVAR   11740     0.007399    0.0092885     0.042172      0.43036
x761         COVAR   11740    -0.055071    -0.070602     0.035998      0.93696
x762         COVAR   11740     0.026374     0.033457      0.04034      0.25663
x763         COVAR   11740     0.026444      0.03479     0.028902      0.18011
x764         COVAR   11740     0.061458     0.082438     0.022985    0.0037551
x765         COVAR   11740    -0.074574    -0.096511        0.033      0.98807
x766         COVAR   11740    -0.028641    -0.037536     0.031249       0.8203
x767         COVAR   11740    -0.055702    -0.071089     0.038759      0.92465
x768         COVAR   11740    -0.013235    -0.016535     0.041428      0.62532
x769         COVAR   11740    -0.046817    -0.060591     0.034014      0.91564
x770         COVAR   11740    -0.061202    -0.077842     0.036648      0.95252
x771         COVAR   11740     0.025364     0.032832     0.032983      0.22096
x772         COVAR   11740   -0.0065936   -0.0084714     0.038153       0.5686
x773         COVAR   11740    0.0064704    0.0079339      0.04616      0.44426
x774         COVAR   11740     0.038215     0.047965     0.034446      0.13364
x775         COVAR   11740       0.1007      0.12529     0.035584    0.0023324
x776         COVAR   11740     0.012042     0.015099     0.040059      0.38187
x777         COVAR   11740    0.0039255    0.0050726     0.034457      0.45465
x778         COVAR   11740     0.059501      0.07443     0.035028     0.044704
x779         COVAR   11740     0.061665     0.076706     0.044627     0.083535
x780         COVAR   11740     0.027395     0.035122     0.033195      0.20462
x781         COVAR   11740      0.10358      0.13064     0.031414   0.00048979
x782         COVAR   11740     0.022134     0.027372     0.039618       0.2882
x783         COVAR   11740     0.032587     0.044416     0.022014     0.069409
x784         COVAR   11740     0.046274     0.058179        0.032     0.074093
x785         COVAR   11740      0.13532      0.17324     0.032607    1.676e-05
x786         COVAR   11740    0.0099721      0.01238     0.039519      0.40039
x787         COVAR   11740   -0.0025969   -0.0033041     0.036411      0.52843
x788         COVAR   11740    -0.051132    -0.065283     0.036586      0.91887
x789         COVAR   11740     0.044299     0.055837     0.038482      0.12485
x790         COVAR   11740    -0.026567    -0.033339     0.040621      0.74344
x791         COVAR   11740    -0.020511     -0.02813     0.025911      0.78569
x792         COVAR   11740     0.039306      0.05142     0.028311     0.082525
x793         COVAR   11740     0.047211      0.05978       0.0337     0.080631
x794         COVAR   11740    -0.010776    -0.013585      0.03921      0.60827
x795         COVAR   11740     0.022194     0.028291     0.035876      0.26809
x796         COVAR   11740    -0.054033    -0.069888     0.037805      0.92352
x797         COVAR   11740     -0.10437     -0.13151     0.040161      0.99532
x798         COVAR   11740     0.037682     0.045738     0.037626      0.15831
x799         COVAR   11740  -0.00059318  -0.00077389     0.038077      0.50621
x800         COVAR   11740   0.00061276   0.00081958     0.029211      0.49163
x801         COVAR   11740     0.018142     0.023329     0.037766      0.31549
x802         COVAR   11740    -0.048796    -0.063133     0.034185      0.92325
x803         COVAR   11740    0.0039041    0.0050464     0.033961      0.45424
x804         COVAR   11740     0.057455     0.073446     0.035832     0.054431
x805         COVAR   11740    -0.006159   -0.0080248     0.035423      0.56901
x806         COVAR   11740     -0.06813    -0.088775     0.036667      0.96841
x807         COVAR   11740     -0.05676    -0.071867     0.038745      0.92852
x808         COVAR   11740    -0.028732    -0.035761     0.043933      0.74343
x809         COVAR   11740     0.055822     0.074589      0.02771     0.021989
x810         COVAR   11740     0.034995     0.044648     0.029616      0.11869
x811         COVAR   11740     0.011116      0.01456     0.034801       0.3747
x812         COVAR   11740     0.018108     0.022243     0.040284      0.32654
x813         COVAR   11740   -0.0031851   -0.0040197     0.035563      0.53568
x814         COVAR   11740     0.056522     0.072358      0.03608     0.058623
x815         COVAR   11740    -0.017947    -0.023183     0.034558      0.69823
x816         COVAR   11740     0.063818     0.079724     0.046649     0.085664
x817         COVAR   11740     0.022135     0.029692     0.026356      0.20051
x818         COVAR   11740      0.05925     0.077405     0.028081     0.017443
x819         COVAR   11740    0.0085424     0.011676     0.026263       0.3725
x820         COVAR   11740     0.059571     0.075629     0.031261     0.028365
x821         COVAR   11740   -0.0034827   -0.0050772     0.019008      0.57269
x822         COVAR   11740     0.010422     0.013404      0.03627      0.38693
x823         COVAR   11740     0.071221     0.089444     0.036362     0.025088
x824         COVAR   11740      0.01644     0.020552      0.03463      0.31749
x825         COVAR   11740     0.086185      0.10786      0.03856     0.012715
x826         COVAR   11740    -0.028023    -0.036605     0.034344      0.79273
x827         COVAR   11740    -0.090558     -0.11876     0.036234      0.99377
x828         COVAR   11740    -0.022269    -0.028098     0.036784      0.72754
x829         COVAR   11740    -0.024077    -0.029926     0.042085      0.71637
x830         COVAR   11740    -0.032563    -0.042225     0.034597      0.82669
x831         COVAR   11740    -0.018911    -0.024851     0.036206      0.69927
x832         COVAR   11740    -0.016487    -0.021222     0.036074      0.67617
x833         COVAR   11740    -0.033341    -0.041659     0.041956      0.78659
x834         COVAR   11740     0.044203     0.057229     0.033708     0.094882
x835         COVAR   11740    0.0058834    0.0077928     0.032599      0.42839
x836         COVAR   11740     0.022702     0.029828     0.024709      0.17911
x837         COVAR   11740  -0.00030955  -0.00040364     0.027876      0.50443
x838         COVAR   11740     0.034426     0.043268     0.034095      0.15632
x839         COVAR   11740    -0.015751     -0.02026     0.034769      0.67473
x840         COVAR   11740   -0.0027241   -0.0034758     0.036054      0.53011
x841         COVAR   11740   -0.0047387   -0.0060075     0.036314      0.55191
x842         COVAR   11740     0.087343      0.11034      0.03608    0.0077511
x843         COVAR   11740    0.0082447     0.010495     0.035643      0.40854
x844         COVAR   11740     -0.10336     -0.13405     0.040906      0.99424
x845         COVAR   11740    0.0092176     0.012071       0.0333      0.39097
x846         COVAR   11740     0.041437     0.052991     0.032519      0.10131
x847         COVAR   11740    -0.062868     -0.08059     0.035893      0.96006
x848         COVAR   11740     0.005793    0.0074368     0.030426       0.4245
x849         COVAR   11740    -0.082138     -0.10416     0.041277      0.97669
x850         COVAR   11740     0.030891     0.037449     0.039528      0.21727
x851         COVAR   11740     0.015555     0.020448      0.02563      0.27197
x852         COVAR   11740      0.02694      0.03515      0.03295       0.2068
x853         COVAR   11740     0.067021     0.082172     0.044685     0.066844
x854         COVAR   11740     0.049152     0.063394     0.034466     0.076933
x855         COVAR   11740     0.037198     0.047292     0.035995      0.15071
x856         COVAR   11740    -0.089751     -0.11378     0.039179        0.989
x857         COVAR   11740     0.077759     0.097072      0.03406     0.011225
x858         COVAR   11740     0.013447     0.017127     0.030969      0.33207
x859         COVAR   11740     0.035005     0.046582     0.026774      0.09555
x860         COVAR   11740    0.0021693    0.0028119     0.033179      0.47394
x861         COVAR   11740     0.053761     0.068409     0.036057     0.067995
x862         COVAR   11740    -0.056584    -0.074859      0.03366      0.95361
x863         COVAR   11740    -0.042014    -0.054192     0.033909      0.89231
x864         COVAR   11740    -0.086648     -0.11245     0.041862      0.98076
x865         COVAR   11740     0.093227      0.11862     0.032925    0.0023205
x866         COVAR   11740     0.084992      0.11169     0.028506    0.0014373
x867         COVAR   11740     0.012436     0.016616     0.028276      0.33005
x868         COVAR   11740    -0.054095      -0.0733      0.02953       0.9665
x869         COVAR   11740     -0.05236    -0.066355     0.038725      0.91181
x870         COVAR   11740    -0.025268    -0.032348     0.037488      0.74985
x871         COVAR   11740     0.043043     0.053662     0.037899      0.12804
x872         COVAR   11740    -0.018438    -0.024296     0.031969      0.71793
x873         COVAR   11740     0.024433     0.030997     0.038039      0.26034
x874         COVAR   11740     0.046922     0.059039     0.033861     0.082925
x875         COVAR   11740  -0.00087728   -0.0011016     0.042166       0.5083
x876         COVAR   11740    -0.071551    -0.093631     0.035317       0.9786
x877         COVAR   11740     0.025644      0.03295     0.031772      0.20981
x878         COVAR   11740      0.03391     0.042985     0.035915      0.17255
x879         COVAR   11740     0.024504     0.030651     0.038252       0.2609
x880         COVAR   11740    -0.043689    -0.055673     0.040354       0.8605
x881         COVAR   11740   -0.0081812    -0.010798     0.034206      0.59451
x882         COVAR   11740     0.069982      0.08543     0.046529     0.066296
x883         COVAR   11740    -0.037826    -0.046881     0.043943      0.80531
x884         COVAR   11740   -0.0097552    -0.012792     0.028722      0.63293
x885         COVAR   11740      0.01497     0.018973     0.034775      0.33343
x886         COVAR   11740     -0.14117     -0.18014     0.043976      0.99933
x887         COVAR   11740     0.030554     0.040792     0.025096      0.11172
x888         COVAR   11740     0.033557     0.043455     0.026203      0.10017
x889         COVAR   11740     0.036721      0.04585      0.04321      0.19772
x890         COVAR   11740    -0.047687    -0.059407     0.043452      0.86377
x891         COVAR   11740    -0.063481    -0.079292     0.043337       0.9285
x892         COVAR   11740    -0.022939    -0.029023     0.040632       0.7138
x893         COVAR   11740     0.034866     0.044277     0.036663      0.17082
x894         COVAR   11740    -0.020835    -0.026716     0.035466      0.72154
x895         COVAR   11740     0.012314     0.015974     0.027426      0.32673
x896         COVAR   11740    -0.041672    -0.053703     0.033824      0.89102
x897         COVAR   11740     0.053098     0.068539     0.033182     0.054791
x898         COVAR   11740    -0.021118    -0.027872     0.029366      0.76396
x899         COVAR   11740    -0.010558     -0.01327     0.040039      0.60399
x900         COVAR   11740    -0.058937    -0.073779     0.042947      0.91501
x901         COVAR   11740     0.013714     0.017137     0.035933      0.35137
x902         COVAR   11740    -0.022963    -0.029846     0.033712      0.75211
x903         COVAR   11740   -0.0080042    -0.010121     0.038112      0.58317
x904         COVAR   11740    0.0039291    0.0050375     0.041589      0.46237
x905         COVAR   11740    -0.024295    -0.031155     0.035954      0.75039
x906         COVAR   11740    -0.094512     -0.12191     0.037582      0.99404
x907         COVAR   11740     0.003773    0.0047569     0.038313      0.46078
x908         COVAR   11740    -0.082353     -0.10569      0.03751      0.98592
x909         COVAR   11740    -0.038283    -0.047602     0.041838       0.8199
x910         COVAR   11740    -0.020473    -0.026475     0.036197      0.71416
x911         COVAR   11740    -0.010676    -0.013667     0.036987      0.61357
x912         COVAR   11740    -0.062842    -0.081582     0.036847      0.95593
x913         COVAR   11740    -0.053925    -0.067875     0.039046      0.91636
x914         COVAR   11740    -0.090117     -0.11658     0.040372      0.98719
x915         COVAR   11740     0.020009      0.02526     0.039386      0.30572
x916         COVAR   11740     0.044815     0.056787     0.042543      0.14609
x917         COVAR   11740     0.011357     0.014415     0.035798      0.37553
x918         COVAR   11740       0.1298      0.15774     0.036948   0.00022237
x919         COVAR   11740   -0.0014436    -0.001967     0.023095      0.52492
x920         COVAR   11740     0.058809     0.076758      0.02574     0.011175
x921         COVAR   11740   -0.0077331   -0.0096785     0.039325      0.57795
x922         COVAR   11740    -0.033504    -0.042572     0.039284      0.80312
x923         COVAR   11740    -0.048646     -0.06348     0.036008      0.91164
x924         COVAR   11740     0.020587     0.026189     0.037598        0.292
x925         COVAR   11740    0.0018254    0.0023571     0.033223      0.47809
x926         COVAR   11740    0.0041466    0.0053251     0.037231      0.45566
x927         COVAR   11740    -0.058233      -0.0752     0.038005      0.93725
x928         COVAR   11740     -0.11208     -0.14909     0.034332      0.99945
x929         COVAR   11740      0.04258     0.057279      0.02536     0.046585
x930         COVAR   11740     -0.10651     -0.13349     0.042276      0.99411
x931         COVAR   11740     0.031909     0.041285     0.033837      0.17284
x932         COVAR   11740     0.044379     0.054288     0.045454      0.16446
x933         COVAR   11740   -0.0017127   -0.0021702     0.040498      0.51687
x934         COVAR   11740    -0.074763    -0.097293     0.037032      0.97824
x935         COVAR   11740     0.035071     0.046369     0.025111     0.081277
x936         COVAR   11740    -0.083212     -0.11018     0.037802      0.98613
x937         COVAR   11740    -0.010176    -0.013014     0.041736      0.59632
x938         COVAR   11740    -0.014029    -0.017619      0.04261      0.62901
x939         COVAR   11740     0.041279     0.052662     0.040451      0.15377
x940         COVAR   11740    -0.020821    -0.026017      0.04323      0.68496
x941         COVAR   11740     0.037394     0.048559     0.032465      0.12471
x942         COVAR   11740    -0.037097    -0.047216     0.036829      0.84309
x943         COVAR   11740     -0.10638     -0.13924     0.037191      0.99788
x944         COVAR   11740    -0.029351    -0.037116      0.03853      0.77689
x945         COVAR   11740    0.0010537    0.0013324     0.037521       0.4888
x946         COVAR   11740    -0.035944    -0.046621     0.033563      0.85789
x947         COVAR   11740    -0.028616    -0.038458     0.026998      0.85541
x948         COVAR   11740     0.013767     0.017566     0.037376      0.35631
x949         COVAR   11740    -0.023262    -0.029187     0.041199      0.71383
x950         COVAR   11740    -0.065783    -0.084796     0.039178      0.95342
x951         COVAR   11740    -0.012892    -0.016429     0.038519      0.63107
x952         COVAR   11740     -0.02228    -0.028764     0.037673      0.72287
x953         COVAR   11740     0.053938     0.071661     0.024834     0.014942
x954         COVAR   11740    -0.055431    -0.069931     0.041483      0.90925
x955         COVAR   11740     0.071392     0.092729      0.03285      0.01489
x956         COVAR   11740    -0.097719     -0.12622     0.036798      0.99604
x957         COVAR   11740   -0.0038824   -0.0050985     0.032564      0.54745
x958         COVAR   11740    -0.064095    -0.083703     0.035573       0.9642
x959         COVAR   11740    0.0097378     0.012374     0.030705      0.37557
x960         COVAR   11740    -0.067725    -0.088497     0.033903      0.97711
x961         COVAR   11740    0.0085341     0.010705     0.043184      0.42167
x962         COVAR   11740      0.11683       0.1428     0.041573    0.0024797
x963         COVAR   11740     -0.02243    -0.029019     0.034029      0.74509
x964         COVAR   11740    -0.034698    -0.043279     0.045265      0.77832
x965         COVAR   11740     0.021857     0.026778     0.046706      0.31991
x966         COVAR   11740    -0.040149    -0.052132     0.032837      0.88926
x967         COVAR   11740    0.0019722    0.0026207     0.031295      0.47488
x968         COVAR   11740    -0.016855    -0.022199      0.03351       0.6925
x969         COVAR   11740    -0.097191     -0.12177     0.045295      0.98404
x970         COVAR   11740    -0.017431     -0.02197     0.043479      0.65575
x971         COVAR   11740    0.0017474    0.0023358     0.028939      0.47593
x972         COVAR   11740    0.0066392    0.0081398     0.043512      0.43937
x973         COVAR   11740    -0.016056    -0.020578      0.03434      0.67995
x974         COVAR   11740     -0.10401      -0.1313     0.041922      0.99344
x975         COVAR   11740      -0.0174    -0.021898     0.039192      0.67146
x976         COVAR   11740   -0.0012493   -0.0017686     0.024938      0.51998
x977         COVAR   11740    -0.087308     -0.11031     0.040163      0.98513
x978         COVAR   11740    -0.093077     -0.12176     0.040443      0.98931
x979         COVAR   11740    -0.029619    -0.036939     0.036327      0.79256
x980         COVAR   11740     0.039967     0.050888     0.041364      0.16697
x981         COVAR   11740   -0.0038627    -0.005021     0.035881      0.54286
x982         COVAR   11740    -0.035654    -0.046852     0.035825      0.84017
x983         COVAR   11740     0.050239     0.063705     0.040763       0.1089
x984         COVAR   11740     0.034867     0.049112     0.024245     0.075221
x985         COVAR   11740    -0.044372    -0.056915       0.0368      0.88604
x986         COVAR   11740    0.0018481    0.0024047     0.030272      0.47566
x987         COVAR   11740     -0.07213    -0.092791     0.041943      0.95724
x988         COVAR   11740     0.075506     0.096588     0.034275     0.013809
x989         COVAR   11740    0.0093314     0.012222     0.031916        0.385
x990         COVAR   11740     0.032271     0.041908     0.033824      0.17004
x991         COVAR   11740     0.057936      0.07553     0.027715     0.018303
x992         COVAR   11740     0.019049     0.023832     0.036971       0.3032
x993         COVAR   11740     -0.16444     -0.20866     0.046139      0.99982
x994         COVAR   11740      0.06236     0.077581     0.040938      0.06386
x995         COVAR   11740     0.029549     0.039529     0.026071      0.12853
x996         COVAR   11740     0.044074     0.058399     0.030969      0.07736
x997         COVAR   11740     0.033071     0.042248     0.029653      0.13238
x998         COVAR   11740      0.13307      0.16073     0.038073   0.00023788
x999         COVAR   11740    -0.031478    -0.039989     0.042046      0.77296
x1000        COVAR   11740     0.017411     0.022076     0.041026      0.33565
x1001        COVAR   11740    0.0089315     0.011159     0.032071      0.39032
x1002        COVAR   11740   -0.0097003    -0.011919     0.044012      0.58722
x1003        COVAR   11740     0.011779     0.016355      0.02389      0.31099
x1004        COVAR   11740    -0.032437    -0.041109     0.043539      0.77186
x1005        COVAR   11740    -0.080266     -0.10192     0.037165      0.98459
x1006        COVAR   11740    -0.015283    -0.019856     0.034075       0.6731
